Archive member included to satisfy reference by file (symbol)

/usr/lib/gcc/arm-none-eabi/10.3.1/../../../arm-none-eabi/lib/thumb/v7-m/nofp/libc_nano.a(lib_a-atexit.o)
                              /usr/lib/gcc/arm-none-eabi/10.3.1/../../../arm-none-eabi/lib/thumb/v7-m/nofp/crt0.o (atexit)
/usr/lib/gcc/arm-none-eabi/10.3.1/../../../arm-none-eabi/lib/thumb/v7-m/nofp/libc_nano.a(lib_a-errno.o)
                              build/syscalls.o (__errno)
/usr/lib/gcc/arm-none-eabi/10.3.1/../../../arm-none-eabi/lib/thumb/v7-m/nofp/libc_nano.a(lib_a-exit.o)
                              /usr/lib/gcc/arm-none-eabi/10.3.1/../../../arm-none-eabi/lib/thumb/v7-m/nofp/crt0.o (exit)
/usr/lib/gcc/arm-none-eabi/10.3.1/../../../arm-none-eabi/lib/thumb/v7-m/nofp/libc_nano.a(lib_a-fini.o)
                              /usr/lib/gcc/arm-none-eabi/10.3.1/../../../arm-none-eabi/lib/thumb/v7-m/nofp/crt0.o (__libc_fini_array)
/usr/lib/gcc/arm-none-eabi/10.3.1/../../../arm-none-eabi/lib/thumb/v7-m/nofp/libc_nano.a(lib_a-impure.o)
                              /usr/lib/gcc/arm-none-eabi/10.3.1/../../../arm-none-eabi/lib/thumb/v7-m/nofp/libc_nano.a(lib_a-exit.o) (_global_impure_ptr)
/usr/lib/gcc/arm-none-eabi/10.3.1/../../../arm-none-eabi/lib/thumb/v7-m/nofp/libc_nano.a(lib_a-init.o)
                              /usr/lib/gcc/arm-none-eabi/10.3.1/../../../arm-none-eabi/lib/thumb/v7-m/nofp/crt0.o (__libc_init_array)
/usr/lib/gcc/arm-none-eabi/10.3.1/../../../arm-none-eabi/lib/thumb/v7-m/nofp/libc_nano.a(lib_a-memset.o)
                              /usr/lib/gcc/arm-none-eabi/10.3.1/../../../arm-none-eabi/lib/thumb/v7-m/nofp/crt0.o (memset)
/usr/lib/gcc/arm-none-eabi/10.3.1/../../../arm-none-eabi/lib/thumb/v7-m/nofp/libc_nano.a(lib_a-nano-vfprintf_float.o)
                              (_printf_float)
/usr/lib/gcc/arm-none-eabi/10.3.1/../../../arm-none-eabi/lib/thumb/v7-m/nofp/libc_nano.a(lib_a-nano-vfprintf_i.o)
                              /usr/lib/gcc/arm-none-eabi/10.3.1/../../../arm-none-eabi/lib/thumb/v7-m/nofp/libc_nano.a(lib_a-nano-vfprintf_float.o) (_printf_common)
/usr/lib/gcc/arm-none-eabi/10.3.1/../../../arm-none-eabi/lib/thumb/v7-m/nofp/libc_nano.a(lib_a-strlen-stub.o)
                              /usr/lib/gcc/arm-none-eabi/10.3.1/../../../arm-none-eabi/lib/thumb/v7-m/nofp/libc_nano.a(lib_a-nano-vfprintf_float.o) (strlen)
/usr/lib/gcc/arm-none-eabi/10.3.1/../../../arm-none-eabi/lib/thumb/v7-m/nofp/libc_nano.a(lib_a-__atexit.o)
                              /usr/lib/gcc/arm-none-eabi/10.3.1/../../../arm-none-eabi/lib/thumb/v7-m/nofp/libc_nano.a(lib_a-atexit.o) (__register_exitproc)
/usr/lib/gcc/arm-none-eabi/10.3.1/../../../arm-none-eabi/lib/thumb/v7-m/nofp/libc_nano.a(lib_a-__call_atexit.o)
                              /usr/lib/gcc/arm-none-eabi/10.3.1/../../../arm-none-eabi/lib/thumb/v7-m/nofp/libc_nano.a(lib_a-__atexit.o) (__call_exitprocs)
/usr/lib/gcc/arm-none-eabi/10.3.1/../../../arm-none-eabi/lib/thumb/v7-m/nofp/libc_nano.a(lib_a-dtoa.o)
                              /usr/lib/gcc/arm-none-eabi/10.3.1/../../../arm-none-eabi/lib/thumb/v7-m/nofp/libc_nano.a(lib_a-nano-vfprintf_float.o) (_dtoa_r)
/usr/lib/gcc/arm-none-eabi/10.3.1/../../../arm-none-eabi/lib/thumb/v7-m/nofp/libc_nano.a(lib_a-localeconv.o)
                              /usr/lib/gcc/arm-none-eabi/10.3.1/../../../arm-none-eabi/lib/thumb/v7-m/nofp/libc_nano.a(lib_a-nano-vfprintf_float.o) (_localeconv_r)
/usr/lib/gcc/arm-none-eabi/10.3.1/../../../arm-none-eabi/lib/thumb/v7-m/nofp/libc_nano.a(lib_a-malloc.o)
                              /usr/lib/gcc/arm-none-eabi/10.3.1/../../../arm-none-eabi/lib/thumb/v7-m/nofp/libc_nano.a(lib_a-dtoa.o) (malloc)
/usr/lib/gcc/arm-none-eabi/10.3.1/../../../arm-none-eabi/lib/thumb/v7-m/nofp/libc_nano.a(lib_a-memchr-stub.o)
                              /usr/lib/gcc/arm-none-eabi/10.3.1/../../../arm-none-eabi/lib/thumb/v7-m/nofp/libc_nano.a(lib_a-nano-vfprintf_i.o) (memchr)
/usr/lib/gcc/arm-none-eabi/10.3.1/../../../arm-none-eabi/lib/thumb/v7-m/nofp/libc_nano.a(lib_a-memcpy.o)
                              /usr/lib/gcc/arm-none-eabi/10.3.1/../../../arm-none-eabi/lib/thumb/v7-m/nofp/libc_nano.a(lib_a-dtoa.o) (memcpy)
/usr/lib/gcc/arm-none-eabi/10.3.1/../../../arm-none-eabi/lib/thumb/v7-m/nofp/libc_nano.a(lib_a-mprec.o)
                              /usr/lib/gcc/arm-none-eabi/10.3.1/../../../arm-none-eabi/lib/thumb/v7-m/nofp/libc_nano.a(lib_a-dtoa.o) (_Balloc)
/usr/lib/gcc/arm-none-eabi/10.3.1/../../../arm-none-eabi/lib/thumb/v7-m/nofp/libc_nano.a(lib_a-nano-callocr.o)
                              /usr/lib/gcc/arm-none-eabi/10.3.1/../../../arm-none-eabi/lib/thumb/v7-m/nofp/libc_nano.a(lib_a-mprec.o) (_calloc_r)
/usr/lib/gcc/arm-none-eabi/10.3.1/../../../arm-none-eabi/lib/thumb/v7-m/nofp/libc_nano.a(lib_a-nano-freer.o)
                              /usr/lib/gcc/arm-none-eabi/10.3.1/../../../arm-none-eabi/lib/thumb/v7-m/nofp/libc_nano.a(lib_a-malloc.o) (_free_r)
[...]
Memory Configuration

Name             Origin             Length             Attributes
RAM              0x0000000020000000 0x0000000000005000 xrw
FLASH            0x0000000008000000 0x0000000000010000 xr
*default*        0x0000000000000000 0xffffffffffffffff

Linker script and memory map

LOAD /usr/lib/gcc/arm-none-eabi/10.3.1/thumb/v7-m/nofp/crti.o
LOAD /usr/lib/gcc/arm-none-eabi/10.3.1/thumb/v7-m/nofp/crtbegin.o
LOAD /usr/lib/gcc/arm-none-eabi/10.3.1/../../../arm-none-eabi/lib/thumb/v7-m/nofp/crt0.o
LOAD build/main.o
LOAD build/gpio.o
LOAD build/i2c.o
LOAD build/usart.o
LOAD build/syscalls.o
LOAD build/mpu_9250.o
LOAD build/printf.o
LOAD build/FusionAhrs.o
LOAD build/FusionCompass.o
LOAD build/FusionOffset.o
LOAD build/stm32f1xx_it.o
LOAD build/stm32f1xx_hal_msp.o
LOAD build/stm32f1xx_hal_gpio_ex.o
LOAD build/stm32f1xx_hal_i2c.o
LOAD build/stm32f1xx_hal.o
LOAD build/stm32f1xx_hal_rcc.o
LOAD build/stm32f1xx_hal_rcc_ex.o
LOAD build/stm32f1xx_hal_gpio.o
LOAD build/stm32f1xx_hal_dma.o
LOAD build/stm32f1xx_hal_cortex.o
LOAD build/stm32f1xx_hal_pwr.o
LOAD build/stm32f1xx_hal_flash.o
LOAD build/stm32f1xx_hal_flash_ex.o
LOAD build/stm32f1xx_hal_exti.o
LOAD build/stm32f1xx_hal_tim.o
LOAD build/stm32f1xx_hal_tim_ex.o
LOAD build/stm32f1xx_hal_uart.o
LOAD build/system_stm32f1xx.o
LOAD build/startup_stm32f103xb.o
LOAD /usr/lib/gcc/arm-none-eabi/10.3.1/../../../arm-none-eabi/lib/thumb/v7-m/nofp/libc_nano.a
LOAD /usr/lib/gcc/arm-none-eabi/10.3.1/../../../arm-none-eabi/lib/thumb/v7-m/nofp/libm.a
LOAD /usr/lib/gcc/arm-none-eabi/10.3.1/../../../arm-none-eabi/lib/thumb/v7-m/nofp/libnosys.a
START GROUP
LOAD /usr/lib/gcc/arm-none-eabi/10.3.1/thumb/v7-m/nofp/libgcc.a
LOAD /usr/lib/gcc/arm-none-eabi/10.3.1/../../../arm-none-eabi/lib/thumb/v7-m/nofp/libc_nano.a
END GROUP
START GROUP
LOAD /usr/lib/gcc/arm-none-eabi/10.3.1/thumb/v7-m/nofp/libgcc.a
LOAD /usr/lib/gcc/arm-none-eabi/10.3.1/../../../arm-none-eabi/lib/thumb/v7-m/nofp/libc_nano.a
END GROUP
LOAD /usr/lib/gcc/arm-none-eabi/10.3.1/thumb/v7-m/nofp/crtend.o
LOAD /usr/lib/gcc/arm-none-eabi/10.3.1/thumb/v7-m/nofp/crtn.o
                0x0000000020005000                _estack = (ORIGIN (RAM) + LENGTH (RAM))
                0x0000000000000200                _Min_Heap_Size = 0x200
                0x0000000000000400                _Min_Stack_Size = 0x400

.isr_vector     0x0000000008000000      0x10c
                0x0000000008000000                . = ALIGN (0x4)
 *(.isr_vector)
 .isr_vector    0x0000000008000000      0x10c build/startup_stm32f103xb.o
                0x0000000008000000                g_pfnVectors
                0x000000000800010c                . = ALIGN (0x4)

.text           0x0000000008000110     0xbcfc
                0x0000000008000110                . = ALIGN (0x4)
 *(.text)
 .text          0x0000000008000110       0x88 /usr/lib/gcc/arm-none-eabi/10.3.1/thumb/v7-m/nofp/crtbegin.o
 .text          0x0000000008000198        0xc /usr/lib/gcc/arm-none-eabi/10.3.1/../../../arm-none-eabi/lib/thumb/v7-m/nofp/libc_nano.a(lib_a-errno.o)
                0x0000000008000198                __errno
 .text          0x00000000080001a4       0x48 /usr/lib/gcc/arm-none-eabi/10.3.1/../../../arm-none-eabi/lib/thumb/v7-m/nofp/libc_nano.a(lib_a-init.o)
                0x00000000080001a4                __libc_init_array
 .text          0x00000000080001ec       0xa4 /usr/lib/gcc/arm-none-eabi/10.3.1/../../../arm-none-eabi/lib/thumb/v7-m/nofp/libc_nano.a(lib_a-memset.o)
                0x00000000080001ec                memset
 .text          0x0000000008000290      0x6e4 /usr/lib/gcc/arm-none-eabi/10.3.1/../../../arm-none-eabi/lib/thumb/v7-m/nofp/libc_nano.a(lib_a-nano-vfprintf_float.o)
                0x0000000008000290                __cvt
                0x0000000008000384                __exponent
                0x0000000008000420                _printf_float
 .text          0x0000000008000974      0x3d8 /usr/lib/gcc/arm-none-eabi/10.3.1/../../../arm-none-eabi/lib/thumb/v7-m/nofp/libc_nano.a(lib_a-nano-vfprintf_i.o)
                0x0000000008000974                _printf_common
                0x0000000008000aa0                _printf_i
 .text          0x0000000008000d4c       0x5c /usr/lib/gcc/arm-none-eabi/10.3.1/../../../arm-none-eabi/lib/thumb/v7-m/nofp/libc_nano.a(lib_a-strlen-stub.o)
                0x0000000008000d4c                strlen
 .text          0x0000000008000da8     0x1034 /usr/lib/gcc/arm-none-eabi/10.3.1/../../../arm-none-eabi/lib/thumb/v7-m/nofp/libc_nano.a(lib_a-dtoa.o)
                0x0000000008000ed4                _dtoa_r
 .text          0x0000000008001ddc       0x14 /usr/lib/gcc/arm-none-eabi/10.3.1/../../../arm-none-eabi/lib/thumb/v7-m/nofp/libc_nano.a(lib_a-localeconv.o)
                0x0000000008001ddc                __localeconv_l
                0x0000000008001de0                _localeconv_r
                0x0000000008001de8                localeconv
 .text          0x0000000008001df0       0x20 /usr/lib/gcc/arm-none-eabi/10.3.1/../../../arm-none-eabi/lib/thumb/v7-m/nofp/libc_nano.a(lib_a-malloc.o)
                0x0000000008001df0                malloc
                0x0000000008001e00                free
 .text          0x0000000008001e10       0x90 /usr/lib/gcc/arm-none-eabi/10.3.1/../../../arm-none-eabi/lib/thumb/v7-m/nofp/libc_nano.a(lib_a-memchr-stub.o)
                0x0000000008001e10                memchr
 .text          0x0000000008001ea0       0xec /usr/lib/gcc/arm-none-eabi/10.3.1/../../../arm-none-eabi/lib/thumb/v7-m/nofp/libc_nano.a(lib_a-memcpy.o)
                0x0000000008001ea0                memcpy
 .text          0x0000000008001f8c      0xabc /usr/lib/gcc/arm-none-eabi/10.3.1/../../../arm-none-eabi/lib/thumb/v7-m/nofp/libc_nano.a(lib_a-mprec.o)
                0x0000000008001f8c                _Balloc
                0x000000000800200c                _Bfree
                0x0000000008002054                __multadd
                0x00000000080020f0                __s2b
                0x00000000080021a4                __hi0bits
                0x00000000080021e4                __lo0bits
                0x000000000800223c                __i2b
                0x0000000008002268                __multiply
                0x00000000080023c4                __pow5mult
                0x00000000080024a4                __lshift
                0x000000000800258c                __mcmp
                0x00000000080025cc                __mdiff
                0x0000000008002718                __ulp
                0x000000000800275c                __b2d
                0x000000000800282c                __d2b
                0x00000000080028f0                __ratio
                0x0000000008002950                _mprec_log10
                0x0000000008002988                __copybits
                0x00000000080029e8                __any_on
 .text          0x0000000008002a48       0x1c /usr/lib/gcc/arm-none-eabi/10.3.1/../../../arm-none-eabi/lib/thumb/v7-m/nofp/libc_nano.a(lib_a-nano-callocr.o)
                0x0000000008002a48                _calloc_r
 .text          0x0000000008002a64       0xcc /usr/lib/gcc/arm-none-eabi/10.3.1/../../../arm-none-eabi/lib/thumb/v7-m/nofp/libc_nano.a(lib_a-nano-freer.o)
                0x0000000008002a64                _free_r
 .text          0x0000000008002b30       0xb8 /usr/lib/gcc/arm-none-eabi/10.3.1/../../../arm-none-eabi/lib/thumb/v7-m/nofp/libc_nano.a(lib_a-nano-mallocr.o)
                0x0000000008002b30                _malloc_r
 .text          0x0000000008002be8       0x24 /usr/lib/gcc/arm-none-eabi/10.3.1/../../../arm-none-eabi/lib/thumb/v7-m/nofp/libc_nano.a(lib_a-sbrkr.o)
                0x0000000008002be8                _sbrk_r
 .text          0x0000000008002c0c       0x4c /usr/lib/gcc/arm-none-eabi/10.3.1/../../../arm-none-eabi/lib/thumb/v7-m/nofp/libc_nano.a(lib_a-assert.o)
                0x0000000008002c0c                __assert_func
                0x0000000008002c4c                __assert
 .text          0x0000000008002c58       0x44 /usr/lib/gcc/arm-none-eabi/10.3.1/../../../arm-none-eabi/lib/thumb/v7-m/nofp/libc_nano.a(lib_a-fprintf.o)
                0x0000000008002c58                _fprintf_r
                0x0000000008002c58                _fiprintf_r
                0x0000000008002c74                fprintf
                0x0000000008002c74                fiprintf
 .text          0x0000000008002c9c       0x40 /usr/lib/gcc/arm-none-eabi/10.3.1/../../../arm-none-eabi/lib/thumb/v7-m/nofp/libc_nano.a(lib_a-mbtowc_r.o)
                0x0000000008002c9c                _mbtowc_r
                0x0000000008002cb0                __ascii_mbtowc
 .text          0x0000000008002cdc        0x8 /usr/lib/gcc/arm-none-eabi/10.3.1/../../../arm-none-eabi/lib/thumb/v7-m/nofp/libc_nano.a(lib_a-mlock.o)
                0x0000000008002cdc                __malloc_lock
                0x0000000008002ce0                __malloc_unlock
 .text          0x0000000008002ce4      0x320 /usr/lib/gcc/arm-none-eabi/10.3.1/../../../arm-none-eabi/lib/thumb/v7-m/nofp/libc_nano.a(lib_a-nano-vfprintf.o)
                0x0000000008002d0c                __sfputs_r
                0x0000000008002d3c                __sprint_r
                0x0000000008002d58                _vfiprintf_r
                0x0000000008002d58                _vfprintf_r
                0x0000000008002fe8                vfiprintf
                0x0000000008002fe8                vfprintf
 .text          0x0000000008003004       0xc4 /usr/lib/gcc/arm-none-eabi/10.3.1/../../../arm-none-eabi/lib/thumb/v7-m/nofp/libc_nano.a(lib_a-wbuf.o)
                0x0000000008003004                __swbuf_r
                0x00000000080030b4                __swbuf
 .text          0x00000000080030c8       0x30 /usr/lib/gcc/arm-none-eabi/10.3.1/../../../arm-none-eabi/lib/thumb/v7-m/nofp/libc_nano.a(lib_a-wctomb_r.o)
                0x00000000080030c8                _wctomb_r
                0x00000000080030dc                __ascii_wctomb
 .text          0x00000000080030f8      0x104 /usr/lib/gcc/arm-none-eabi/10.3.1/../../../arm-none-eabi/lib/thumb/v7-m/nofp/libc_nano.a(lib_a-wsetup.o)
                0x00000000080030f8                __swsetup_r
 .text          0x00000000080031fc       0x10 /usr/lib/gcc/arm-none-eabi/10.3.1/../../../arm-none-eabi/lib/thumb/v7-m/nofp/libc_nano.a(lib_a-abort.o)
                0x00000000080031fc                abort
 .text          0x000000000800320c      0x1dc /usr/lib/gcc/arm-none-eabi/10.3.1/../../../arm-none-eabi/lib/thumb/v7-m/nofp/libc_nano.a(lib_a-fflush.o)
                0x000000000800320c                __sflush_r
                0x0000000008003314                _fflush_r
                0x0000000008003368                fflush
 .text          0x00000000080033e8      0x230 /usr/lib/gcc/arm-none-eabi/10.3.1/../../../arm-none-eabi/lib/thumb/v7-m/nofp/libc_nano.a(lib_a-findfp.o)
                0x00000000080033ec                _cleanup_r
                0x00000000080033fc                __sfmoreglue
                0x000000000800342c                __sfp
                0x00000000080035c4                _cleanup
                0x00000000080035d8                __sinit
                0x00000000080035e0                __sfp_lock_acquire
                0x00000000080035e4                __sfp_lock_release
                0x00000000080035e8                __sinit_lock_acquire
                0x00000000080035ec                __sinit_lock_release
                0x00000000080035f0                __fp_lock_all
                0x0000000008003604                __fp_unlock_all
 .text          0x0000000008003618      0x2f0 /usr/lib/gcc/arm-none-eabi/10.3.1/../../../arm-none-eabi/lib/thumb/v7-m/nofp/libc_nano.a(lib_a-fvwrite.o)
                0x0000000008003618                __sfvwrite_r
 .text          0x0000000008003908       0x88 /usr/lib/gcc/arm-none-eabi/10.3.1/../../../arm-none-eabi/lib/thumb/v7-m/nofp/libc_nano.a(lib_a-fwalk.o)
                0x0000000008003908                _fwalk
                0x0000000008003948                _fwalk_reent
 .text          0x0000000008003990      0x11c /usr/lib/gcc/arm-none-eabi/10.3.1/../../../arm-none-eabi/lib/thumb/v7-m/nofp/libc_nano.a(lib_a-makebuf.o)
                0x0000000008003990                __smakebuf_r
                0x0000000008003a50                __swhatbuf_r
 .text          0x0000000008003aac       0xf8 /usr/lib/gcc/arm-none-eabi/10.3.1/../../../arm-none-eabi/lib/thumb/v7-m/nofp/libc_nano.a(lib_a-memmove.o)
                0x0000000008003aac                memmove
 .text          0x0000000008003ba4       0x50 /usr/lib/gcc/arm-none-eabi/10.3.1/../../../arm-none-eabi/lib/thumb/v7-m/nofp/libc_nano.a(lib_a-nano-reallocr.o)
                0x0000000008003ba4                _realloc_r
 .text          0x0000000008003bf4      0x26c /usr/lib/gcc/arm-none-eabi/10.3.1/../../../arm-none-eabi/lib/thumb/v7-m/nofp/libc_nano.a(lib_a-signal.o)
                0x0000000008003bf4                _init_signal_r
                0x0000000008003c20                _signal_r
                0x0000000008003c68                _raise_r
                0x0000000008003cbc                __sigtramp_r
                0x0000000008003d20                raise
                0x0000000008003d78                signal
                0x0000000008003dc8                _init_signal
                0x0000000008003dfc                __sigtramp
 .text          0x0000000008003e60       0x2c /usr/lib/gcc/arm-none-eabi/10.3.1/../../../arm-none-eabi/lib/thumb/v7-m/nofp/libc_nano.a(lib_a-signalr.o)
                0x0000000008003e60                _kill_r
                0x0000000008003e88                _getpid_r
 .text          0x0000000008003e8c       0x90 /usr/lib/gcc/arm-none-eabi/10.3.1/../../../arm-none-eabi/lib/thumb/v7-m/nofp/libc_nano.a(lib_a-stdio.o)
                0x0000000008003e8c                __sread
                0x0000000008003eb0                __seofread
                0x0000000008003eb4                __swrite
                0x0000000008003ef4                __sseek
                0x0000000008003f14                __sclose
 .text          0x0000000008003f1c       0x2c /usr/lib/gcc/arm-none-eabi/10.3.1/../../../arm-none-eabi/lib/thumb/v7-m/nofp/libc_nano.a(lib_a-writer.o)
                0x0000000008003f1c                _write_r
 .text          0x0000000008003f48       0x24 /usr/lib/gcc/arm-none-eabi/10.3.1/../../../arm-none-eabi/lib/thumb/v7-m/nofp/libc_nano.a(lib_a-closer.o)
                0x0000000008003f48                _close_r
 .text          0x0000000008003f6c       0x28 /usr/lib/gcc/arm-none-eabi/10.3.1/../../../arm-none-eabi/lib/thumb/v7-m/nofp/libc_nano.a(lib_a-fstatr.o)
                0x0000000008003f6c                _fstat_r
 .text          0x0000000008003f94       0x24 /usr/lib/gcc/arm-none-eabi/10.3.1/../../../arm-none-eabi/lib/thumb/v7-m/nofp/libc_nano.a(lib_a-isattyr.o)
                0x0000000008003f94                _isatty_r
 .text          0x0000000008003fb8       0x2c /usr/lib/gcc/arm-none-eabi/10.3.1/../../../arm-none-eabi/lib/thumb/v7-m/nofp/libc_nano.a(lib_a-lseekr.o)
                0x0000000008003fb8                _lseek_r
 .text          0x0000000008003fe4       0x14 /usr/lib/gcc/arm-none-eabi/10.3.1/../../../arm-none-eabi/lib/thumb/v7-m/nofp/libc_nano.a(lib_a-nano-msizer.o)
                0x0000000008003fe4                _malloc_usable_size_r
 .text          0x0000000008003ff8       0x2c /usr/lib/gcc/arm-none-eabi/10.3.1/../../../arm-none-eabi/lib/thumb/v7-m/nofp/libc_nano.a(lib_a-readr.o)
                0x0000000008003ff8                _read_r
 .text          0x0000000008004024       0x70 /usr/lib/gcc/arm-none-eabi/10.3.1/../../../arm-none-eabi/lib/thumb/v7-m/nofp/libm.a(lib_a-sf_cos.o)
                0x0000000008004024                cosf
 .text          0x0000000008004094       0x74 /usr/lib/gcc/arm-none-eabi/10.3.1/../../../arm-none-eabi/lib/thumb/v7-m/nofp/libm.a(lib_a-sf_sin.o)
                0x0000000008004094                sinf
 .text          0x0000000008004108       0x50 /usr/lib/gcc/arm-none-eabi/10.3.1/../../../arm-none-eabi/lib/thumb/v7-m/nofp/libm.a(lib_a-wf_asin.o)
                0x0000000008004108                asinf
 .text          0x0000000008004158        0x4 /usr/lib/gcc/arm-none-eabi/10.3.1/../../../arm-none-eabi/lib/thumb/v7-m/nofp/libm.a(lib_a-wf_atan2.o)
                0x0000000008004158                atan2f
 .text          0x000000000800415c      0x118 /usr/lib/gcc/arm-none-eabi/10.3.1/../../../arm-none-eabi/lib/thumb/v7-m/nofp/libm.a(lib_a-wf_pow.o)
                0x000000000800415c                powf
 .text          0x0000000008004274      0x29c /usr/lib/gcc/arm-none-eabi/10.3.1/../../../arm-none-eabi/lib/thumb/v7-m/nofp/libm.a(lib_a-ef_asin.o)
                0x0000000008004274                __ieee754_asinf
 .text          0x0000000008004510      0x110 /usr/lib/gcc/arm-none-eabi/10.3.1/../../../arm-none-eabi/lib/thumb/v7-m/nofp/libm.a(lib_a-ef_atan2.o)
                0x0000000008004510                __ieee754_atan2f
 .text          0x0000000008004620      0x734 /usr/lib/gcc/arm-none-eabi/10.3.1/../../../arm-none-eabi/lib/thumb/v7-m/nofp/libm.a(lib_a-ef_pow.o)
                0x0000000008004620                __ieee754_powf
 .text          0x0000000008004d54      0x2e4 /usr/lib/gcc/arm-none-eabi/10.3.1/../../../arm-none-eabi/lib/thumb/v7-m/nofp/libm.a(lib_a-ef_rem_pio2.o)
                0x0000000008004d54                __ieee754_rem_pio2f
 .text          0x0000000008005038       0xb0 /usr/lib/gcc/arm-none-eabi/10.3.1/../../../arm-none-eabi/lib/thumb/v7-m/nofp/libm.a(lib_a-ef_sqrt.o)
                0x0000000008005038                __ieee754_sqrtf
 .text          0x00000000080050e8      0x18c /usr/lib/gcc/arm-none-eabi/10.3.1/../../../arm-none-eabi/lib/thumb/v7-m/nofp/libm.a(lib_a-kf_cos.o)
                0x00000000080050e8                __kernel_cosf
 .text          0x0000000008005274      0x6e4 /usr/lib/gcc/arm-none-eabi/10.3.1/../../../arm-none-eabi/lib/thumb/v7-m/nofp/libm.a(lib_a-kf_rem_pio2.o)
                0x0000000008005274                __kernel_rem_pio2f
 .text          0x0000000008005958       0xe8 /usr/lib/gcc/arm-none-eabi/10.3.1/../../../arm-none-eabi/lib/thumb/v7-m/nofp/libm.a(lib_a-kf_sin.o)
                0x0000000008005958                __kernel_sinf
 .text          0x0000000008005a40      0x210 /usr/lib/gcc/arm-none-eabi/10.3.1/../../../arm-none-eabi/lib/thumb/v7-m/nofp/libm.a(lib_a-sf_atan.o)
                0x0000000008005a40                atanf
 .text          0x0000000008005c50        0x8 /usr/lib/gcc/arm-none-eabi/10.3.1/../../../arm-none-eabi/lib/thumb/v7-m/nofp/libm.a(lib_a-sf_fabs.o)
                0x0000000008005c50                fabsf
 .text          0x0000000008005c58       0x10 /usr/lib/gcc/arm-none-eabi/10.3.1/../../../arm-none-eabi/lib/thumb/v7-m/nofp/libm.a(lib_a-sf_finite.o)
                0x0000000008005c58                finitef
 .text          0x0000000008005c68       0x80 /usr/lib/gcc/arm-none-eabi/10.3.1/../../../arm-none-eabi/lib/thumb/v7-m/nofp/libm.a(lib_a-sf_floor.o)
                0x0000000008005c68                floorf
 .text          0x0000000008005ce8        0x8 /usr/lib/gcc/arm-none-eabi/10.3.1/../../../arm-none-eabi/lib/thumb/v7-m/nofp/libm.a(lib_a-sf_nan.o)
                0x0000000008005ce8                nanf
 .text          0x0000000008005cf0       0xa8 /usr/lib/gcc/arm-none-eabi/10.3.1/../../../arm-none-eabi/lib/thumb/v7-m/nofp/libm.a(lib_a-sf_rint.o)
                0x0000000008005cf0                rintf
 .text          0x0000000008005d98       0xbc /usr/lib/gcc/arm-none-eabi/10.3.1/../../../arm-none-eabi/lib/thumb/v7-m/nofp/libm.a(lib_a-sf_scalbn.o)
                0x0000000008005d98                scalbnf
 .text          0x0000000008005e54      0x378 /usr/lib/gcc/arm-none-eabi/10.3.1/thumb/v7-m/nofp/libgcc.a(_arm_addsubdf3.o)
                0x0000000008005e54                __aeabi_drsub
                0x0000000008005e5c                __aeabi_dsub
                0x0000000008005e5c                __subdf3
                0x0000000008005e60                __adddf3
                0x0000000008005e60                __aeabi_dadd
                0x00000000080060d8                __aeabi_ui2d
                0x00000000080060d8                __floatunsidf
                0x00000000080060f8                __floatsidf
                0x00000000080060f8                __aeabi_i2d
                0x000000000800611c                __extendsfdf2
                0x000000000800611c                __aeabi_f2d
                0x0000000008006160                __aeabi_ul2d
                0x0000000008006160                __floatundidf
                0x0000000008006170                __floatdidf
                0x0000000008006170                __aeabi_l2d
 .text          0x00000000080061cc      0x424 /usr/lib/gcc/arm-none-eabi/10.3.1/thumb/v7-m/nofp/libgcc.a(_arm_muldivdf3.o)
                0x00000000080061cc                __aeabi_dmul
                0x00000000080061cc                __muldf3
                0x0000000008006420                __aeabi_ddiv
                0x0000000008006420                __divdf3
 .text          0x00000000080065f0      0x110 /usr/lib/gcc/arm-none-eabi/10.3.1/thumb/v7-m/nofp/libgcc.a(_arm_cmpdf2.o)
                0x00000000080065f0                __gtdf2
                0x00000000080065f0                __gedf2
                0x00000000080065f8                __ltdf2
                0x00000000080065f8                __ledf2
                0x0000000008006600                __cmpdf2
                0x0000000008006600                __eqdf2
                0x0000000008006600                __nedf2
                0x000000000800667c                __aeabi_cdrcmple
                0x000000000800668c                __aeabi_cdcmple
                0x000000000800668c                __aeabi_cdcmpeq
                0x000000000800669c                __aeabi_dcmpeq
                0x00000000080066b0                __aeabi_dcmplt
                0x00000000080066c4                __aeabi_dcmple
                0x00000000080066d8                __aeabi_dcmpge
                0x00000000080066ec                __aeabi_dcmpgt
 .text          0x0000000008006700       0x2c /usr/lib/gcc/arm-none-eabi/10.3.1/thumb/v7-m/nofp/libgcc.a(_arm_unorddf2.o)
                0x0000000008006700                __aeabi_dcmpun
                0x0000000008006700                __unorddf2
 .text          0x000000000800672c       0x50 /usr/lib/gcc/arm-none-eabi/10.3.1/thumb/v7-m/nofp/libgcc.a(_arm_fixdfsi.o)
                0x000000000800672c                __fixdfsi
                0x000000000800672c                __aeabi_d2iz
 .text          0x000000000800677c       0x40 /usr/lib/gcc/arm-none-eabi/10.3.1/thumb/v7-m/nofp/libgcc.a(_arm_fixunsdfsi.o)
                0x000000000800677c                __fixunsdfsi
                0x000000000800677c                __aeabi_d2uiz
 .text          0x00000000080067bc       0xa0 /usr/lib/gcc/arm-none-eabi/10.3.1/thumb/v7-m/nofp/libgcc.a(_arm_truncdfsf2.o)
                0x00000000080067bc                __aeabi_d2f
                0x00000000080067bc                __truncdfsf2
 .text          0x000000000800685c      0x21c /usr/lib/gcc/arm-none-eabi/10.3.1/thumb/v7-m/nofp/libgcc.a(_arm_addsubsf3.o)
                0x000000000800685c                __aeabi_frsub
                0x0000000008006864                __subsf3
                0x0000000008006864                __aeabi_fsub
                0x0000000008006868                __aeabi_fadd
                0x0000000008006868                __addsf3
                0x00000000080069c8                __aeabi_ui2f
                0x00000000080069c8                __floatunsisf
                0x00000000080069d0                __aeabi_i2f
                0x00000000080069d0                __floatsisf
                0x00000000080069ec                __floatundisf
                0x00000000080069ec                __aeabi_ul2f
                0x00000000080069fc                __floatdisf
                0x00000000080069fc                __aeabi_l2f
 .text          0x0000000008006a78      0x2a0 /usr/lib/gcc/arm-none-eabi/10.3.1/thumb/v7-m/nofp/libgcc.a(_arm_muldivsf3.o)
                0x0000000008006a78                __mulsf3
                0x0000000008006a78                __aeabi_fmul
                0x0000000008006be0                __divsf3
                0x0000000008006be0                __aeabi_fdiv
 .text          0x0000000008006d18       0xec /usr/lib/gcc/arm-none-eabi/10.3.1/thumb/v7-m/nofp/libgcc.a(_arm_cmpsf2.o)
                0x0000000008006d18                __gtsf2
                0x0000000008006d18                __gesf2
                0x0000000008006d20                __lesf2
                0x0000000008006d20                __ltsf2
                0x0000000008006d28                __nesf2
                0x0000000008006d28                __eqsf2
                0x0000000008006d28                __cmpsf2
                0x0000000008006d88                __aeabi_cfrcmple
                0x0000000008006d90                __aeabi_cfcmple
                0x0000000008006d90                __aeabi_cfcmpeq
                0x0000000008006da0                __aeabi_fcmpeq
                0x0000000008006db4                __aeabi_fcmplt
                0x0000000008006dc8                __aeabi_fcmple
                0x0000000008006ddc                __aeabi_fcmpge
                0x0000000008006df0                __aeabi_fcmpgt
 .text          0x0000000008006e04       0x2c /usr/lib/gcc/arm-none-eabi/10.3.1/thumb/v7-m/nofp/libgcc.a(_arm_unordsf2.o)
                0x0000000008006e04                __aeabi_fcmpun
                0x0000000008006e04                __unordsf2
 .text          0x0000000008006e30       0x4c /usr/lib/gcc/arm-none-eabi/10.3.1/thumb/v7-m/nofp/libgcc.a(_arm_fixsfsi.o)
                0x0000000008006e30                __fixsfsi
                0x0000000008006e30                __aeabi_f2iz
 .text          0x0000000008006e7c       0x30 /usr/lib/gcc/arm-none-eabi/10.3.1/thumb/v7-m/nofp/libgcc.a(_aeabi_uldivmod.o)
                0x0000000008006e7c                __aeabi_uldivmod
 .text          0x0000000008006eac      0x2d4 /usr/lib/gcc/arm-none-eabi/10.3.1/thumb/v7-m/nofp/libgcc.a(_udivmoddi4.o)
                0x0000000008006eac                __udivmoddi4
 .text          0x0000000008007180        0x4 /usr/lib/gcc/arm-none-eabi/10.3.1/thumb/v7-m/nofp/libgcc.a(_dvmd_tls.o)
                0x0000000008007180                __aeabi_ldiv0
                0x0000000008007180                __aeabi_idiv0
 *(.text*)
 .text.FusionCalibrationInertial
                0x0000000008007184      0x14a build/main.o
 .text.Error_Handler
                0x00000000080072ce        0x4 build/main.o
                0x00000000080072ce                Error_Handler
 .text.SystemClock_Config
                0x00000000080072d2       0x64 build/main.o
                0x00000000080072d2                SystemClock_Config
 *fill*         0x0000000008007336        0x2 
 .text.main     0x0000000008007338      0x4c8 build/main.o
                0x0000000008007338                main
 .text.MX_GPIO_Init
                0x0000000008007800       0x44 build/gpio.o
                0x0000000008007800                MX_GPIO_Init
 .text.MX_I2C1_Init
                0x0000000008007844       0x3c build/i2c.o
                0x0000000008007844                MX_I2C1_Init
 .text.HAL_I2C_MspInit
                0x0000000008007880       0x64 build/i2c.o
                0x0000000008007880                HAL_I2C_MspInit
 .text.MX_USART3_UART_Init
                0x00000000080078e4       0x34 build/usart.o
                0x00000000080078e4                MX_USART3_UART_Init
 .text.HAL_UART_MspInit
                0x0000000008007918       0x88 build/usart.o
                0x0000000008007918                HAL_UART_MspInit
 .text._getpid  0x00000000080079a0        0x4 build/syscalls.o
                0x00000000080079a0                _getpid
 .text._kill    0x00000000080079a4       0x10 build/syscalls.o
                0x00000000080079a4                _kill
 .text._exit    0x00000000080079b4        0xc build/syscalls.o
                0x00000000080079b4                _exit
 .text._read    0x00000000080079c0       0x20 build/syscalls.o
                0x00000000080079c0                _read
 .text._write   0x00000000080079e0       0x1c build/syscalls.o
                0x00000000080079e0                _write
 .text._sbrk    0x00000000080079fc       0x4c build/syscalls.o
                0x00000000080079fc                _sbrk
 .text._close   0x0000000008007a48        0x6 build/syscalls.o
                0x0000000008007a48                _close
 .text._fstat   0x0000000008007a4e        0xa build/syscalls.o
                0x0000000008007a4e                _fstat
 .text._isatty  0x0000000008007a58        0x4 build/syscalls.o
                0x0000000008007a58                _isatty
 .text._lseek   0x0000000008007a5c        0x4 build/syscalls.o
                0x0000000008007a5c                _lseek
 .text.MPU_9250_Init
                0x0000000008007a60      0x2b0 build/mpu_9250.o
                0x0000000008007a60                MPU_9250_Init
 .text.Accel_readXYZ
                0x0000000008007d10       0x90 build/mpu_9250.o
                0x0000000008007d10                Accel_readXYZ
 .text.Gyro_readXYZ
                0x0000000008007da0       0x90 build/mpu_9250.o
                0x0000000008007da0                Gyro_readXYZ
 .text.Magneto_readXYZ
                0x0000000008007e30       0xa8 build/mpu_9250.o
                0x0000000008007e30                Magneto_readXYZ
 .text.IMU_measure
                0x0000000008007ed8       0x16 build/mpu_9250.o
                0x0000000008007ed8                IMU_measure
 .text._out_buffer
                0x0000000008007eee        0x8 build/printf.o
 .text._out_null
                0x0000000008007ef6        0x2 build/printf.o
 .text._atoi    0x0000000008007ef8       0x24 build/printf.o
 .text._out_rev
                0x0000000008007f1c       0x7e build/printf.o
 .text._ntoa_format
                0x0000000008007f9a      0x138 build/printf.o
 .text._ntoa_long
                0x00000000080080d2       0x94 build/printf.o
 .text._ntoa_long_long
                0x0000000008008166       0xc6 build/printf.o
 *fill*         0x000000000800822c        0x4 
 .text._etoa    0x0000000008008230      0x3d4 build/printf.o
 *fill*         0x0000000008008604        0x4 
 .text._ftoa    0x0000000008008608      0x38c build/printf.o
 .text._vsnprintf
                0x0000000008008994      0x67c build/printf.o
 .text.sprintf_
                0x0000000008009010       0x2c build/printf.o
                0x0000000008009010                sprintf_
 .text.FusionAhrsReset
                0x000000000800903c       0x48 build/FusionAhrs.o
                0x000000000800903c                FusionAhrsReset
 .text.FusionAhrsSetSettings
                0x0000000008009084       0xa4 build/FusionAhrs.o
                0x0000000008009084                FusionAhrsSetSettings
 .text.FusionAhrsInitialise
                0x0000000008009128       0x28 build/FusionAhrs.o
                0x0000000008009128                FusionAhrsInitialise
 .text.FusionAhrsGetQuaternion
                0x0000000008009150        0xe build/FusionAhrs.o
                0x0000000008009150                FusionAhrsGetQuaternion
 .text.FusionAhrsGetEarthAcceleration
                0x000000000800915e      0x17e build/FusionAhrs.o
                0x000000000800915e                FusionAhrsGetEarthAcceleration
 .text.FusionAhrsSetHeading
                0x00000000080092dc      0x1d8 build/FusionAhrs.o
                0x00000000080092dc                FusionAhrsSetHeading
 .text.FusionAhrsUpdate
                0x00000000080094b4      0x998 build/FusionAhrs.o
                0x00000000080094b4                FusionAhrsUpdate
 .text.FusionCompassCalculateHeading
                0x0000000008009e4c      0x298 build/FusionCompass.o
                0x0000000008009e4c                FusionCompassCalculateHeading
 .text.FusionOffsetInitialise
                0x000000000800a0e4       0x38 build/FusionOffset.o
                0x000000000800a0e4                FusionOffsetInitialise
 .text.FusionOffsetUpdate
                0x000000000800a11c      0x144 build/FusionOffset.o
                0x000000000800a11c                FusionOffsetUpdate
 .text.NMI_Handler
                0x000000000800a260        0x2 build/stm32f1xx_it.o
                0x000000000800a260                NMI_Handler
 .text.HardFault_Handler
                0x000000000800a262        0x2 build/stm32f1xx_it.o
                0x000000000800a262                HardFault_Handler
 .text.MemManage_Handler
                0x000000000800a264        0x2 build/stm32f1xx_it.o
                0x000000000800a264                MemManage_Handler
 .text.BusFault_Handler
                0x000000000800a266        0x2 build/stm32f1xx_it.o
                0x000000000800a266                BusFault_Handler
 .text.UsageFault_Handler
                0x000000000800a268        0x2 build/stm32f1xx_it.o
                0x000000000800a268                UsageFault_Handler
 .text.SVC_Handler
                0x000000000800a26a        0x2 build/stm32f1xx_it.o
                0x000000000800a26a                SVC_Handler
 .text.DebugMon_Handler
                0x000000000800a26c        0x2 build/stm32f1xx_it.o
                0x000000000800a26c                DebugMon_Handler
 .text.PendSV_Handler
                0x000000000800a26e        0x2 build/stm32f1xx_it.o
                0x000000000800a26e                PendSV_Handler
 .text.SysTick_Handler
                0x000000000800a270        0x8 build/stm32f1xx_it.o
                0x000000000800a270                SysTick_Handler
 .text.USART3_IRQHandler
                0x000000000800a278       0x10 build/stm32f1xx_it.o
                0x000000000800a278                USART3_IRQHandler
 .text.HAL_MspInit
                0x000000000800a288       0x44 build/stm32f1xx_hal_msp.o
                0x000000000800a288                HAL_MspInit
 .text.I2C_IsAcknowledgeFailed
                0x000000000800a2cc       0x32 build/stm32f1xx_hal_i2c.o
 .text.I2C_WaitOnFlagUntilTimeout
                0x000000000800a2fe       0x7c build/stm32f1xx_hal_i2c.o
 .text.I2C_WaitOnMasterAddressFlagUntilTimeout
                0x000000000800a37a       0xaa build/stm32f1xx_hal_i2c.o
 .text.I2C_WaitOnTXEFlagUntilTimeout
                0x000000000800a424       0x54 build/stm32f1xx_hal_i2c.o
 .text.I2C_RequestMemoryWrite
                0x000000000800a478       0xd8 build/stm32f1xx_hal_i2c.o
 .text.I2C_RequestMemoryRead
                0x000000000800a550      0x154 build/stm32f1xx_hal_i2c.o
 .text.I2C_WaitOnBTFFlagUntilTimeout
                0x000000000800a6a4       0x54 build/stm32f1xx_hal_i2c.o
 .text.I2C_WaitOnRXNEFlagUntilTimeout
                0x000000000800a6f8       0x6a build/stm32f1xx_hal_i2c.o
 *fill*         0x000000000800a762        0x2 
 .text.HAL_I2C_Init
                0x000000000800a764      0x1bc build/stm32f1xx_hal_i2c.o
                0x000000000800a764                HAL_I2C_Init
 .text.HAL_I2C_Mem_Write
                0x000000000800a920      0x164 build/stm32f1xx_hal_i2c.o
                0x000000000800a920                HAL_I2C_Mem_Write
 .text.HAL_I2C_Mem_Read
                0x000000000800aa84      0x348 build/stm32f1xx_hal_i2c.o
                0x000000000800aa84                HAL_I2C_Mem_Read
 .text.HAL_InitTick
                0x000000000800adcc       0x4c build/stm32f1xx_hal.o
                0x000000000800adcc                HAL_InitTick
 .text.HAL_Init
                0x000000000800ae18       0x24 build/stm32f1xx_hal.o
                0x000000000800ae18                HAL_Init
 .text.HAL_IncTick
                0x000000000800ae3c       0x18 build/stm32f1xx_hal.o
                0x000000000800ae3c                HAL_IncTick
 .text.HAL_GetTick
                0x000000000800ae54        0xc build/stm32f1xx_hal.o
                0x000000000800ae54                HAL_GetTick
 .text.HAL_Delay
                0x000000000800ae60       0x28 build/stm32f1xx_hal.o
                0x000000000800ae60                HAL_Delay
 .text.RCC_Delay
                0x000000000800ae88       0x2c build/stm32f1xx_hal_rcc.o
 .text.HAL_RCC_OscConfig
                0x000000000800aeb4      0x410 build/stm32f1xx_hal_rcc.o
                0x000000000800aeb4                HAL_RCC_OscConfig
 .text.HAL_RCC_GetSysClockFreq
                0x000000000800b2c4       0x70 build/stm32f1xx_hal_rcc.o
                0x000000000800b2c4                HAL_RCC_GetSysClockFreq
 .text.HAL_RCC_ClockConfig
                0x000000000800b334      0x16c build/stm32f1xx_hal_rcc.o
                0x000000000800b334                HAL_RCC_ClockConfig
 .text.HAL_RCC_GetHCLKFreq
                0x000000000800b4a0        0xc build/stm32f1xx_hal_rcc.o
                0x000000000800b4a0                HAL_RCC_GetHCLKFreq
 .text.HAL_RCC_GetPCLK1Freq
                0x000000000800b4ac       0x20 build/stm32f1xx_hal_rcc.o
                0x000000000800b4ac                HAL_RCC_GetPCLK1Freq
 .text.HAL_RCC_GetPCLK2Freq
                0x000000000800b4cc       0x20 build/stm32f1xx_hal_rcc.o
                0x000000000800b4cc                HAL_RCC_GetPCLK2Freq
 .text.HAL_GPIO_Init
                0x000000000800b4ec      0x224 build/stm32f1xx_hal_gpio.o
                0x000000000800b4ec                HAL_GPIO_Init
 .text.HAL_DMA_Abort
                0x000000000800b710       0x44 build/stm32f1xx_hal_dma.o
                0x000000000800b710                HAL_DMA_Abort
 .text.HAL_DMA_Abort_IT
                0x000000000800b754       0x98 build/stm32f1xx_hal_dma.o
                0x000000000800b754                HAL_DMA_Abort_IT
 .text.HAL_NVIC_SetPriorityGrouping
                0x000000000800b7ec       0x24 build/stm32f1xx_hal_cortex.o
                0x000000000800b7ec                HAL_NVIC_SetPriorityGrouping
 .text.HAL_NVIC_SetPriority
                0x000000000800b810       0x70 build/stm32f1xx_hal_cortex.o
                0x000000000800b810                HAL_NVIC_SetPriority
 .text.HAL_NVIC_EnableIRQ
                0x000000000800b880       0x1c build/stm32f1xx_hal_cortex.o
                0x000000000800b880                HAL_NVIC_EnableIRQ
 .text.HAL_SYSTICK_Config
                0x000000000800b89c       0x28 build/stm32f1xx_hal_cortex.o
                0x000000000800b89c                HAL_SYSTICK_Config
 .text.UART_EndRxTransfer
                0x000000000800b8c4       0x32 build/stm32f1xx_hal_uart.o
 .text.UART_Transmit_IT
                0x000000000800b8f6       0x60 build/stm32f1xx_hal_uart.o
 *fill*         0x000000000800b956        0x2 
 .text.UART_SetConfig
                0x000000000800b958       0x94 build/stm32f1xx_hal_uart.o
 .text.HAL_UART_Init
                0x000000000800b9ec       0x5e build/stm32f1xx_hal_uart.o
                0x000000000800b9ec                HAL_UART_Init
 .text.HAL_UART_Transmit_IT
                0x000000000800ba4a       0x4e build/stm32f1xx_hal_uart.o
                0x000000000800ba4a                HAL_UART_Transmit_IT
 .text.HAL_UART_TxCpltCallback
                0x000000000800ba98        0x2 build/stm32f1xx_hal_uart.o
                0x000000000800ba98                HAL_UART_TxCpltCallback
 .text.UART_EndTransmit_IT
                0x000000000800ba9a       0x1a build/stm32f1xx_hal_uart.o
 .text.HAL_UART_RxCpltCallback
                0x000000000800bab4        0x2 build/stm32f1xx_hal_uart.o
                0x000000000800bab4                HAL_UART_RxCpltCallback
 .text.HAL_UART_ErrorCallback
                0x000000000800bab6        0x2 build/stm32f1xx_hal_uart.o
                0x000000000800bab6                HAL_UART_ErrorCallback
 .text.UART_DMAAbortOnError
                0x000000000800bab8       0x10 build/stm32f1xx_hal_uart.o
 .text.HAL_UARTEx_RxEventCallback
                0x000000000800bac8        0x2 build/stm32f1xx_hal_uart.o
                0x000000000800bac8                HAL_UARTEx_RxEventCallback
 .text.UART_Receive_IT
                0x000000000800baca       0xd4 build/stm32f1xx_hal_uart.o
 *fill*         0x000000000800bb9e        0x2 
 .text.HAL_UART_IRQHandler
                0x000000000800bba0      0x204 build/stm32f1xx_hal_uart.o
                0x000000000800bba0                HAL_UART_IRQHandler
 .text.SystemInit
                0x000000000800bda4        0x2 build/system_stm32f1xx.o
                0x000000000800bda4                SystemInit
 *fill*         0x000000000800bda6        0x2 
 .text.Reset_Handler
                0x000000000800bda8       0x48 build/startup_stm32f103xb.o
                0x000000000800bda8                Reset_Handler
 .text.Default_Handler
                0x000000000800bdf0        0x2 build/startup_stm32f103xb.o
                0x000000000800bdf0                RTC_Alarm_IRQHandler
                0x000000000800bdf0                EXTI2_IRQHandler
                0x000000000800bdf0                TIM1_CC_IRQHandler
                0x000000000800bdf0                PVD_IRQHandler
                0x000000000800bdf0                EXTI3_IRQHandler
                0x000000000800bdf0                EXTI0_IRQHandler
                0x000000000800bdf0                I2C2_EV_IRQHandler
                0x000000000800bdf0                ADC1_2_IRQHandler
                0x000000000800bdf0                SPI1_IRQHandler
                0x000000000800bdf0                TAMPER_IRQHandler
                0x000000000800bdf0                DMA1_Channel4_IRQHandler
                0x000000000800bdf0                RTC_IRQHandler
                0x000000000800bdf0                DMA1_Channel7_IRQHandler
                0x000000000800bdf0                CAN1_RX1_IRQHandler
                0x000000000800bdf0                TIM4_IRQHandler
                0x000000000800bdf0                I2C1_EV_IRQHandler
                0x000000000800bdf0                DMA1_Channel6_IRQHandler
                0x000000000800bdf0                TIM3_IRQHandler
                0x000000000800bdf0                RCC_IRQHandler
                0x000000000800bdf0                TIM1_TRG_COM_IRQHandler
                0x000000000800bdf0                DMA1_Channel1_IRQHandler
                0x000000000800bdf0                Default_Handler
                0x000000000800bdf0                EXTI15_10_IRQHandler
                0x000000000800bdf0                EXTI9_5_IRQHandler
                0x000000000800bdf0                SPI2_IRQHandler
                0x000000000800bdf0                DMA1_Channel5_IRQHandler
                0x000000000800bdf0                EXTI4_IRQHandler
                0x000000000800bdf0                USB_LP_CAN1_RX0_IRQHandler
                0x000000000800bdf0                USB_HP_CAN1_TX_IRQHandler
                0x000000000800bdf0                DMA1_Channel3_IRQHandler
                0x000000000800bdf0                TIM1_UP_IRQHandler
                0x000000000800bdf0                WWDG_IRQHandler
                0x000000000800bdf0                TIM2_IRQHandler
                0x000000000800bdf0                TIM1_BRK_IRQHandler
                0x000000000800bdf0                EXTI1_IRQHandler
                0x000000000800bdf0                USART2_IRQHandler
                0x000000000800bdf0                I2C2_ER_IRQHandler
                0x000000000800bdf0                DMA1_Channel2_IRQHandler
                0x000000000800bdf0                CAN1_SCE_IRQHandler
                0x000000000800bdf0                FLASH_IRQHandler
                0x000000000800bdf0                USART1_IRQHandler
                0x000000000800bdf0                I2C1_ER_IRQHandler
                0x000000000800bdf0                USBWakeUp_IRQHandler
 *(.glue_7)
 .glue_7        0x000000000800bdf2        0x0 linker stubs
 *(.glue_7t)
 .glue_7t       0x000000000800bdf2        0x0 linker stubs
 *(.eh_frame)
 *fill*         0x000000000800bdf2        0x2 
 .eh_frame      0x000000000800bdf4        0x0 /usr/lib/gcc/arm-none-eabi/10.3.1/thumb/v7-m/nofp/crtbegin.o
 *(.init)
 .init          0x000000000800bdf4        0x4 /usr/lib/gcc/arm-none-eabi/10.3.1/thumb/v7-m/nofp/crti.o
                0x000000000800bdf4                _init
 .init          0x000000000800bdf8        0x8 /usr/lib/gcc/arm-none-eabi/10.3.1/thumb/v7-m/nofp/crtn.o
 *(.fini)
 .fini          0x000000000800be00        0x4 /usr/lib/gcc/arm-none-eabi/10.3.1/thumb/v7-m/nofp/crti.o
                0x000000000800be00                _fini
 .fini          0x000000000800be04        0x8 /usr/lib/gcc/arm-none-eabi/10.3.1/thumb/v7-m/nofp/crtn.o
                0x000000000800be0c                . = ALIGN (0x4)
                0x000000000800be0c                _etext = .

.vfp11_veneer   0x000000000800be0c        0x0
 .vfp11_veneer  0x000000000800be0c        0x0 linker stubs

.v4_bx          0x000000000800be0c        0x0
 .v4_bx         0x000000000800be0c        0x0 linker stubs

.iplt           0x000000000800be0c        0x0
 .iplt          0x000000000800be0c        0x0 /usr/lib/gcc/arm-none-eabi/10.3.1/thumb/v7-m/nofp/crtbegin.o

.rodata         0x000000000800be10      0x96c
                0x000000000800be10                . = ALIGN (0x4)
 *(.rodata)
 .rodata        0x000000000800be10       0x10 build/main.o
 .rodata        0x000000000800be20       0x10 build/FusionAhrs.o
 .rodata        0x000000000800be30        0x4 /usr/lib/gcc/arm-none-eabi/10.3.1/../../../arm-none-eabi/lib/thumb/v7-m/nofp/libc_nano.a(lib_a-impure.o)
                0x000000000800be30                _global_impure_ptr
 *fill*         0x000000000800be34        0x4 
 .rodata        0x000000000800be38      0x128 /usr/lib/gcc/arm-none-eabi/10.3.1/../../../arm-none-eabi/lib/thumb/v7-m/nofp/libc_nano.a(lib_a-mprec.o)
                0x000000000800be48                __mprec_tens
                0x000000000800bf10                __mprec_tinytens
                0x000000000800bf38                __mprec_bigtens
 .rodata        0x000000000800bf60      0x101 /usr/lib/gcc/arm-none-eabi/10.3.1/../../../arm-none-eabi/lib/thumb/v7-m/nofp/libc_nano.a(lib_a-ctype_.o)
                0x000000000800bf60                _ctype_
 *fill*         0x000000000800c061        0x3 
 .rodata        0x000000000800c064       0x60 /usr/lib/gcc/arm-none-eabi/10.3.1/../../../arm-none-eabi/lib/thumb/v7-m/nofp/libc_nano.a(lib_a-findfp.o)
                0x000000000800c064                __sf_fake_stderr
                0x000000000800c084                __sf_fake_stdout
                0x000000000800c0a4                __sf_fake_stdin
 .rodata        0x000000000800c0c4       0x18 /usr/lib/gcc/arm-none-eabi/10.3.1/../../../arm-none-eabi/lib/thumb/v7-m/nofp/libm.a(lib_a-ef_atan2.o)
 .rodata        0x000000000800c0dc      0x398 /usr/lib/gcc/arm-none-eabi/10.3.1/../../../arm-none-eabi/lib/thumb/v7-m/nofp/libm.a(lib_a-ef_rem_pio2.o)
 .rodata        0x000000000800c474       0x38 /usr/lib/gcc/arm-none-eabi/10.3.1/../../../arm-none-eabi/lib/thumb/v7-m/nofp/libm.a(lib_a-kf_rem_pio2.o)
 .rodata        0x000000000800c4ac       0x20 /usr/lib/gcc/arm-none-eabi/10.3.1/../../../arm-none-eabi/lib/thumb/v7-m/nofp/libm.a(lib_a-sf_atan.o)
 .rodata        0x000000000800c4cc        0x8 /usr/lib/gcc/arm-none-eabi/10.3.1/../../../arm-none-eabi/lib/thumb/v7-m/nofp/libm.a(lib_a-sf_rint.o)
 *(.rodata*)
 .rodata.main.str1.4
                0x000000000800c4d4       0x3f build/main.o
 *fill*         0x000000000800c513        0x1 
 .rodata.accelerometerMisalignment.3
                0x000000000800c514       0x24 build/main.o
 .rodata.accelerometerSensitivity.4
                0x000000000800c538        0xc build/main.o
 .rodata.gyroscopeMisalignment.0
                0x000000000800c544       0x24 build/main.o
 .rodata.gyroscopeOffset.2
                0x000000000800c568        0xc build/main.o
 .rodata.gyroscopeSensitivity.1
                0x000000000800c574        0xc build/main.o
 .rodata.softIronMatrix.5
                0x000000000800c580       0x24 build/main.o
 .rodata._ftoa.str1.4
                0x000000000800c5a4       0x15 build/printf.o
 *fill*         0x000000000800c5b9        0x7 
 .rodata.pow10.0
                0x000000000800c5c0       0x50 build/printf.o
 .rodata.HAL_RCC_GetSysClockFreq.str1.4
                0x000000000800c610       0x11 build/stm32f1xx_hal_rcc.o
 *fill*         0x000000000800c621        0x3 
 .rodata.AHBPrescTable
                0x000000000800c624       0x10 build/system_stm32f1xx.o
                0x000000000800c624                AHBPrescTable
 .rodata.APBPrescTable
                0x000000000800c634        0x8 build/system_stm32f1xx.o
                0x000000000800c634                APBPrescTable
 .rodata.str1.4
                0x000000000800c63c        0xe /usr/lib/gcc/arm-none-eabi/10.3.1/../../../arm-none-eabi/lib/thumb/v7-m/nofp/libc_nano.a(lib_a-nano-vfprintf_float.o)
                                         0x12 (size before relaxing)
 *fill*         0x000000000800c64a        0x2 
 .rodata.str1.4
                0x000000000800c64c       0x25 /usr/lib/gcc/arm-none-eabi/10.3.1/../../../arm-none-eabi/lib/thumb/v7-m/nofp/libc_nano.a(lib_a-nano-vfprintf_i.o)
 *fill*         0x000000000800c671        0x3 
 .rodata.str1.4
                0x000000000800c674       0x6d /usr/lib/gcc/arm-none-eabi/10.3.1/../../../arm-none-eabi/lib/thumb/v7-m/nofp/libc_nano.a(lib_a-dtoa.o)
                                         0x71 (size before relaxing)
 *fill*         0x000000000800c6e1        0x3 
 .rodata.str1.4
                0x000000000800c6e4       0x33 /usr/lib/gcc/arm-none-eabi/10.3.1/../../../arm-none-eabi/lib/thumb/v7-m/nofp/libc_nano.a(lib_a-mprec.o)
                                         0x5d (size before relaxing)
 *fill*         0x000000000800c717        0x1 
 .rodata.str1.4
                0x000000000800c718       0x3f /usr/lib/gcc/arm-none-eabi/10.3.1/../../../arm-none-eabi/lib/thumb/v7-m/nofp/libc_nano.a(lib_a-assert.o)
                                         0x43 (size before relaxing)
 *fill*         0x000000000800c757        0x1 
 .rodata.str1.4
                0x000000000800c758        0xe /usr/lib/gcc/arm-none-eabi/10.3.1/../../../arm-none-eabi/lib/thumb/v7-m/nofp/libc_nano.a(lib_a-locale.o)
                                         0x12 (size before relaxing)
 *fill*         0x000000000800c766        0x2 
 .rodata.str1.4
                0x000000000800c768       0x13 /usr/lib/gcc/arm-none-eabi/10.3.1/../../../arm-none-eabi/lib/thumb/v7-m/nofp/libc_nano.a(lib_a-nano-vfprintf.o)
 .rodata.str1.4
                0x000000000800c77b        0x1 /usr/lib/gcc/arm-none-eabi/10.3.1/../../../arm-none-eabi/lib/thumb/v7-m/nofp/libm.a(lib_a-wf_asin.o)
 .rodata.str1.4
                0x000000000800c77b        0x1 /usr/lib/gcc/arm-none-eabi/10.3.1/../../../arm-none-eabi/lib/thumb/v7-m/nofp/libm.a(lib_a-ef_pow.o)
                0x000000000800c77c                . = ALIGN (0x4)
 *fill*         0x000000000800c77b        0x1 

.ARM.extab
 *(.ARM.extab* .gnu.linkonce.armextab.*)

.ARM            0x000000000800c77c        0x8
                0x000000000800c77c                __exidx_start = .
 *(.ARM.exidx*)
 .ARM.exidx     0x000000000800c77c        0x8 /usr/lib/gcc/arm-none-eabi/10.3.1/thumb/v7-m/nofp/libgcc.a(_udivmoddi4.o)
                0x000000000800c784                __exidx_end = .

.rel.dyn        0x000000000800c784        0x0
 .rel.iplt      0x000000000800c784        0x0 /usr/lib/gcc/arm-none-eabi/10.3.1/thumb/v7-m/nofp/crtbegin.o

.preinit_array  0x000000000800c784        0x0
                0x000000000800c784                PROVIDE (__preinit_array_start = .)
 *(.preinit_array*)
                0x000000000800c784                PROVIDE (__preinit_array_end = .)

.init_array     0x000000000800c784        0x4
                0x000000000800c784                PROVIDE (__init_array_start = .)
 *(SORT_BY_NAME(.init_array.*))
 *(.init_array*)
 .init_array    0x000000000800c784        0x4 /usr/lib/gcc/arm-none-eabi/10.3.1/thumb/v7-m/nofp/crtbegin.o
                0x000000000800c788                PROVIDE (__init_array_end = .)

.fini_array     0x000000000800c788        0x4
                0x000000000800c788                PROVIDE (__fini_array_start = .)
 *(SORT_BY_NAME(.fini_array.*))
 *(.fini_array*)
 .fini_array    0x000000000800c788        0x4 /usr/lib/gcc/arm-none-eabi/10.3.1/thumb/v7-m/nofp/crtbegin.o
                0x000000000800c78c                PROVIDE (__fini_array_end = .)
                0x000000000800c78c                _sidata = LOADADDR (.data)

.data           0x0000000020000000      0x1dc load address 0x000000000800c78c
                0x0000000020000000                . = ALIGN (0x4)
                0x0000000020000000                _sdata = .
 *(.data)
 .data          0x0000000020000000       0x64 /usr/lib/gcc/arm-none-eabi/10.3.1/../../../arm-none-eabi/lib/thumb/v7-m/nofp/libc_nano.a(lib_a-impure.o)
                0x0000000020000000                _impure_ptr
 .data          0x0000000020000064      0x16c /usr/lib/gcc/arm-none-eabi/10.3.1/../../../arm-none-eabi/lib/thumb/v7-m/nofp/libc_nano.a(lib_a-locale.o)
                0x0000000020000064                __global_locale
 .data          0x00000000200001d0        0x1 /usr/lib/gcc/arm-none-eabi/10.3.1/../../../arm-none-eabi/lib/thumb/v7-m/nofp/libm.a(lib_a-s_lib_ver.o)
                0x00000000200001d0                __fdlib_version
 *(.data*)
 .data.uwTickFreq
                0x00000000200001d1        0x1 build/stm32f1xx_hal.o
                0x00000000200001d1                uwTickFreq
 *fill*         0x00000000200001d2        0x2 
 .data.uwTickPrio
                0x00000000200001d4        0x4 build/stm32f1xx_hal.o
                0x00000000200001d4                uwTickPrio
 .data.SystemCoreClock
                0x00000000200001d8        0x4 build/system_stm32f1xx.o
                0x00000000200001d8                SystemCoreClock
                0x00000000200001dc                . = ALIGN (0x4)
                0x00000000200001dc                _edata = .

.tm_clone_table
                0x00000000200001dc        0x0 load address 0x000000000800c968
 .tm_clone_table
                0x00000000200001dc        0x0 /usr/lib/gcc/arm-none-eabi/10.3.1/thumb/v7-m/nofp/crtbegin.o
 .tm_clone_table
                0x00000000200001dc        0x0 /usr/lib/gcc/arm-none-eabi/10.3.1/thumb/v7-m/nofp/crtend.o

.igot.plt       0x00000000200001dc        0x0 load address 0x000000000800c968
 .igot.plt      0x00000000200001dc        0x0 /usr/lib/gcc/arm-none-eabi/10.3.1/thumb/v7-m/nofp/crtbegin.o
                0x00000000200001dc                . = ALIGN (0x4)

.bss            0x00000000200001dc       0xdc load address 0x000000000800c968
                0x00000000200001dc                _sbss = .
                0x00000000200001dc                __bss_start__ = _sbss
 *(.bss)
 .bss           0x00000000200001dc       0x1c /usr/lib/gcc/arm-none-eabi/10.3.1/thumb/v7-m/nofp/crtbegin.o
 .bss           0x00000000200001f8        0x8 /usr/lib/gcc/arm-none-eabi/10.3.1/../../../arm-none-eabi/lib/thumb/v7-m/nofp/libc_nano.a(lib_a-nano-mallocr.o)
                0x00000000200001f8                __malloc_free_list
                0x00000000200001fc                __malloc_sbrk_start
 .bss           0x0000000020000200        0x4 /usr/lib/gcc/arm-none-eabi/10.3.1/../../../arm-none-eabi/lib/thumb/v7-m/nofp/libc_nano.a(lib_a-reent.o)
                0x0000000020000200                errno
 *(.bss*)
 .bss.hi2c1     0x0000000020000204       0x54 build/i2c.o
                0x0000000020000204                hi2c1
 .bss.huart3    0x0000000020000258       0x44 build/usart.o
                0x0000000020000258                huart3
 .bss.heap_end.0
                0x000000002000029c        0x4 build/syscalls.o
 .bss.sensAccel
                0x00000000200002a0        0x4 build/mpu_9250.o
 .bss.sensAdjMag
                0x00000000200002a4        0xc build/mpu_9250.o
 .bss.sensGyro  0x00000000200002b0        0x4 build/mpu_9250.o
 .bss.uwTick    0x00000000200002b4        0x4 build/stm32f1xx_hal.o
                0x00000000200002b4                uwTick
 *(COMMON)
                0x00000000200002b8                . = ALIGN (0x4)
                0x00000000200002b8                _ebss = .
                0x00000000200002b8                __bss_end__ = _ebss

._user_heap_stack
                0x00000000200002b8      0x600 load address 0x000000000800c968
                0x00000000200002b8                . = ALIGN (0x8)
                0x00000000200002b8                PROVIDE (end = .)
                [!provide]                        PROVIDE (_end = .)
                0x00000000200004b8                . = (. + _Min_Heap_Size)
 *fill*         0x00000000200002b8      0x200 
                0x00000000200008b8                . = (. + _Min_Stack_Size)
 *fill*         0x00000000200004b8      0x400 
                0x00000000200008b8                . = ALIGN (0x8)

/DISCARD/
 libc.a(*)
 libm.a(*)
 libgcc.a(*)

.ARM.attributes
                0x0000000000000000       0x29
 *(.ARM.attributes)
 .ARM.attributes
                0x0000000000000000       0x1d /usr/lib/gcc/arm-none-eabi/10.3.1/thumb/v7-m/nofp/crti.o
 .ARM.attributes
                0x000000000000001d       0x2d /usr/lib/gcc/arm-none-eabi/10.3.1/thumb/v7-m/nofp/crtbegin.o
 .ARM.attributes
                0x000000000000004a       0x2d build/main.o
 .ARM.attributes
                0x0000000000000077       0x2d build/gpio.o
 .ARM.attributes
                0x00000000000000a4       0x2d build/i2c.o
 .ARM.attributes
                0x00000000000000d1       0x2d build/usart.o
 .ARM.attributes
                0x00000000000000fe       0x2d build/syscalls.o
 .ARM.attributes
                0x000000000000012b       0x2d build/mpu_9250.o
 .ARM.attributes
                0x0000000000000158       0x2d build/printf.o
 .ARM.attributes
                0x0000000000000185       0x2d build/FusionAhrs.o
 .ARM.attributes
                0x00000000000001b2       0x2d build/FusionCompass.o
 .ARM.attributes
                0x00000000000001df       0x2d build/FusionOffset.o
 .ARM.attributes
                0x000000000000020c       0x2d build/stm32f1xx_it.o
 .ARM.attributes
                0x0000000000000239       0x2d build/stm32f1xx_hal_msp.o
 .ARM.attributes
                0x0000000000000266       0x2d build/stm32f1xx_hal_i2c.o
 .ARM.attributes
                0x0000000000000293       0x2d build/stm32f1xx_hal.o
 .ARM.attributes
                0x00000000000002c0       0x2d build/stm32f1xx_hal_rcc.o
 .ARM.attributes
                0x00000000000002ed       0x2d build/stm32f1xx_hal_gpio.o
 .ARM.attributes
                0x000000000000031a       0x2d build/stm32f1xx_hal_dma.o
 .ARM.attributes
                0x0000000000000347       0x2d build/stm32f1xx_hal_cortex.o
 .ARM.attributes
                0x0000000000000374       0x2d build/stm32f1xx_hal_uart.o
 .ARM.attributes
                0x00000000000003a1       0x2d build/system_stm32f1xx.o
 .ARM.attributes
                0x00000000000003ce       0x21 build/startup_stm32f103xb.o
 .ARM.attributes
                0x00000000000003ef       0x2d /usr/lib/gcc/arm-none-eabi/10.3.1/../../../arm-none-eabi/lib/thumb/v7-m/nofp/libc_nano.a(lib_a-errno.o)
 .ARM.attributes
                0x000000000000041c       0x2d /usr/lib/gcc/arm-none-eabi/10.3.1/../../../arm-none-eabi/lib/thumb/v7-m/nofp/libc_nano.a(lib_a-impure.o)
 .ARM.attributes
                0x0000000000000449       0x2d /usr/lib/gcc/arm-none-eabi/10.3.1/../../../arm-none-eabi/lib/thumb/v7-m/nofp/libc_nano.a(lib_a-init.o)
 .ARM.attributes
                0x0000000000000476       0x2d /usr/lib/gcc/arm-none-eabi/10.3.1/../../../arm-none-eabi/lib/thumb/v7-m/nofp/libc_nano.a(lib_a-memset.o)
 .ARM.attributes
                0x00000000000004a3       0x2d /usr/lib/gcc/arm-none-eabi/10.3.1/../../../arm-none-eabi/lib/thumb/v7-m/nofp/libc_nano.a(lib_a-nano-vfprintf_float.o)
 .ARM.attributes
                0x00000000000004d0       0x2d /usr/lib/gcc/arm-none-eabi/10.3.1/../../../arm-none-eabi/lib/thumb/v7-m/nofp/libc_nano.a(lib_a-nano-vfprintf_i.o)
 .ARM.attributes
                0x00000000000004fd       0x2d /usr/lib/gcc/arm-none-eabi/10.3.1/../../../arm-none-eabi/lib/thumb/v7-m/nofp/libc_nano.a(lib_a-strlen-stub.o)
 .ARM.attributes
                0x000000000000052a       0x2d /usr/lib/gcc/arm-none-eabi/10.3.1/../../../arm-none-eabi/lib/thumb/v7-m/nofp/libc_nano.a(lib_a-dtoa.o)
 .ARM.attributes
                0x0000000000000557       0x2d /usr/lib/gcc/arm-none-eabi/10.3.1/../../../arm-none-eabi/lib/thumb/v7-m/nofp/libc_nano.a(lib_a-localeconv.o)
 .ARM.attributes
                0x0000000000000584       0x2d /usr/lib/gcc/arm-none-eabi/10.3.1/../../../arm-none-eabi/lib/thumb/v7-m/nofp/libc_nano.a(lib_a-malloc.o)
 .ARM.attributes
                0x00000000000005b1       0x2d /usr/lib/gcc/arm-none-eabi/10.3.1/../../../arm-none-eabi/lib/thumb/v7-m/nofp/libc_nano.a(lib_a-memchr-stub.o)
 .ARM.attributes
                0x00000000000005de       0x1b /usr/lib/gcc/arm-none-eabi/10.3.1/../../../arm-none-eabi/lib/thumb/v7-m/nofp/libc_nano.a(lib_a-memcpy.o)
 .ARM.attributes
                0x00000000000005f9       0x2d /usr/lib/gcc/arm-none-eabi/10.3.1/../../../arm-none-eabi/lib/thumb/v7-m/nofp/libc_nano.a(lib_a-mprec.o)
 .ARM.attributes
                0x0000000000000626       0x2d /usr/lib/gcc/arm-none-eabi/10.3.1/../../../arm-none-eabi/lib/thumb/v7-m/nofp/libc_nano.a(lib_a-nano-callocr.o)
 .ARM.attributes
                0x0000000000000653       0x2d /usr/lib/gcc/arm-none-eabi/10.3.1/../../../arm-none-eabi/lib/thumb/v7-m/nofp/libc_nano.a(lib_a-nano-freer.o)
 .ARM.attributes
                0x0000000000000680       0x2d /usr/lib/gcc/arm-none-eabi/10.3.1/../../../arm-none-eabi/lib/thumb/v7-m/nofp/libc_nano.a(lib_a-nano-mallocr.o)
 .ARM.attributes
                0x00000000000006ad       0x2d /usr/lib/gcc/arm-none-eabi/10.3.1/../../../arm-none-eabi/lib/thumb/v7-m/nofp/libc_nano.a(lib_a-sbrkr.o)
 .ARM.attributes
                0x00000000000006da       0x2d /usr/lib/gcc/arm-none-eabi/10.3.1/../../../arm-none-eabi/lib/thumb/v7-m/nofp/libc_nano.a(lib_a-assert.o)
 .ARM.attributes
                0x0000000000000707       0x2d /usr/lib/gcc/arm-none-eabi/10.3.1/../../../arm-none-eabi/lib/thumb/v7-m/nofp/libc_nano.a(lib_a-fprintf.o)
 .ARM.attributes
                0x0000000000000734       0x2d /usr/lib/gcc/arm-none-eabi/10.3.1/../../../arm-none-eabi/lib/thumb/v7-m/nofp/libc_nano.a(lib_a-locale.o)
 .ARM.attributes
                0x0000000000000761       0x2d /usr/lib/gcc/arm-none-eabi/10.3.1/../../../arm-none-eabi/lib/thumb/v7-m/nofp/libc_nano.a(lib_a-mbtowc_r.o)
 .ARM.attributes
                0x000000000000078e       0x2d /usr/lib/gcc/arm-none-eabi/10.3.1/../../../arm-none-eabi/lib/thumb/v7-m/nofp/libc_nano.a(lib_a-mlock.o)
 .ARM.attributes
                0x00000000000007bb       0x2d /usr/lib/gcc/arm-none-eabi/10.3.1/../../../arm-none-eabi/lib/thumb/v7-m/nofp/libc_nano.a(lib_a-nano-vfprintf.o)
 .ARM.attributes
                0x00000000000007e8       0x2d /usr/lib/gcc/arm-none-eabi/10.3.1/../../../arm-none-eabi/lib/thumb/v7-m/nofp/libc_nano.a(lib_a-reent.o)
 .ARM.attributes
                0x0000000000000815       0x2d /usr/lib/gcc/arm-none-eabi/10.3.1/../../../arm-none-eabi/lib/thumb/v7-m/nofp/libc_nano.a(lib_a-wbuf.o)
 .ARM.attributes
                0x0000000000000842       0x2d /usr/lib/gcc/arm-none-eabi/10.3.1/../../../arm-none-eabi/lib/thumb/v7-m/nofp/libc_nano.a(lib_a-wctomb_r.o)
 .ARM.attributes
                0x000000000000086f       0x2d /usr/lib/gcc/arm-none-eabi/10.3.1/../../../arm-none-eabi/lib/thumb/v7-m/nofp/libc_nano.a(lib_a-wsetup.o)
 .ARM.attributes
                0x000000000000089c       0x2d /usr/lib/gcc/arm-none-eabi/10.3.1/../../../arm-none-eabi/lib/thumb/v7-m/nofp/libc_nano.a(lib_a-abort.o)
 .ARM.attributes
                0x00000000000008c9       0x2d /usr/lib/gcc/arm-none-eabi/10.3.1/../../../arm-none-eabi/lib/thumb/v7-m/nofp/libc_nano.a(lib_a-ctype_.o)
 .ARM.attributes
                0x00000000000008f6       0x2d /usr/lib/gcc/arm-none-eabi/10.3.1/../../../arm-none-eabi/lib/thumb/v7-m/nofp/libc_nano.a(lib_a-fflush.o)
 .ARM.attributes
                0x0000000000000923       0x2d /usr/lib/gcc/arm-none-eabi/10.3.1/../../../arm-none-eabi/lib/thumb/v7-m/nofp/libc_nano.a(lib_a-findfp.o)
 .ARM.attributes
                0x0000000000000950       0x2d /usr/lib/gcc/arm-none-eabi/10.3.1/../../../arm-none-eabi/lib/thumb/v7-m/nofp/libc_nano.a(lib_a-fvwrite.o)
 .ARM.attributes
                0x000000000000097d       0x2d /usr/lib/gcc/arm-none-eabi/10.3.1/../../../arm-none-eabi/lib/thumb/v7-m/nofp/libc_nano.a(lib_a-fwalk.o)
 .ARM.attributes
                0x00000000000009aa       0x2d /usr/lib/gcc/arm-none-eabi/10.3.1/../../../arm-none-eabi/lib/thumb/v7-m/nofp/libc_nano.a(lib_a-makebuf.o)
 .ARM.attributes
                0x00000000000009d7       0x2d /usr/lib/gcc/arm-none-eabi/10.3.1/../../../arm-none-eabi/lib/thumb/v7-m/nofp/libc_nano.a(lib_a-memmove.o)
 .ARM.attributes
                0x0000000000000a04       0x2d /usr/lib/gcc/arm-none-eabi/10.3.1/../../../arm-none-eabi/lib/thumb/v7-m/nofp/libc_nano.a(lib_a-nano-reallocr.o)
 .ARM.attributes
                0x0000000000000a31       0x2d /usr/lib/gcc/arm-none-eabi/10.3.1/../../../arm-none-eabi/lib/thumb/v7-m/nofp/libc_nano.a(lib_a-signal.o)
 .ARM.attributes
                0x0000000000000a5e       0x2d /usr/lib/gcc/arm-none-eabi/10.3.1/../../../arm-none-eabi/lib/thumb/v7-m/nofp/libc_nano.a(lib_a-signalr.o)
 .ARM.attributes
                0x0000000000000a8b       0x2d /usr/lib/gcc/arm-none-eabi/10.3.1/../../../arm-none-eabi/lib/thumb/v7-m/nofp/libc_nano.a(lib_a-stdio.o)
 .ARM.attributes
                0x0000000000000ab8       0x2d /usr/lib/gcc/arm-none-eabi/10.3.1/../../../arm-none-eabi/lib/thumb/v7-m/nofp/libc_nano.a(lib_a-writer.o)
 .ARM.attributes
                0x0000000000000ae5       0x2d /usr/lib/gcc/arm-none-eabi/10.3.1/../../../arm-none-eabi/lib/thumb/v7-m/nofp/libc_nano.a(lib_a-closer.o)
 .ARM.attributes
                0x0000000000000b12       0x2d /usr/lib/gcc/arm-none-eabi/10.3.1/../../../arm-none-eabi/lib/thumb/v7-m/nofp/libc_nano.a(lib_a-fstatr.o)
 .ARM.attributes
                0x0000000000000b3f       0x2d /usr/lib/gcc/arm-none-eabi/10.3.1/../../../arm-none-eabi/lib/thumb/v7-m/nofp/libc_nano.a(lib_a-isattyr.o)
 .ARM.attributes
                0x0000000000000b6c       0x2d /usr/lib/gcc/arm-none-eabi/10.3.1/../../../arm-none-eabi/lib/thumb/v7-m/nofp/libc_nano.a(lib_a-lseekr.o)
 .ARM.attributes
                0x0000000000000b99       0x2d /usr/lib/gcc/arm-none-eabi/10.3.1/../../../arm-none-eabi/lib/thumb/v7-m/nofp/libc_nano.a(lib_a-nano-msizer.o)
 .ARM.attributes
                0x0000000000000bc6       0x2d /usr/lib/gcc/arm-none-eabi/10.3.1/../../../arm-none-eabi/lib/thumb/v7-m/nofp/libc_nano.a(lib_a-readr.o)
 .ARM.attributes
                0x0000000000000bf3       0x2d /usr/lib/gcc/arm-none-eabi/10.3.1/../../../arm-none-eabi/lib/thumb/v7-m/nofp/libm.a(lib_a-sf_cos.o)
 .ARM.attributes
                0x0000000000000c20       0x2d /usr/lib/gcc/arm-none-eabi/10.3.1/../../../arm-none-eabi/lib/thumb/v7-m/nofp/libm.a(lib_a-sf_sin.o)
 .ARM.attributes
                0x0000000000000c4d       0x2d /usr/lib/gcc/arm-none-eabi/10.3.1/../../../arm-none-eabi/lib/thumb/v7-m/nofp/libm.a(lib_a-wf_asin.o)
 .ARM.attributes
                0x0000000000000c7a       0x2d /usr/lib/gcc/arm-none-eabi/10.3.1/../../../arm-none-eabi/lib/thumb/v7-m/nofp/libm.a(lib_a-wf_atan2.o)
 .ARM.attributes
                0x0000000000000ca7       0x2d /usr/lib/gcc/arm-none-eabi/10.3.1/../../../arm-none-eabi/lib/thumb/v7-m/nofp/libm.a(lib_a-wf_pow.o)
 .ARM.attributes
                0x0000000000000cd4       0x2d /usr/lib/gcc/arm-none-eabi/10.3.1/../../../arm-none-eabi/lib/thumb/v7-m/nofp/libm.a(lib_a-ef_asin.o)
 .ARM.attributes
                0x0000000000000d01       0x2d /usr/lib/gcc/arm-none-eabi/10.3.1/../../../arm-none-eabi/lib/thumb/v7-m/nofp/libm.a(lib_a-ef_atan2.o)
 .ARM.attributes
                0x0000000000000d2e       0x2d /usr/lib/gcc/arm-none-eabi/10.3.1/../../../arm-none-eabi/lib/thumb/v7-m/nofp/libm.a(lib_a-ef_pow.o)
 .ARM.attributes
                0x0000000000000d5b       0x2d /usr/lib/gcc/arm-none-eabi/10.3.1/../../../arm-none-eabi/lib/thumb/v7-m/nofp/libm.a(lib_a-ef_rem_pio2.o)
 .ARM.attributes
                0x0000000000000d88       0x2d /usr/lib/gcc/arm-none-eabi/10.3.1/../../../arm-none-eabi/lib/thumb/v7-m/nofp/libm.a(lib_a-ef_sqrt.o)
 .ARM.attributes
                0x0000000000000db5       0x2d /usr/lib/gcc/arm-none-eabi/10.3.1/../../../arm-none-eabi/lib/thumb/v7-m/nofp/libm.a(lib_a-kf_cos.o)
 .ARM.attributes
                0x0000000000000de2       0x2d /usr/lib/gcc/arm-none-eabi/10.3.1/../../../arm-none-eabi/lib/thumb/v7-m/nofp/libm.a(lib_a-kf_rem_pio2.o)
 .ARM.attributes
                0x0000000000000e0f       0x2d /usr/lib/gcc/arm-none-eabi/10.3.1/../../../arm-none-eabi/lib/thumb/v7-m/nofp/libm.a(lib_a-kf_sin.o)
 .ARM.attributes
                0x0000000000000e3c       0x2d /usr/lib/gcc/arm-none-eabi/10.3.1/../../../arm-none-eabi/lib/thumb/v7-m/nofp/libm.a(lib_a-s_lib_ver.o)
 .ARM.attributes
                0x0000000000000e69       0x2d /usr/lib/gcc/arm-none-eabi/10.3.1/../../../arm-none-eabi/lib/thumb/v7-m/nofp/libm.a(lib_a-sf_atan.o)
 .ARM.attributes
                0x0000000000000e96       0x2d /usr/lib/gcc/arm-none-eabi/10.3.1/../../../arm-none-eabi/lib/thumb/v7-m/nofp/libm.a(lib_a-sf_fabs.o)
 .ARM.attributes
                0x0000000000000ec3       0x2d /usr/lib/gcc/arm-none-eabi/10.3.1/../../../arm-none-eabi/lib/thumb/v7-m/nofp/libm.a(lib_a-sf_finite.o)
 .ARM.attributes
                0x0000000000000ef0       0x2d /usr/lib/gcc/arm-none-eabi/10.3.1/../../../arm-none-eabi/lib/thumb/v7-m/nofp/libm.a(lib_a-sf_floor.o)
 .ARM.attributes
                0x0000000000000f1d       0x2d /usr/lib/gcc/arm-none-eabi/10.3.1/../../../arm-none-eabi/lib/thumb/v7-m/nofp/libm.a(lib_a-sf_nan.o)
 .ARM.attributes
                0x0000000000000f4a       0x2d /usr/lib/gcc/arm-none-eabi/10.3.1/../../../arm-none-eabi/lib/thumb/v7-m/nofp/libm.a(lib_a-sf_rint.o)
 .ARM.attributes
                0x0000000000000f77       0x2d /usr/lib/gcc/arm-none-eabi/10.3.1/../../../arm-none-eabi/lib/thumb/v7-m/nofp/libm.a(lib_a-sf_scalbn.o)
 .ARM.attributes
                0x0000000000000fa4       0x1d /usr/lib/gcc/arm-none-eabi/10.3.1/thumb/v7-m/nofp/libgcc.a(_arm_addsubdf3.o)
 .ARM.attributes
                0x0000000000000fc1       0x1d /usr/lib/gcc/arm-none-eabi/10.3.1/thumb/v7-m/nofp/libgcc.a(_arm_muldivdf3.o)
 .ARM.attributes
                0x0000000000000fde       0x1d /usr/lib/gcc/arm-none-eabi/10.3.1/thumb/v7-m/nofp/libgcc.a(_arm_cmpdf2.o)
 .ARM.attributes
                0x0000000000000ffb       0x1d /usr/lib/gcc/arm-none-eabi/10.3.1/thumb/v7-m/nofp/libgcc.a(_arm_unorddf2.o)
 .ARM.attributes
                0x0000000000001018       0x1d /usr/lib/gcc/arm-none-eabi/10.3.1/thumb/v7-m/nofp/libgcc.a(_arm_fixdfsi.o)
 .ARM.attributes
                0x0000000000001035       0x1d /usr/lib/gcc/arm-none-eabi/10.3.1/thumb/v7-m/nofp/libgcc.a(_arm_fixunsdfsi.o)
 .ARM.attributes
                0x0000000000001052       0x1d /usr/lib/gcc/arm-none-eabi/10.3.1/thumb/v7-m/nofp/libgcc.a(_arm_truncdfsf2.o)
 .ARM.attributes
                0x000000000000106f       0x1d /usr/lib/gcc/arm-none-eabi/10.3.1/thumb/v7-m/nofp/libgcc.a(_arm_addsubsf3.o)
 .ARM.attributes
                0x000000000000108c       0x1d /usr/lib/gcc/arm-none-eabi/10.3.1/thumb/v7-m/nofp/libgcc.a(_arm_muldivsf3.o)
 .ARM.attributes
                0x00000000000010a9       0x1d /usr/lib/gcc/arm-none-eabi/10.3.1/thumb/v7-m/nofp/libgcc.a(_arm_cmpsf2.o)
 .ARM.attributes
                0x00000000000010c6       0x1d /usr/lib/gcc/arm-none-eabi/10.3.1/thumb/v7-m/nofp/libgcc.a(_arm_unordsf2.o)
 .ARM.attributes
                0x00000000000010e3       0x1d /usr/lib/gcc/arm-none-eabi/10.3.1/thumb/v7-m/nofp/libgcc.a(_arm_fixsfsi.o)
 .ARM.attributes
                0x0000000000001100       0x1d /usr/lib/gcc/arm-none-eabi/10.3.1/thumb/v7-m/nofp/libgcc.a(_aeabi_uldivmod.o)
 .ARM.attributes
                0x000000000000111d       0x2d /usr/lib/gcc/arm-none-eabi/10.3.1/thumb/v7-m/nofp/libgcc.a(_udivmoddi4.o)
 .ARM.attributes
                0x000000000000114a       0x1d /usr/lib/gcc/arm-none-eabi/10.3.1/thumb/v7-m/nofp/libgcc.a(_dvmd_tls.o)
 .ARM.attributes
                0x0000000000001167       0x2d /usr/lib/gcc/arm-none-eabi/10.3.1/thumb/v7-m/nofp/crtend.o
 .ARM.attributes
                0x0000000000001194       0x1d /usr/lib/gcc/arm-none-eabi/10.3.1/thumb/v7-m/nofp/crtn.o
OUTPUT(build/mpu9250_configure.elf elf32-littlearm)
LOAD linker stubs
LOAD /usr/lib/gcc/arm-none-eabi/10.3.1/../../../arm-none-eabi/lib/thumb/v7-m/nofp/libc.a
LOAD /usr/lib/gcc/arm-none-eabi/10.3.1/../../../arm-none-eabi/lib/thumb/v7-m/nofp/libm.a
LOAD /usr/lib/gcc/arm-none-eabi/10.3.1/thumb/v7-m/nofp/libgcc.a

.comment        0x0000000000000000       0x33
 .comment       0x0000000000000000       0x33 /usr/lib/gcc/arm-none-eabi/10.3.1/thumb/v7-m/nofp/crtbegin.o
                                         0x34 (size before relaxing)
 .comment       0x0000000000000033       0x34 build/main.o
 .comment       0x0000000000000033       0x34 build/gpio.o
 .comment       0x0000000000000033       0x34 build/i2c.o
 .comment       0x0000000000000033       0x34 build/usart.o
 .comment       0x0000000000000033       0x34 build/syscalls.o
 .comment       0x0000000000000033       0x34 build/mpu_9250.o
 .comment       0x0000000000000033       0x34 build/printf.o
 .comment       0x0000000000000033       0x34 build/FusionAhrs.o
 .comment       0x0000000000000033       0x34 build/FusionCompass.o
 .comment       0x0000000000000033       0x34 build/FusionOffset.o
 .comment       0x0000000000000033       0x34 build/stm32f1xx_it.o
 .comment       0x0000000000000033       0x34 build/stm32f1xx_hal_msp.o
 .comment       0x0000000000000033       0x34 build/stm32f1xx_hal_i2c.o
 .comment       0x0000000000000033       0x34 build/stm32f1xx_hal.o
 .comment       0x0000000000000033       0x34 build/stm32f1xx_hal_rcc.o
 .comment       0x0000000000000033       0x34 build/stm32f1xx_hal_gpio.o
 .comment       0x0000000000000033       0x34 build/stm32f1xx_hal_dma.o
 .comment       0x0000000000000033       0x34 build/stm32f1xx_hal_cortex.o
 .comment       0x0000000000000033       0x34 build/stm32f1xx_hal_uart.o
 .comment       0x0000000000000033       0x34 build/system_stm32f1xx.o
 .comment       0x0000000000000033       0x34 /usr/lib/gcc/arm-none-eabi/10.3.1/../../../arm-none-eabi/lib/thumb/v7-m/nofp/libc_nano.a(lib_a-errno.o)
 .comment       0x0000000000000033       0x34 /usr/lib/gcc/arm-none-eabi/10.3.1/../../../arm-none-eabi/lib/thumb/v7-m/nofp/libc_nano.a(lib_a-impure.o)
 .comment       0x0000000000000033       0x34 /usr/lib/gcc/arm-none-eabi/10.3.1/../../../arm-none-eabi/lib/thumb/v7-m/nofp/libc_nano.a(lib_a-init.o)
 .comment       0x0000000000000033       0x34 /usr/lib/gcc/arm-none-eabi/10.3.1/../../../arm-none-eabi/lib/thumb/v7-m/nofp/libc_nano.a(lib_a-memset.o)
 .comment       0x0000000000000033       0x34 /usr/lib/gcc/arm-none-eabi/10.3.1/../../../arm-none-eabi/lib/thumb/v7-m/nofp/libc_nano.a(lib_a-nano-vfprintf_float.o)
 .comment       0x0000000000000033       0x34 /usr/lib/gcc/arm-none-eabi/10.3.1/../../../arm-none-eabi/lib/thumb/v7-m/nofp/libc_nano.a(lib_a-nano-vfprintf_i.o)
 .comment       0x0000000000000033       0x34 /usr/lib/gcc/arm-none-eabi/10.3.1/../../../arm-none-eabi/lib/thumb/v7-m/nofp/libc_nano.a(lib_a-strlen-stub.o)
 .comment       0x0000000000000033       0x34 /usr/lib/gcc/arm-none-eabi/10.3.1/../../../arm-none-eabi/lib/thumb/v7-m/nofp/libc_nano.a(lib_a-dtoa.o)
 .comment       0x0000000000000033       0x34 /usr/lib/gcc/arm-none-eabi/10.3.1/../../../arm-none-eabi/lib/thumb/v7-m/nofp/libc_nano.a(lib_a-localeconv.o)
 .comment       0x0000000000000033       0x34 /usr/lib/gcc/arm-none-eabi/10.3.1/../../../arm-none-eabi/lib/thumb/v7-m/nofp/libc_nano.a(lib_a-malloc.o)
 .comment       0x0000000000000033       0x34 /usr/lib/gcc/arm-none-eabi/10.3.1/../../../arm-none-eabi/lib/thumb/v7-m/nofp/libc_nano.a(lib_a-memchr-stub.o)
 .comment       0x0000000000000033       0x34 /usr/lib/gcc/arm-none-eabi/10.3.1/../../../arm-none-eabi/lib/thumb/v7-m/nofp/libc_nano.a(lib_a-mprec.o)
 .comment       0x0000000000000033       0x34 /usr/lib/gcc/arm-none-eabi/10.3.1/../../../arm-none-eabi/lib/thumb/v7-m/nofp/libc_nano.a(lib_a-nano-callocr.o)
 .comment       0x0000000000000033       0x34 /usr/lib/gcc/arm-none-eabi/10.3.1/../../../arm-none-eabi/lib/thumb/v7-m/nofp/libc_nano.a(lib_a-nano-freer.o)
 .comment       0x0000000000000033       0x34 /usr/lib/gcc/arm-none-eabi/10.3.1/../../../arm-none-eabi/lib/thumb/v7-m/nofp/libc_nano.a(lib_a-nano-mallocr.o)
 .comment       0x0000000000000033       0x34 /usr/lib/gcc/arm-none-eabi/10.3.1/../../../arm-none-eabi/lib/thumb/v7-m/nofp/libc_nano.a(lib_a-sbrkr.o)
 .comment       0x0000000000000033       0x34 /usr/lib/gcc/arm-none-eabi/10.3.1/../../../arm-none-eabi/lib/thumb/v7-m/nofp/libc_nano.a(lib_a-assert.o)
 .comment       0x0000000000000033       0x34 /usr/lib/gcc/arm-none-eabi/10.3.1/../../../arm-none-eabi/lib/thumb/v7-m/nofp/libc_nano.a(lib_a-fprintf.o)
 .comment       0x0000000000000033       0x34 /usr/lib/gcc/arm-none-eabi/10.3.1/../../../arm-none-eabi/lib/thumb/v7-m/nofp/libc_nano.a(lib_a-locale.o)
 .comment       0x0000000000000033       0x34 /usr/lib/gcc/arm-none-eabi/10.3.1/../../../arm-none-eabi/lib/thumb/v7-m/nofp/libc_nano.a(lib_a-mbtowc_r.o)
 .comment       0x0000000000000033       0x34 /usr/lib/gcc/arm-none-eabi/10.3.1/../../../arm-none-eabi/lib/thumb/v7-m/nofp/libc_nano.a(lib_a-mlock.o)
 .comment       0x0000000000000033       0x34 /usr/lib/gcc/arm-none-eabi/10.3.1/../../../arm-none-eabi/lib/thumb/v7-m/nofp/libc_nano.a(lib_a-nano-vfprintf.o)
 .comment       0x0000000000000033       0x34 /usr/lib/gcc/arm-none-eabi/10.3.1/../../../arm-none-eabi/lib/thumb/v7-m/nofp/libc_nano.a(lib_a-reent.o)
 .comment       0x0000000000000033       0x34 /usr/lib/gcc/arm-none-eabi/10.3.1/../../../arm-none-eabi/lib/thumb/v7-m/nofp/libc_nano.a(lib_a-wbuf.o)
 .comment       0x0000000000000033       0x34 /usr/lib/gcc/arm-none-eabi/10.3.1/../../../arm-none-eabi/lib/thumb/v7-m/nofp/libc_nano.a(lib_a-wctomb_r.o)
 .comment       0x0000000000000033       0x34 /usr/lib/gcc/arm-none-eabi/10.3.1/../../../arm-none-eabi/lib/thumb/v7-m/nofp/libc_nano.a(lib_a-wsetup.o)
 .comment       0x0000000000000033       0x34 /usr/lib/gcc/arm-none-eabi/10.3.1/../../../arm-none-eabi/lib/thumb/v7-m/nofp/libc_nano.a(lib_a-abort.o)
 .comment       0x0000000000000033       0x34 /usr/lib/gcc/arm-none-eabi/10.3.1/../../../arm-none-eabi/lib/thumb/v7-m/nofp/libc_nano.a(lib_a-ctype_.o)
 .comment       0x0000000000000033       0x34 /usr/lib/gcc/arm-none-eabi/10.3.1/../../../arm-none-eabi/lib/thumb/v7-m/nofp/libc_nano.a(lib_a-fflush.o)
 .comment       0x0000000000000033       0x34 /usr/lib/gcc/arm-none-eabi/10.3.1/../../../arm-none-eabi/lib/thumb/v7-m/nofp/libc_nano.a(lib_a-findfp.o)
 .comment       0x0000000000000033       0x34 /usr/lib/gcc/arm-none-eabi/10.3.1/../../../arm-none-eabi/lib/thumb/v7-m/nofp/libc_nano.a(lib_a-fvwrite.o)
 .comment       0x0000000000000033       0x34 /usr/lib/gcc/arm-none-eabi/10.3.1/../../../arm-none-eabi/lib/thumb/v7-m/nofp/libc_nano.a(lib_a-fwalk.o)
 .comment       0x0000000000000033       0x34 /usr/lib/gcc/arm-none-eabi/10.3.1/../../../arm-none-eabi/lib/thumb/v7-m/nofp/libc_nano.a(lib_a-makebuf.o)
 .comment       0x0000000000000033       0x34 /usr/lib/gcc/arm-none-eabi/10.3.1/../../../arm-none-eabi/lib/thumb/v7-m/nofp/libc_nano.a(lib_a-memmove.o)
 .comment       0x0000000000000033       0x34 /usr/lib/gcc/arm-none-eabi/10.3.1/../../../arm-none-eabi/lib/thumb/v7-m/nofp/libc_nano.a(lib_a-nano-reallocr.o)
 .comment       0x0000000000000033       0x34 /usr/lib/gcc/arm-none-eabi/10.3.1/../../../arm-none-eabi/lib/thumb/v7-m/nofp/libc_nano.a(lib_a-signal.o)
 .comment       0x0000000000000033       0x34 /usr/lib/gcc/arm-none-eabi/10.3.1/../../../arm-none-eabi/lib/thumb/v7-m/nofp/libc_nano.a(lib_a-signalr.o)
 .comment       0x0000000000000033       0x34 /usr/lib/gcc/arm-none-eabi/10.3.1/../../../arm-none-eabi/lib/thumb/v7-m/nofp/libc_nano.a(lib_a-stdio.o)
 .comment       0x0000000000000033       0x34 /usr/lib/gcc/arm-none-eabi/10.3.1/../../../arm-none-eabi/lib/thumb/v7-m/nofp/libc_nano.a(lib_a-writer.o)
 .comment       0x0000000000000033       0x34 /usr/lib/gcc/arm-none-eabi/10.3.1/../../../arm-none-eabi/lib/thumb/v7-m/nofp/libc_nano.a(lib_a-closer.o)
 .comment       0x0000000000000033       0x34 /usr/lib/gcc/arm-none-eabi/10.3.1/../../../arm-none-eabi/lib/thumb/v7-m/nofp/libc_nano.a(lib_a-fstatr.o)
 .comment       0x0000000000000033       0x34 /usr/lib/gcc/arm-none-eabi/10.3.1/../../../arm-none-eabi/lib/thumb/v7-m/nofp/libc_nano.a(lib_a-isattyr.o)
 .comment       0x0000000000000033       0x34 /usr/lib/gcc/arm-none-eabi/10.3.1/../../../arm-none-eabi/lib/thumb/v7-m/nofp/libc_nano.a(lib_a-lseekr.o)
 .comment       0x0000000000000033       0x34 /usr/lib/gcc/arm-none-eabi/10.3.1/../../../arm-none-eabi/lib/thumb/v7-m/nofp/libc_nano.a(lib_a-nano-msizer.o)
 .comment       0x0000000000000033       0x34 /usr/lib/gcc/arm-none-eabi/10.3.1/../../../arm-none-eabi/lib/thumb/v7-m/nofp/libc_nano.a(lib_a-readr.o)
 .comment       0x0000000000000033       0x34 /usr/lib/gcc/arm-none-eabi/10.3.1/../../../arm-none-eabi/lib/thumb/v7-m/nofp/libm.a(lib_a-sf_cos.o)
 .comment       0x0000000000000033       0x34 /usr/lib/gcc/arm-none-eabi/10.3.1/../../../arm-none-eabi/lib/thumb/v7-m/nofp/libm.a(lib_a-sf_sin.o)
 .comment       0x0000000000000033       0x34 /usr/lib/gcc/arm-none-eabi/10.3.1/../../../arm-none-eabi/lib/thumb/v7-m/nofp/libm.a(lib_a-wf_asin.o)
 .comment       0x0000000000000033       0x34 /usr/lib/gcc/arm-none-eabi/10.3.1/../../../arm-none-eabi/lib/thumb/v7-m/nofp/libm.a(lib_a-wf_atan2.o)
 .comment       0x0000000000000033       0x34 /usr/lib/gcc/arm-none-eabi/10.3.1/../../../arm-none-eabi/lib/thumb/v7-m/nofp/libm.a(lib_a-wf_pow.o)
 .comment       0x0000000000000033       0x34 /usr/lib/gcc/arm-none-eabi/10.3.1/../../../arm-none-eabi/lib/thumb/v7-m/nofp/libm.a(lib_a-ef_asin.o)
 .comment       0x0000000000000033       0x34 /usr/lib/gcc/arm-none-eabi/10.3.1/../../../arm-none-eabi/lib/thumb/v7-m/nofp/libm.a(lib_a-ef_atan2.o)
 .comment       0x0000000000000033       0x34 /usr/lib/gcc/arm-none-eabi/10.3.1/../../../arm-none-eabi/lib/thumb/v7-m/nofp/libm.a(lib_a-ef_pow.o)
 .comment       0x0000000000000033       0x34 /usr/lib/gcc/arm-none-eabi/10.3.1/../../../arm-none-eabi/lib/thumb/v7-m/nofp/libm.a(lib_a-ef_rem_pio2.o)
 .comment       0x0000000000000033       0x34 /usr/lib/gcc/arm-none-eabi/10.3.1/../../../arm-none-eabi/lib/thumb/v7-m/nofp/libm.a(lib_a-ef_sqrt.o)
 .comment       0x0000000000000033       0x34 /usr/lib/gcc/arm-none-eabi/10.3.1/../../../arm-none-eabi/lib/thumb/v7-m/nofp/libm.a(lib_a-kf_cos.o)
 .comment       0x0000000000000033       0x34 /usr/lib/gcc/arm-none-eabi/10.3.1/../../../arm-none-eabi/lib/thumb/v7-m/nofp/libm.a(lib_a-kf_rem_pio2.o)
 .comment       0x0000000000000033       0x34 /usr/lib/gcc/arm-none-eabi/10.3.1/../../../arm-none-eabi/lib/thumb/v7-m/nofp/libm.a(lib_a-kf_sin.o)
 .comment       0x0000000000000033       0x34 /usr/lib/gcc/arm-none-eabi/10.3.1/../../../arm-none-eabi/lib/thumb/v7-m/nofp/libm.a(lib_a-s_lib_ver.o)
 .comment       0x0000000000000033       0x34 /usr/lib/gcc/arm-none-eabi/10.3.1/../../../arm-none-eabi/lib/thumb/v7-m/nofp/libm.a(lib_a-sf_atan.o)
 .comment       0x0000000000000033       0x34 /usr/lib/gcc/arm-none-eabi/10.3.1/../../../arm-none-eabi/lib/thumb/v7-m/nofp/libm.a(lib_a-sf_fabs.o)
 .comment       0x0000000000000033       0x34 /usr/lib/gcc/arm-none-eabi/10.3.1/../../../arm-none-eabi/lib/thumb/v7-m/nofp/libm.a(lib_a-sf_finite.o)
 .comment       0x0000000000000033       0x34 /usr/lib/gcc/arm-none-eabi/10.3.1/../../../arm-none-eabi/lib/thumb/v7-m/nofp/libm.a(lib_a-sf_floor.o)
 .comment       0x0000000000000033       0x34 /usr/lib/gcc/arm-none-eabi/10.3.1/../../../arm-none-eabi/lib/thumb/v7-m/nofp/libm.a(lib_a-sf_nan.o)
 .comment       0x0000000000000033       0x34 /usr/lib/gcc/arm-none-eabi/10.3.1/../../../arm-none-eabi/lib/thumb/v7-m/nofp/libm.a(lib_a-sf_rint.o)
 .comment       0x0000000000000033       0x34 /usr/lib/gcc/arm-none-eabi/10.3.1/../../../arm-none-eabi/lib/thumb/v7-m/nofp/libm.a(lib_a-sf_scalbn.o)
 .comment       0x0000000000000033       0x34 /usr/lib/gcc/arm-none-eabi/10.3.1/thumb/v7-m/nofp/libgcc.a(_udivmoddi4.o)
 .comment       0x0000000000000033       0x34 /usr/lib/gcc/arm-none-eabi/10.3.1/thumb/v7-m/nofp/crtend.o

.debug_info     0x0000000000000000    0x3289f
 .debug_info    0x0000000000000000     0x1911 build/main.o
 .debug_info    0x0000000000001911      0x1aa build/gpio.o
 .debug_info    0x0000000000001abb      0x939 build/i2c.o
 .debug_info    0x00000000000023f4      0xa73 build/usart.o
 .debug_info    0x0000000000002e67      0x8df build/syscalls.o
 .debug_info    0x0000000000003746      0xfa4 build/mpu_9250.o
 .debug_info    0x00000000000046ea     0x1b91 build/printf.o
 .debug_info    0x000000000000627b     0x21b7 build/FusionAhrs.o
 .debug_info    0x0000000000008432      0x787 build/FusionCompass.o
 .debug_info    0x0000000000008bb9      0x3ff build/FusionOffset.o
 .debug_info    0x0000000000008fb8      0x69b build/stm32f1xx_it.o
 .debug_info    0x0000000000009653      0x22c build/stm32f1xx_hal_msp.o
 .debug_info    0x000000000000987f     0x3c2e build/stm32f1xx_hal_i2c.o
 .debug_info    0x000000000000d4ad      0x849 build/stm32f1xx_hal.o
 .debug_info    0x000000000000dcf6      0xac8 build/stm32f1xx_hal_rcc.o
 .debug_info    0x000000000000e7be      0x6bf build/stm32f1xx_hal_gpio.o
 .debug_info    0x000000000000ee7d      0x8af build/stm32f1xx_hal_dma.o
 .debug_info    0x000000000000f72c      0xe09 build/stm32f1xx_hal_cortex.o
 .debug_info    0x0000000000010535     0x1dee build/stm32f1xx_hal_uart.o
 .debug_info    0x0000000000012323      0x256 build/system_stm32f1xx.o
 .debug_info    0x0000000000012579       0x22 build/startup_stm32f103xb.o
 .debug_info    0x000000000001259b      0x7ae /usr/lib/gcc/arm-none-eabi/10.3.1/../../../arm-none-eabi/lib/thumb/v7-m/nofp/libc_nano.a(lib_a-errno.o)
 .debug_info    0x0000000000012d49      0x863 /usr/lib/gcc/arm-none-eabi/10.3.1/../../../arm-none-eabi/lib/thumb/v7-m/nofp/libc_nano.a(lib_a-impure.o)
 .debug_info    0x00000000000135ac      0x11a /usr/lib/gcc/arm-none-eabi/10.3.1/../../../arm-none-eabi/lib/thumb/v7-m/nofp/libc_nano.a(lib_a-init.o)
 .debug_info    0x00000000000136c6      0x137 /usr/lib/gcc/arm-none-eabi/10.3.1/../../../arm-none-eabi/lib/thumb/v7-m/nofp/libc_nano.a(lib_a-memset.o)
 .debug_info    0x00000000000137fd     0x1480 /usr/lib/gcc/arm-none-eabi/10.3.1/../../../arm-none-eabi/lib/thumb/v7-m/nofp/libc_nano.a(lib_a-nano-vfprintf_float.o)
 .debug_info    0x0000000000014c7d      0xe9e /usr/lib/gcc/arm-none-eabi/10.3.1/../../../arm-none-eabi/lib/thumb/v7-m/nofp/libc_nano.a(lib_a-nano-vfprintf_i.o)
 .debug_info    0x0000000000015b1b       0xbc /usr/lib/gcc/arm-none-eabi/10.3.1/../../../arm-none-eabi/lib/thumb/v7-m/nofp/libc_nano.a(lib_a-strlen-stub.o)
 .debug_info    0x0000000000015bd7     0x1969 /usr/lib/gcc/arm-none-eabi/10.3.1/../../../arm-none-eabi/lib/thumb/v7-m/nofp/libc_nano.a(lib_a-dtoa.o)
 .debug_info    0x0000000000017540      0xad8 /usr/lib/gcc/arm-none-eabi/10.3.1/../../../arm-none-eabi/lib/thumb/v7-m/nofp/libc_nano.a(lib_a-localeconv.o)
 .debug_info    0x0000000000018018      0x832 /usr/lib/gcc/arm-none-eabi/10.3.1/../../../arm-none-eabi/lib/thumb/v7-m/nofp/libc_nano.a(lib_a-malloc.o)
 .debug_info    0x000000000001884a      0x14e /usr/lib/gcc/arm-none-eabi/10.3.1/../../../arm-none-eabi/lib/thumb/v7-m/nofp/libc_nano.a(lib_a-memchr-stub.o)
 .debug_info    0x0000000000018998       0x26 /usr/lib/gcc/arm-none-eabi/10.3.1/../../../arm-none-eabi/lib/thumb/v7-m/nofp/libc_nano.a(lib_a-memcpy.o)
 .debug_info    0x00000000000189be     0x1ffe /usr/lib/gcc/arm-none-eabi/10.3.1/../../../arm-none-eabi/lib/thumb/v7-m/nofp/libc_nano.a(lib_a-mprec.o)
 .debug_info    0x000000000001a9bc      0x858 /usr/lib/gcc/arm-none-eabi/10.3.1/../../../arm-none-eabi/lib/thumb/v7-m/nofp/libc_nano.a(lib_a-nano-callocr.o)
 .debug_info    0x000000000001b214      0x940 /usr/lib/gcc/arm-none-eabi/10.3.1/../../../arm-none-eabi/lib/thumb/v7-m/nofp/libc_nano.a(lib_a-nano-freer.o)
 .debug_info    0x000000000001bb54      0xa0c /usr/lib/gcc/arm-none-eabi/10.3.1/../../../arm-none-eabi/lib/thumb/v7-m/nofp/libc_nano.a(lib_a-nano-mallocr.o)
 .debug_info    0x000000000001c560      0x828 /usr/lib/gcc/arm-none-eabi/10.3.1/../../../arm-none-eabi/lib/thumb/v7-m/nofp/libc_nano.a(lib_a-sbrkr.o)
 .debug_info    0x000000000001cd88      0x8bd /usr/lib/gcc/arm-none-eabi/10.3.1/../../../arm-none-eabi/lib/thumb/v7-m/nofp/libc_nano.a(lib_a-assert.o)
 .debug_info    0x000000000001d645      0x902 /usr/lib/gcc/arm-none-eabi/10.3.1/../../../arm-none-eabi/lib/thumb/v7-m/nofp/libc_nano.a(lib_a-fprintf.o)
 .debug_info    0x000000000001df47      0xca4 /usr/lib/gcc/arm-none-eabi/10.3.1/../../../arm-none-eabi/lib/thumb/v7-m/nofp/libc_nano.a(lib_a-locale.o)
 .debug_info    0x000000000001ebeb      0xb67 /usr/lib/gcc/arm-none-eabi/10.3.1/../../../arm-none-eabi/lib/thumb/v7-m/nofp/libc_nano.a(lib_a-mbtowc_r.o)
 .debug_info    0x000000000001f752      0x7dc /usr/lib/gcc/arm-none-eabi/10.3.1/../../../arm-none-eabi/lib/thumb/v7-m/nofp/libc_nano.a(lib_a-mlock.o)
 .debug_info    0x000000000001ff2e     0x115f /usr/lib/gcc/arm-none-eabi/10.3.1/../../../arm-none-eabi/lib/thumb/v7-m/nofp/libc_nano.a(lib_a-nano-vfprintf.o)
 .debug_info    0x000000000002108d      0xa7e /usr/lib/gcc/arm-none-eabi/10.3.1/../../../arm-none-eabi/lib/thumb/v7-m/nofp/libc_nano.a(lib_a-reent.o)
 .debug_info    0x0000000000021b0b      0x998 /usr/lib/gcc/arm-none-eabi/10.3.1/../../../arm-none-eabi/lib/thumb/v7-m/nofp/libc_nano.a(lib_a-wbuf.o)
 .debug_info    0x00000000000224a3      0xb26 /usr/lib/gcc/arm-none-eabi/10.3.1/../../../arm-none-eabi/lib/thumb/v7-m/nofp/libc_nano.a(lib_a-wctomb_r.o)
 .debug_info    0x0000000000022fc9      0x902 /usr/lib/gcc/arm-none-eabi/10.3.1/../../../arm-none-eabi/lib/thumb/v7-m/nofp/libc_nano.a(lib_a-wsetup.o)
 .debug_info    0x00000000000238cb       0xcb /usr/lib/gcc/arm-none-eabi/10.3.1/../../../arm-none-eabi/lib/thumb/v7-m/nofp/libc_nano.a(lib_a-abort.o)
 .debug_info    0x0000000000023996       0xb8 /usr/lib/gcc/arm-none-eabi/10.3.1/../../../arm-none-eabi/lib/thumb/v7-m/nofp/libc_nano.a(lib_a-ctype_.o)
 .debug_info    0x0000000000023a4e      0xb0a /usr/lib/gcc/arm-none-eabi/10.3.1/../../../arm-none-eabi/lib/thumb/v7-m/nofp/libc_nano.a(lib_a-fflush.o)
 .debug_info    0x0000000000024558      0xfae /usr/lib/gcc/arm-none-eabi/10.3.1/../../../arm-none-eabi/lib/thumb/v7-m/nofp/libc_nano.a(lib_a-findfp.o)
 .debug_info    0x0000000000025506      0xb54 /usr/lib/gcc/arm-none-eabi/10.3.1/../../../arm-none-eabi/lib/thumb/v7-m/nofp/libc_nano.a(lib_a-fvwrite.o)
 .debug_info    0x000000000002605a      0x900 /usr/lib/gcc/arm-none-eabi/10.3.1/../../../arm-none-eabi/lib/thumb/v7-m/nofp/libc_nano.a(lib_a-fwalk.o)
 .debug_info    0x000000000002695a      0xc8a /usr/lib/gcc/arm-none-eabi/10.3.1/../../../arm-none-eabi/lib/thumb/v7-m/nofp/libc_nano.a(lib_a-makebuf.o)
 .debug_info    0x00000000000275e4      0x152 /usr/lib/gcc/arm-none-eabi/10.3.1/../../../arm-none-eabi/lib/thumb/v7-m/nofp/libc_nano.a(lib_a-memmove.o)
 .debug_info    0x0000000000027736      0x911 /usr/lib/gcc/arm-none-eabi/10.3.1/../../../arm-none-eabi/lib/thumb/v7-m/nofp/libc_nano.a(lib_a-nano-reallocr.o)
 .debug_info    0x0000000000028047      0xdcc /usr/lib/gcc/arm-none-eabi/10.3.1/../../../arm-none-eabi/lib/thumb/v7-m/nofp/libc_nano.a(lib_a-signal.o)
 .debug_info    0x0000000000028e13      0x871 /usr/lib/gcc/arm-none-eabi/10.3.1/../../../arm-none-eabi/lib/thumb/v7-m/nofp/libc_nano.a(lib_a-signalr.o)
 .debug_info    0x0000000000029684      0xabc /usr/lib/gcc/arm-none-eabi/10.3.1/../../../arm-none-eabi/lib/thumb/v7-m/nofp/libc_nano.a(lib_a-stdio.o)
 .debug_info    0x000000000002a140      0x85a /usr/lib/gcc/arm-none-eabi/10.3.1/../../../arm-none-eabi/lib/thumb/v7-m/nofp/libc_nano.a(lib_a-writer.o)
 .debug_info    0x000000000002a99a      0x805 /usr/lib/gcc/arm-none-eabi/10.3.1/../../../arm-none-eabi/lib/thumb/v7-m/nofp/libc_nano.a(lib_a-closer.o)
 .debug_info    0x000000000002b19f      0xa1d /usr/lib/gcc/arm-none-eabi/10.3.1/../../../arm-none-eabi/lib/thumb/v7-m/nofp/libc_nano.a(lib_a-fstatr.o)
 .debug_info    0x000000000002bbbc      0x805 /usr/lib/gcc/arm-none-eabi/10.3.1/../../../arm-none-eabi/lib/thumb/v7-m/nofp/libc_nano.a(lib_a-isattyr.o)
 .debug_info    0x000000000002c3c1      0x83b /usr/lib/gcc/arm-none-eabi/10.3.1/../../../arm-none-eabi/lib/thumb/v7-m/nofp/libc_nano.a(lib_a-lseekr.o)
 .debug_info    0x000000000002cbfc      0x840 /usr/lib/gcc/arm-none-eabi/10.3.1/../../../arm-none-eabi/lib/thumb/v7-m/nofp/libc_nano.a(lib_a-nano-msizer.o)
 .debug_info    0x000000000002d43c      0x853 /usr/lib/gcc/arm-none-eabi/10.3.1/../../../arm-none-eabi/lib/thumb/v7-m/nofp/libc_nano.a(lib_a-readr.o)
 .debug_info    0x000000000002dc8f      0x1f0 /usr/lib/gcc/arm-none-eabi/10.3.1/../../../arm-none-eabi/lib/thumb/v7-m/nofp/libm.a(lib_a-sf_cos.o)
 .debug_info    0x000000000002de7f      0x200 /usr/lib/gcc/arm-none-eabi/10.3.1/../../../arm-none-eabi/lib/thumb/v7-m/nofp/libm.a(lib_a-sf_sin.o)
 .debug_info    0x000000000002e07f      0x191 /usr/lib/gcc/arm-none-eabi/10.3.1/../../../arm-none-eabi/lib/thumb/v7-m/nofp/libm.a(lib_a-wf_asin.o)
 .debug_info    0x000000000002e210       0xf0 /usr/lib/gcc/arm-none-eabi/10.3.1/../../../arm-none-eabi/lib/thumb/v7-m/nofp/libm.a(lib_a-wf_atan2.o)
 .debug_info    0x000000000002e300      0x292 /usr/lib/gcc/arm-none-eabi/10.3.1/../../../arm-none-eabi/lib/thumb/v7-m/nofp/libm.a(lib_a-wf_pow.o)
 .debug_info    0x000000000002e592      0x605 /usr/lib/gcc/arm-none-eabi/10.3.1/../../../arm-none-eabi/lib/thumb/v7-m/nofp/libm.a(lib_a-ef_asin.o)
 .debug_info    0x000000000002eb97      0x320 /usr/lib/gcc/arm-none-eabi/10.3.1/../../../arm-none-eabi/lib/thumb/v7-m/nofp/libm.a(lib_a-ef_atan2.o)
 .debug_info    0x000000000002eeb7      0xd13 /usr/lib/gcc/arm-none-eabi/10.3.1/../../../arm-none-eabi/lib/thumb/v7-m/nofp/libm.a(lib_a-ef_pow.o)
 .debug_info    0x000000000002fbca      0x60a /usr/lib/gcc/arm-none-eabi/10.3.1/../../../arm-none-eabi/lib/thumb/v7-m/nofp/libm.a(lib_a-ef_rem_pio2.o)
 .debug_info    0x00000000000301d4      0x252 /usr/lib/gcc/arm-none-eabi/10.3.1/../../../arm-none-eabi/lib/thumb/v7-m/nofp/libm.a(lib_a-ef_sqrt.o)