Archive member included to satisfy reference by file (symbol)

/usr/lib/gcc/arm-none-eabi/10.3.1/../../../arm-none-eabi/lib/thumb/v7e-m+fp/hard/libc_nano.a(lib_a-atexit.o)
                              /usr/lib/gcc/arm-none-eabi/10.3.1/../../../arm-none-eabi/lib/thumb/v7e-m+fp/hard/crt0.o (atexit)
/usr/lib/gcc/arm-none-eabi/10.3.1/../../../arm-none-eabi/lib/thumb/v7e-m+fp/hard/libc_nano.a(lib_a-exit.o)
                              /usr/lib/gcc/arm-none-eabi/10.3.1/../../../arm-none-eabi/lib/thumb/v7e-m+fp/hard/crt0.o (exit)
/usr/lib/gcc/arm-none-eabi/10.3.1/../../../arm-none-eabi/lib/thumb/v7e-m+fp/hard/libc_nano.a(lib_a-fini.o)
                              /usr/lib/gcc/arm-none-eabi/10.3.1/../../../arm-none-eabi/lib/thumb/v7e-m+fp/hard/crt0.o (__libc_fini_array)
/usr/lib/gcc/arm-none-eabi/10.3.1/../../../arm-none-eabi/lib/thumb/v7e-m+fp/hard/libc_nano.a(lib_a-impure.o)
                              /usr/lib/gcc/arm-none-eabi/10.3.1/../../../arm-none-eabi/lib/thumb/v7e-m+fp/hard/libc_nano.a(lib_a-exit.o) (_global_impure_ptr)
/usr/lib/gcc/arm-none-eabi/10.3.1/../../../arm-none-eabi/lib/thumb/v7e-m+fp/hard/libc_nano.a(lib_a-init.o)
                              /usr/lib/gcc/arm-none-eabi/10.3.1/../../../arm-none-eabi/lib/thumb/v7e-m+fp/hard/crt0.o (__libc_init_array)
/usr/lib/gcc/arm-none-eabi/10.3.1/../../../arm-none-eabi/lib/thumb/v7e-m+fp/hard/libc_nano.a(lib_a-memset.o)
                              /usr/lib/gcc/arm-none-eabi/10.3.1/../../../arm-none-eabi/lib/thumb/v7e-m+fp/hard/crt0.o (memset)
/usr/lib/gcc/arm-none-eabi/10.3.1/../../../arm-none-eabi/lib/thumb/v7e-m+fp/hard/libc_nano.a(lib_a-sprintf.o)
                              build/main.o (sprintf)
/usr/lib/gcc/arm-none-eabi/10.3.1/../../../arm-none-eabi/lib/thumb/v7e-m+fp/hard/libc_nano.a(lib_a-strlen.o)
                              build/main.o (strlen)
/usr/lib/gcc/arm-none-eabi/10.3.1/../../../arm-none-eabi/lib/thumb/v7e-m+fp/hard/libc_nano.a(lib_a-__atexit.o)
                              /usr/lib/gcc/arm-none-eabi/10.3.1/../../../arm-none-eabi/lib/thumb/v7e-m+fp/hard/libc_nano.a(lib_a-atexit.o) (__register_exitproc)
/usr/lib/gcc/arm-none-eabi/10.3.1/../../../arm-none-eabi/lib/thumb/v7e-m+fp/hard/libc_nano.a(lib_a-__call_atexit.o)
                              /usr/lib/gcc/arm-none-eabi/10.3.1/../../../arm-none-eabi/lib/thumb/v7e-m+fp/hard/libc_nano.a(lib_a-__atexit.o) (__call_exitprocs)
/usr/lib/gcc/arm-none-eabi/10.3.1/../../../arm-none-eabi/lib/thumb/v7e-m+fp/hard/libc_nano.a(lib_a-nano-svfprintf.o)
                              /usr/lib/gcc/arm-none-eabi/10.3.1/../../../arm-none-eabi/lib/thumb/v7e-m+fp/hard/libc_nano.a(lib_a-sprintf.o) (_svfprintf_r)
/usr/lib/gcc/arm-none-eabi/10.3.1/../../../arm-none-eabi/lib/thumb/v7e-m+fp/hard/libc_nano.a(lib_a-nano-vfprintf_i.o)
                              /usr/lib/gcc/arm-none-eabi/10.3.1/../../../arm-none-eabi/lib/thumb/v7e-m+fp/hard/libc_nano.a(lib_a-nano-svfprintf.o) (_printf_i)
/usr/lib/gcc/arm-none-eabi/10.3.1/../../../arm-none-eabi/lib/thumb/v7e-m+fp/hard/libc_nano.a(lib_a-memchr.o)
                              /usr/lib/gcc/arm-none-eabi/10.3.1/../../../arm-none-eabi/lib/thumb/v7e-m+fp/hard/libc_nano.a(lib_a-nano-svfprintf.o) (memchr)
/usr/lib/gcc/arm-none-eabi/10.3.1/../../../arm-none-eabi/lib/thumb/v7e-m+fp/hard/libc_nano.a(lib_a-memcpy.o)
                              /usr/lib/gcc/arm-none-eabi/10.3.1/../../../arm-none-eabi/lib/thumb/v7e-m+fp/hard/libc_nano.a(lib_a-nano-svfprintf.o) (memcpy)
/usr/lib/gcc/arm-none-eabi/10.3.1/../../../arm-none-eabi/lib/thumb/v7e-m+fp/hard/libc_nano.a(lib_a-memmove.o)
                              /usr/lib/gcc/arm-none-eabi/10.3.1/../../../arm-none-eabi/lib/thumb/v7e-m+fp/hard/libc_nano.a(lib_a-nano-svfprintf.o) (memmove)
/usr/lib/gcc/arm-none-eabi/10.3.1/../../../arm-none-eabi/lib/thumb/v7e-m+fp/hard/libc_nano.a(lib_a-nano-freer.o)
                              /usr/lib/gcc/arm-none-eabi/10.3.1/../../../arm-none-eabi/lib/thumb/v7e-m+fp/hard/libc_nano.a(lib_a-nano-svfprintf.o) (_free_r)
/usr/lib/gcc/arm-none-eabi/10.3.1/../../../arm-none-eabi/lib/thumb/v7e-m+fp/hard/libc_nano.a(lib_a-nano-mallocr.o)
                              /usr/lib/gcc/arm-none-eabi/10.3.1/../../../arm-none-eabi/lib/thumb/v7e-m+fp/hard/libc_nano.a(lib_a-nano-svfprintf.o) (_malloc_r)
/usr/lib/gcc/arm-none-eabi/10.3.1/../../../arm-none-eabi/lib/thumb/v7e-m+fp/hard/libc_nano.a(lib_a-nano-reallocr.o)
                              /usr/lib/gcc/arm-none-eabi/10.3.1/../../../arm-none-eabi/lib/thumb/v7e-m+fp/hard/libc_nano.a(lib_a-nano-svfprintf.o) (_realloc_r)
/usr/lib/gcc/arm-none-eabi/10.3.1/../../../arm-none-eabi/lib/thumb/v7e-m+fp/hard/libc_nano.a(lib_a-sbrkr.o)
                              /usr/lib/gcc/arm-none-eabi/10.3.1/../../../arm-none-eabi/lib/thumb/v7e-m+fp/hard/libc_nano.a(lib_a-nano-mallocr.o) (_sbrk_r)
/usr/lib/gcc/arm-none-eabi/10.3.1/../../../arm-none-eabi/lib/thumb/v7e-m+fp/hard/libc_nano.a(lib_a-mlock.o)
[...]
Memory Configuration

Name             Origin             Length             Attributes
RAM              0x0000000020000000 0x0000000000004000 xrw
FLASH            0x0000000008000000 0x0000000000010000 xr
*default*        0x0000000000000000 0xffffffffffffffff

Linker script and memory map

LOAD /usr/lib/gcc/arm-none-eabi/10.3.1/thumb/v7e-m+fp/hard/crti.o
LOAD /usr/lib/gcc/arm-none-eabi/10.3.1/thumb/v7e-m+fp/hard/crtbegin.o
LOAD /usr/lib/gcc/arm-none-eabi/10.3.1/../../../arm-none-eabi/lib/thumb/v7e-m+fp/hard/crt0.o
LOAD build/main.o
LOAD build/gpio.o
LOAD build/i2c.o
LOAD build/usart.o
LOAD build/stm32f3xx_it.o
LOAD build/stm32f3xx_hal_msp.o
LOAD build/mpu_9250.o
LOAD build/FusionAhrs.o
LOAD build/FusionCompass.o
LOAD build/FusionOffset.o
LOAD build/stm32f3xx_hal_i2c.o
LOAD build/stm32f3xx_hal_i2c_ex.o
LOAD build/stm32f3xx_hal.o
LOAD build/stm32f3xx_hal_rcc.o
LOAD build/stm32f3xx_hal_rcc_ex.o
LOAD build/stm32f3xx_hal_gpio.o
LOAD build/stm32f3xx_hal_dma.o
LOAD build/stm32f3xx_hal_cortex.o
LOAD build/stm32f3xx_hal_pwr.o
LOAD build/stm32f3xx_hal_pwr_ex.o
LOAD build/stm32f3xx_hal_flash.o
LOAD build/stm32f3xx_hal_flash_ex.o
LOAD build/stm32f3xx_hal_exti.o
LOAD build/stm32f3xx_hal_tim.o
LOAD build/stm32f3xx_hal_tim_ex.o
LOAD build/stm32f3xx_hal_uart.o
LOAD build/stm32f3xx_hal_uart_ex.o
LOAD build/system_stm32f3xx.o
LOAD build/startup_stm32f301x8.o
LOAD /usr/lib/gcc/arm-none-eabi/10.3.1/../../../arm-none-eabi/lib/thumb/v7e-m+fp/hard/libc_nano.a
LOAD /usr/lib/gcc/arm-none-eabi/10.3.1/../../../arm-none-eabi/lib/thumb/v7e-m+fp/hard/libm.a
LOAD /usr/lib/gcc/arm-none-eabi/10.3.1/../../../arm-none-eabi/lib/thumb/v7e-m+fp/hard/libnosys.a
START GROUP
LOAD /usr/lib/gcc/arm-none-eabi/10.3.1/thumb/v7e-m+fp/hard/libgcc.a
LOAD /usr/lib/gcc/arm-none-eabi/10.3.1/../../../arm-none-eabi/lib/thumb/v7e-m+fp/hard/libc_nano.a
END GROUP
START GROUP
LOAD /usr/lib/gcc/arm-none-eabi/10.3.1/thumb/v7e-m+fp/hard/libgcc.a
LOAD /usr/lib/gcc/arm-none-eabi/10.3.1/../../../arm-none-eabi/lib/thumb/v7e-m+fp/hard/libc_nano.a
END GROUP
LOAD /usr/lib/gcc/arm-none-eabi/10.3.1/thumb/v7e-m+fp/hard/crtend.o
LOAD /usr/lib/gcc/arm-none-eabi/10.3.1/thumb/v7e-m+fp/hard/crtn.o
                0x0000000020004000                _estack = (ORIGIN (RAM) + LENGTH (RAM))
                0x0000000000000200                _Min_Heap_Size = 0x200
                0x0000000000000400                _Min_Stack_Size = 0x400

.isr_vector     0x0000000008000000      0x188
                0x0000000008000000                . = ALIGN (0x4)
 *(.isr_vector)
 .isr_vector    0x0000000008000000      0x188 build/startup_stm32f301x8.o
                0x0000000008000000                g_pfnVectors
                0x0000000008000188                . = ALIGN (0x4)

.text           0x00000000080001c0     0x35cc
                0x00000000080001c0                . = ALIGN (0x4)
 *(.text)
 .text          0x00000000080001c0       0x88 /usr/lib/gcc/arm-none-eabi/10.3.1/thumb/v7e-m+fp/hard/crtbegin.o
 .text          0x0000000008000248       0x48 /usr/lib/gcc/arm-none-eabi/10.3.1/../../../arm-none-eabi/lib/thumb/v7e-m+fp/hard/libc_nano.a(lib_a-init.o)
                0x0000000008000248                __libc_init_array
 .text          0x0000000008000290       0xa4 /usr/lib/gcc/arm-none-eabi/10.3.1/../../../arm-none-eabi/lib/thumb/v7e-m+fp/hard/libc_nano.a(lib_a-memset.o)
                0x0000000008000290                memset
 .text          0x0000000008000334       0x78 /usr/lib/gcc/arm-none-eabi/10.3.1/../../../arm-none-eabi/lib/thumb/v7e-m+fp/hard/libc_nano.a(lib_a-sprintf.o)
                0x0000000008000334                _siprintf_r
                0x0000000008000334                _sprintf_r
                0x000000000800036c                sprintf
                0x000000000800036c                siprintf
 *fill*         0x00000000080003ac       0x14 
 .text          0x00000000080003c0       0xdc /usr/lib/gcc/arm-none-eabi/10.3.1/../../../arm-none-eabi/lib/thumb/v7e-m+fp/hard/libc_nano.a(lib_a-strlen.o)
                0x00000000080003c0                strlen
 .text          0x000000000800049c      0x3f0 /usr/lib/gcc/arm-none-eabi/10.3.1/../../../arm-none-eabi/lib/thumb/v7e-m+fp/hard/libc_nano.a(lib_a-nano-svfprintf.o)
                0x000000000800049c                __ssputs_r
                0x0000000008000560                __ssprint_r
                0x0000000008000658                _svfprintf_r
                0x0000000008000658                _svfiprintf_r
 .text          0x000000000800088c      0x3dc /usr/lib/gcc/arm-none-eabi/10.3.1/../../../arm-none-eabi/lib/thumb/v7e-m+fp/hard/libc_nano.a(lib_a-nano-vfprintf_i.o)
                0x000000000800088c                _printf_common
                0x00000000080009b8                _printf_i
 *fill*         0x0000000008000c68        0x8 
 .text          0x0000000008000c70       0xa0 /usr/lib/gcc/arm-none-eabi/10.3.1/../../../arm-none-eabi/lib/thumb/v7e-m+fp/hard/libc_nano.a(lib_a-memchr.o)
                0x0000000008000c70                memchr
 .text          0x0000000008000d10      0x134 /usr/lib/gcc/arm-none-eabi/10.3.1/../../../arm-none-eabi/lib/thumb/v7e-m+fp/hard/libc_nano.a(lib_a-memcpy.o)
                0x0000000008000d10                memcpy
 .text          0x0000000008000e44       0xf8 /usr/lib/gcc/arm-none-eabi/10.3.1/../../../arm-none-eabi/lib/thumb/v7e-m+fp/hard/libc_nano.a(lib_a-memmove.o)
                0x0000000008000e44                memmove
 .text          0x0000000008000f3c       0xc4 /usr/lib/gcc/arm-none-eabi/10.3.1/../../../arm-none-eabi/lib/thumb/v7e-m+fp/hard/libc_nano.a(lib_a-nano-freer.o)
                0x0000000008000f3c                _free_r
 .text          0x0000000008001000       0xb4 /usr/lib/gcc/arm-none-eabi/10.3.1/../../../arm-none-eabi/lib/thumb/v7e-m+fp/hard/libc_nano.a(lib_a-nano-mallocr.o)
                0x0000000008001000                _malloc_r
 .text          0x00000000080010b4       0x50 /usr/lib/gcc/arm-none-eabi/10.3.1/../../../arm-none-eabi/lib/thumb/v7e-m+fp/hard/libc_nano.a(lib_a-nano-reallocr.o)
                0x00000000080010b4                _realloc_r
 .text          0x0000000008001104       0x24 /usr/lib/gcc/arm-none-eabi/10.3.1/../../../arm-none-eabi/lib/thumb/v7e-m+fp/hard/libc_nano.a(lib_a-sbrkr.o)
                0x0000000008001104                _sbrk_r
 .text          0x0000000008001128        0x8 /usr/lib/gcc/arm-none-eabi/10.3.1/../../../arm-none-eabi/lib/thumb/v7e-m+fp/hard/libc_nano.a(lib_a-mlock.o)
                0x0000000008001128                __malloc_lock
                0x000000000800112c                __malloc_unlock
 .text          0x0000000008001130       0x14 /usr/lib/gcc/arm-none-eabi/10.3.1/../../../arm-none-eabi/lib/thumb/v7e-m+fp/hard/libc_nano.a(lib_a-nano-msizer.o)
                0x0000000008001130                _malloc_usable_size_r
 .text          0x0000000008001144       0x1c /usr/lib/gcc/arm-none-eabi/10.3.1/../../../arm-none-eabi/lib/thumb/v7e-m+fp/hard/libnosys.a(sbrk.o)
                0x0000000008001144                _sbrk
 .text          0x0000000008001160      0x378 /usr/lib/gcc/arm-none-eabi/10.3.1/thumb/v7e-m+fp/hard/libgcc.a(_arm_addsubdf3.o)
                0x0000000008001160                __aeabi_drsub
                0x0000000008001168                __aeabi_dsub
                0x0000000008001168                __subdf3
                0x000000000800116c                __adddf3
                0x000000000800116c                __aeabi_dadd
                0x00000000080013e4                __aeabi_ui2d
                0x00000000080013e4                __floatunsidf
                0x0000000008001404                __floatsidf
                0x0000000008001404                __aeabi_i2d
                0x0000000008001428                __extendsfdf2
                0x0000000008001428                __aeabi_f2d
                0x000000000800146c                __aeabi_ul2d
                0x000000000800146c                __floatundidf
                0x000000000800147c                __floatdidf
                0x000000000800147c                __aeabi_l2d
 *(.text*)
 .text.USART3_print
                0x00000000080014d8       0x18 build/main.o
 .text.Error_Handler
                0x00000000080014f0        0x4 build/main.o
                0x00000000080014f0                Error_Handler
 .text.SystemClock_Config
                0x00000000080014f4       0x86 build/main.o
                0x00000000080014f4                SystemClock_Config
 *fill*         0x000000000800157a        0x2 
 .text.main     0x000000000800157c       0xb8 build/main.o
                0x000000000800157c                main
 .text.MX_GPIO_Init
                0x0000000008001634       0x44 build/gpio.o
                0x0000000008001634                MX_GPIO_Init
 .text.MX_I2C1_Init
                0x0000000008001678       0x58 build/i2c.o
                0x0000000008001678                MX_I2C1_Init
 .text.HAL_I2C_MspInit
                0x00000000080016d0       0x68 build/i2c.o
                0x00000000080016d0                HAL_I2C_MspInit
 .text.MX_USART3_UART_Init
                0x0000000008001738       0x38 build/usart.o
                0x0000000008001738                MX_USART3_UART_Init
 .text.HAL_UART_MspInit
                0x0000000008001770       0x6c build/usart.o
                0x0000000008001770                HAL_UART_MspInit
 .text.NMI_Handler
                0x00000000080017dc        0x2 build/stm32f3xx_it.o
                0x00000000080017dc                NMI_Handler
 .text.HardFault_Handler
                0x00000000080017de        0x2 build/stm32f3xx_it.o
                0x00000000080017de                HardFault_Handler
 .text.MemManage_Handler
                0x00000000080017e0        0x2 build/stm32f3xx_it.o
                0x00000000080017e0                MemManage_Handler
 .text.BusFault_Handler
                0x00000000080017e2        0x2 build/stm32f3xx_it.o
                0x00000000080017e2                BusFault_Handler
 .text.UsageFault_Handler
                0x00000000080017e4        0x2 build/stm32f3xx_it.o
                0x00000000080017e4                UsageFault_Handler
 .text.SVC_Handler
                0x00000000080017e6        0x2 build/stm32f3xx_it.o
                0x00000000080017e6                SVC_Handler
 .text.DebugMon_Handler
                0x00000000080017e8        0x2 build/stm32f3xx_it.o
                0x00000000080017e8                DebugMon_Handler
 .text.PendSV_Handler
                0x00000000080017ea        0x2 build/stm32f3xx_it.o
                0x00000000080017ea                PendSV_Handler
 .text.SysTick_Handler
                0x00000000080017ec        0x8 build/stm32f3xx_it.o
                0x00000000080017ec                SysTick_Handler
 .text.HAL_MspInit
                0x00000000080017f4       0x30 build/stm32f3xx_hal_msp.o
                0x00000000080017f4                HAL_MspInit
 .text.MPU_9250_Init
                0x0000000008001824      0x244 build/mpu_9250.o
                0x0000000008001824                MPU_9250_Init
 .text.Accel_readXYZ
                0x0000000008001a68       0x9c build/mpu_9250.o
                0x0000000008001a68                Accel_readXYZ
 .text.Gyro_readXYZ
                0x0000000008001b04       0x9c build/mpu_9250.o
                0x0000000008001b04                Gyro_readXYZ
 .text.Magneto_readXYZ
                0x0000000008001ba0       0xa0 build/mpu_9250.o
                0x0000000008001ba0                Magneto_readXYZ
 .text.IMU_measure
                0x0000000008001c40       0x16 build/mpu_9250.o
                0x0000000008001c40                IMU_measure
 .text.I2C_Flush_TXDR
                0x0000000008001c56       0x22 build/stm32f3xx_hal_i2c.o
 .text.I2C_TransferConfig
                0x0000000008001c78       0x38 build/stm32f3xx_hal_i2c.o
 .text.I2C_IsAcknowledgeFailed
                0x0000000008001cb0       0xa0 build/stm32f3xx_hal_i2c.o
 .text.I2C_WaitOnTXISFlagUntilTimeout
                0x0000000008001d50       0x56 build/stm32f3xx_hal_i2c.o
 .text.I2C_WaitOnFlagUntilTimeout
                0x0000000008001da6       0x5a build/stm32f3xx_hal_i2c.o
 .text.I2C_RequestMemoryWrite
                0x0000000008001e00       0x7c build/stm32f3xx_hal_i2c.o
 .text.I2C_RequestMemoryRead
                0x0000000008001e7c       0x78 build/stm32f3xx_hal_i2c.o
 .text.I2C_WaitOnSTOPFlagUntilTimeout
                0x0000000008001ef4       0x50 build/stm32f3xx_hal_i2c.o
 .text.HAL_I2C_Init
                0x0000000008001f44       0xbc build/stm32f3xx_hal_i2c.o
                0x0000000008001f44                HAL_I2C_Init
 .text.HAL_I2C_Mem_Write
                0x0000000008002000      0x1a8 build/stm32f3xx_hal_i2c.o
                0x0000000008002000                HAL_I2C_Mem_Write
 .text.HAL_I2C_Mem_Read
                0x00000000080021a8      0x1b0 build/stm32f3xx_hal_i2c.o
                0x00000000080021a8                HAL_I2C_Mem_Read
 .text.HAL_I2CEx_ConfigAnalogFilter
                0x0000000008002358       0x5c build/stm32f3xx_hal_i2c_ex.o
                0x0000000008002358                HAL_I2CEx_ConfigAnalogFilter
 .text.HAL_I2CEx_ConfigDigitalFilter
                0x00000000080023b4       0x58 build/stm32f3xx_hal_i2c_ex.o
                0x00000000080023b4                HAL_I2CEx_ConfigDigitalFilter
 .text.HAL_InitTick
                0x000000000800240c       0x4c build/stm32f3xx_hal.o
                0x000000000800240c                HAL_InitTick
 .text.HAL_Init
                0x0000000008002458       0x24 build/stm32f3xx_hal.o
                0x0000000008002458                HAL_Init
 .text.HAL_IncTick
                0x000000000800247c       0x18 build/stm32f3xx_hal.o
                0x000000000800247c                HAL_IncTick
 .text.HAL_GetTick
                0x0000000008002494        0xc build/stm32f3xx_hal.o
                0x0000000008002494                HAL_GetTick
 .text.HAL_Delay
                0x00000000080024a0       0x28 build/stm32f3xx_hal.o
                0x00000000080024a0                HAL_Delay
 .text.HAL_RCC_OscConfig
                0x00000000080024c8      0x634 build/stm32f3xx_hal_rcc.o
                0x00000000080024c8                HAL_RCC_OscConfig
 .text.HAL_RCC_GetSysClockFreq
                0x0000000008002afc       0x70 build/stm32f3xx_hal_rcc.o
                0x0000000008002afc                HAL_RCC_GetSysClockFreq
 .text.HAL_RCC_ClockConfig
                0x0000000008002b6c      0x1a8 build/stm32f3xx_hal_rcc.o
                0x0000000008002b6c                HAL_RCC_ClockConfig
 .text.HAL_RCC_GetHCLKFreq
                0x0000000008002d14        0xc build/stm32f3xx_hal_rcc.o
                0x0000000008002d14                HAL_RCC_GetHCLKFreq
 .text.HAL_RCC_GetPCLK1Freq
                0x0000000008002d20       0x2c build/stm32f3xx_hal_rcc.o
                0x0000000008002d20                HAL_RCC_GetPCLK1Freq
 .text.HAL_RCC_GetPCLK2Freq
                0x0000000008002d4c       0x2c build/stm32f3xx_hal_rcc.o
                0x0000000008002d4c                HAL_RCC_GetPCLK2Freq
 .text.HAL_RCCEx_PeriphCLKConfig
                0x0000000008002d78      0x21c build/stm32f3xx_hal_rcc_ex.o
                0x0000000008002d78                HAL_RCCEx_PeriphCLKConfig
 .text.HAL_GPIO_Init
                0x0000000008002f94      0x1bc build/stm32f3xx_hal_gpio.o
                0x0000000008002f94                HAL_GPIO_Init
 .text.HAL_NVIC_SetPriorityGrouping
                0x0000000008003150       0x24 build/stm32f3xx_hal_cortex.o
                0x0000000008003150                HAL_NVIC_SetPriorityGrouping
 .text.HAL_NVIC_SetPriority
                0x0000000008003174       0x70 build/stm32f3xx_hal_cortex.o
                0x0000000008003174                HAL_NVIC_SetPriority
 .text.HAL_SYSTICK_Config
                0x00000000080031e4       0x28 build/stm32f3xx_hal_cortex.o
                0x00000000080031e4                HAL_SYSTICK_Config
 .text.UART_TxISR_8BIT
                0x000000000800320c       0x54 build/stm32f3xx_hal_uart.o
 .text.UART_TxISR_16BIT
                0x0000000008003260       0x58 build/stm32f3xx_hal_uart.o
 .text.HAL_UART_Transmit_IT
                0x00000000080032b8       0x80 build/stm32f3xx_hal_uart.o
                0x00000000080032b8                HAL_UART_Transmit_IT
 .text.UART_SetConfig
                0x0000000008003338      0x164 build/stm32f3xx_hal_uart.o
                0x0000000008003338                UART_SetConfig
 .text.UART_AdvFeatureConfig
                0x000000000800349c       0xca build/stm32f3xx_hal_uart.o
                0x000000000800349c                UART_AdvFeatureConfig
 .text.UART_WaitOnFlagUntilTimeout
                0x0000000008003566       0xd4 build/stm32f3xx_hal_uart.o
                0x0000000008003566                UART_WaitOnFlagUntilTimeout
 .text.UART_CheckIdleState
                0x000000000800363a       0x70 build/stm32f3xx_hal_uart.o
                0x000000000800363a                UART_CheckIdleState
 .text.HAL_UART_Init
                0x00000000080036aa       0x62 build/stm32f3xx_hal_uart.o
                0x00000000080036aa                HAL_UART_Init
 .text.SystemInit
                0x000000000800370c       0x14 build/system_stm32f3xx.o
                0x000000000800370c                SystemInit
 .text.Reset_Handler
                0x0000000008003720       0x50 build/startup_stm32f301x8.o
                0x0000000008003720                Reset_Handler
 .text.Default_Handler
                0x0000000008003770        0x2 build/startup_stm32f301x8.o
                0x0000000008003770                RTC_Alarm_IRQHandler
                0x0000000008003770                TIM1_CC_IRQHandler
                0x0000000008003770                PVD_IRQHandler
                0x0000000008003770                TAMP_STAMP_IRQHandler
                0x0000000008003770                EXTI3_IRQHandler
                0x0000000008003770                I2C3_ER_IRQHandler
                0x0000000008003770                EXTI0_IRQHandler
                0x0000000008003770                I2C2_EV_IRQHandler
                0x0000000008003770                FPU_IRQHandler
                0x0000000008003770                TIM1_UP_TIM16_IRQHandler
                0x0000000008003770                TIM6_DAC_IRQHandler
                0x0000000008003770                DMA1_Channel4_IRQHandler
                0x0000000008003770                ADC1_IRQHandler
                0x0000000008003770                USART3_IRQHandler
                0x0000000008003770                DMA1_Channel7_IRQHandler
                0x0000000008003770                I2C1_EV_IRQHandler
                0x0000000008003770                DMA1_Channel6_IRQHandler
                0x0000000008003770                RCC_IRQHandler
                0x0000000008003770                DMA1_Channel1_IRQHandler
                0x0000000008003770                Default_Handler
                0x0000000008003770                EXTI15_10_IRQHandler
                0x0000000008003770                COMP2_IRQHandler
                0x0000000008003770                I2C3_EV_IRQHandler
                0x0000000008003770                EXTI9_5_IRQHandler
                0x0000000008003770                RTC_WKUP_IRQHandler
                0x0000000008003770                SPI2_IRQHandler
                0x0000000008003770                DMA1_Channel5_IRQHandler
                0x0000000008003770                EXTI4_IRQHandler
                0x0000000008003770                TIM1_TRG_COM_TIM17_IRQHandler
                0x0000000008003770                DMA1_Channel3_IRQHandler
                0x0000000008003770                WWDG_IRQHandler
                0x0000000008003770                TIM2_IRQHandler
                0x0000000008003770                EXTI1_IRQHandler
                0x0000000008003770                COMP4_6_IRQHandler
                0x0000000008003770                USART2_IRQHandler
                0x0000000008003770                I2C2_ER_IRQHandler
                0x0000000008003770                DMA1_Channel2_IRQHandler
                0x0000000008003770                FLASH_IRQHandler
                0x0000000008003770                USART1_IRQHandler
                0x0000000008003770                SPI3_IRQHandler
                0x0000000008003770                I2C1_ER_IRQHandler
                0x0000000008003770                EXTI2_TSC_IRQHandler
                0x0000000008003770                TIM1_BRK_TIM15_IRQHandler
 *(.glue_7)
 .glue_7        0x0000000008003772        0x0 linker stubs
 *(.glue_7t)
 .glue_7t       0x0000000008003772        0x0 linker stubs
 *(.eh_frame)
 *fill*         0x0000000008003772        0x2 
 .eh_frame      0x0000000008003774        0x0 /usr/lib/gcc/arm-none-eabi/10.3.1/thumb/v7e-m+fp/hard/crtbegin.o
 *(.init)
 .init          0x0000000008003774        0x4 /usr/lib/gcc/arm-none-eabi/10.3.1/thumb/v7e-m+fp/hard/crti.o
                0x0000000008003774                _init
 .init          0x0000000008003778        0x8 /usr/lib/gcc/arm-none-eabi/10.3.1/thumb/v7e-m+fp/hard/crtn.o
 *(.fini)
 .fini          0x0000000008003780        0x4 /usr/lib/gcc/arm-none-eabi/10.3.1/thumb/v7e-m+fp/hard/crti.o
                0x0000000008003780                _fini
 .fini          0x0000000008003784        0x8 /usr/lib/gcc/arm-none-eabi/10.3.1/thumb/v7e-m+fp/hard/crtn.o
                0x000000000800378c                . = ALIGN (0x4)
                0x000000000800378c                _etext = .

.vfp11_veneer   0x000000000800378c        0x0
 .vfp11_veneer  0x000000000800378c        0x0 linker stubs

.v4_bx          0x000000000800378c        0x0
 .v4_bx         0x000000000800378c        0x0 linker stubs

.iplt           0x000000000800378c        0x0
 .iplt          0x000000000800378c        0x0 /usr/lib/gcc/arm-none-eabi/10.3.1/thumb/v7e-m+fp/hard/crtbegin.o

.rodata         0x000000000800378c      0x114
                0x000000000800378c                . = ALIGN (0x4)
 *(.rodata)
 .rodata        0x000000000800378c       0x64 build/main.o
 *(.rodata*)
 .rodata.main.str1.4
                0x00000000080037f0       0x3c build/main.o
 .rodata.aPLLMULFactorTable
                0x000000000800382c       0x10 build/stm32f3xx_hal_rcc.o
                0x000000000800382c                aPLLMULFactorTable
 .rodata.aPredivFactorTable
                0x000000000800383c       0x10 build/stm32f3xx_hal_rcc.o
                0x000000000800383c                aPredivFactorTable
 .rodata.AHBPrescTable
                0x000000000800384c       0x10 build/system_stm32f3xx.o
                0x000000000800384c                AHBPrescTable
 .rodata.APBPrescTable
                0x000000000800385c        0x8 build/system_stm32f3xx.o
                0x000000000800385c                APBPrescTable
 .rodata.str1.4
                0x0000000008003864       0x13 /usr/lib/gcc/arm-none-eabi/10.3.1/../../../arm-none-eabi/lib/thumb/v7e-m+fp/hard/libc_nano.a(lib_a-nano-svfprintf.o)
 *fill*         0x0000000008003877        0x1 
 .rodata.str1.4
                0x0000000008003878       0x25 /usr/lib/gcc/arm-none-eabi/10.3.1/../../../arm-none-eabi/lib/thumb/v7e-m+fp/hard/libc_nano.a(lib_a-nano-vfprintf_i.o)
                0x00000000080038a0                . = ALIGN (0x4)
 *fill*         0x000000000800389d        0x3 

.rel.dyn        0x00000000080038a0        0x0
 .rel.iplt      0x00000000080038a0        0x0 /usr/lib/gcc/arm-none-eabi/10.3.1/thumb/v7e-m+fp/hard/crtbegin.o

.ARM.extab
 *(.ARM.extab* .gnu.linkonce.armextab.*)

.ARM            0x00000000080038a0        0x0
                0x00000000080038a0                __exidx_start = .
 *(.ARM.exidx*)
                0x00000000080038a0                __exidx_end = .

.preinit_array  0x00000000080038a0        0x0
                0x00000000080038a0                PROVIDE (__preinit_array_start = .)
 *(.preinit_array*)
                0x00000000080038a0                PROVIDE (__preinit_array_end = .)

.init_array     0x00000000080038a0        0x4
                0x00000000080038a0                PROVIDE (__init_array_start = .)
 *(SORT_BY_NAME(.init_array.*))
 *(.init_array*)
 .init_array    0x00000000080038a0        0x4 /usr/lib/gcc/arm-none-eabi/10.3.1/thumb/v7e-m+fp/hard/crtbegin.o
                0x00000000080038a4                PROVIDE (__init_array_end = .)

.fini_array     0x00000000080038a4        0x4
                0x00000000080038a4                PROVIDE (__fini_array_start = .)
 *(SORT_BY_NAME(.fini_array.*))
 *(.fini_array*)
 .fini_array    0x00000000080038a4        0x4 /usr/lib/gcc/arm-none-eabi/10.3.1/thumb/v7e-m+fp/hard/crtbegin.o
                0x00000000080038a8                PROVIDE (__fini_array_end = .)
                0x00000000080038a8                _sidata = LOADADDR (.data)

.data           0x0000000020000000       0x70 load address 0x00000000080038a8
                0x0000000020000000                . = ALIGN (0x4)
                0x0000000020000000                _sdata = .
 *(.data)
 .data          0x0000000020000000       0x64 /usr/lib/gcc/arm-none-eabi/10.3.1/../../../arm-none-eabi/lib/thumb/v7e-m+fp/hard/libc_nano.a(lib_a-impure.o)
                0x0000000020000000                _impure_ptr
 *(.data*)
 .data.uwTickFreq
                0x0000000020000064        0x1 build/stm32f3xx_hal.o
                0x0000000020000064                uwTickFreq
 *fill*         0x0000000020000065        0x3 
 .data.uwTickPrio
                0x0000000020000068        0x4 build/stm32f3xx_hal.o
                0x0000000020000068                uwTickPrio
 .data.SystemCoreClock
                0x000000002000006c        0x4 build/system_stm32f3xx.o
                0x000000002000006c                SystemCoreClock
                0x0000000020000070                . = ALIGN (0x4)
                0x0000000020000070                _edata = .

.tm_clone_table
                0x0000000020000070        0x0 load address 0x0000000008003918
 .tm_clone_table
                0x0000000020000070        0x0 /usr/lib/gcc/arm-none-eabi/10.3.1/thumb/v7e-m+fp/hard/crtbegin.o
 .tm_clone_table
                0x0000000020000070        0x0 /usr/lib/gcc/arm-none-eabi/10.3.1/thumb/v7e-m+fp/hard/crtend.o

.igot.plt       0x0000000020000070        0x0 load address 0x0000000008003918
 .igot.plt      0x0000000020000070        0x0 /usr/lib/gcc/arm-none-eabi/10.3.1/thumb/v7e-m+fp/hard/crtbegin.o
                0x0000000020000070                . = ALIGN (0x4)

.bss            0x0000000020000070      0x108 load address 0x0000000008003918
                0x0000000020000070                _sbss = .
                0x0000000020000070                __bss_start__ = _sbss
 *(.bss)
 .bss           0x0000000020000070       0x1c /usr/lib/gcc/arm-none-eabi/10.3.1/thumb/v7e-m+fp/hard/crtbegin.o
 .bss           0x000000002000008c        0x8 /usr/lib/gcc/arm-none-eabi/10.3.1/../../../arm-none-eabi/lib/thumb/v7e-m+fp/hard/libc_nano.a(lib_a-nano-mallocr.o)
                0x000000002000008c                __malloc_free_list
                0x0000000020000090                __malloc_sbrk_start
 .bss           0x0000000020000094        0x4 /usr/lib/gcc/arm-none-eabi/10.3.1/../../../arm-none-eabi/lib/thumb/v7e-m+fp/hard/libc_nano.a(lib_a-reent.o)
                0x0000000020000094                errno
 .bss           0x0000000020000098        0x4 /usr/lib/gcc/arm-none-eabi/10.3.1/../../../arm-none-eabi/lib/thumb/v7e-m+fp/hard/libnosys.a(sbrk.o)
 *(.bss*)
 .bss.hi2c1     0x000000002000009c       0x4c build/i2c.o
                0x000000002000009c                hi2c1
 .bss.huart3    0x00000000200000e8       0x84 build/usart.o
                0x00000000200000e8                huart3
 .bss.sensAccel
                0x000000002000016c        0x4 build/mpu_9250.o
 .bss.sensGyro  0x0000000020000170        0x4 build/mpu_9250.o
 .bss.uwTick    0x0000000020000174        0x4 build/stm32f3xx_hal.o
                0x0000000020000174                uwTick
 *(COMMON)
                0x0000000020000178                . = ALIGN (0x4)
                0x0000000020000178                _ebss = .
                0x0000000020000178                __bss_end__ = _ebss

._user_heap_stack
                0x0000000020000178      0x600 load address 0x0000000008003918
                0x0000000020000178                . = ALIGN (0x8)
                0x0000000020000178                PROVIDE (end = .)
                [!provide]                        PROVIDE (_end = .)
                0x0000000020000378                . = (. + _Min_Heap_Size)
 *fill*         0x0000000020000178      0x200 
                0x0000000020000778                . = (. + _Min_Stack_Size)
 *fill*         0x0000000020000378      0x400 
                0x0000000020000778                . = ALIGN (0x8)

/DISCARD/
 libc.a(*)
 libm.a(*)
 libgcc.a(*)

.ARM.attributes
                0x0000000000000000       0x30
 *(.ARM.attributes)
 .ARM.attributes
                0x0000000000000000       0x1e /usr/lib/gcc/arm-none-eabi/10.3.1/thumb/v7e-m+fp/hard/crti.o
 .ARM.attributes
                0x000000000000001e       0x34 /usr/lib/gcc/arm-none-eabi/10.3.1/thumb/v7e-m+fp/hard/crtbegin.o
 .ARM.attributes
                0x0000000000000052       0x34 build/main.o
 .ARM.attributes
                0x0000000000000086       0x34 build/gpio.o
 .ARM.attributes
                0x00000000000000ba       0x34 build/i2c.o
 .ARM.attributes
                0x00000000000000ee       0x34 build/usart.o
 .ARM.attributes
                0x0000000000000122       0x34 build/stm32f3xx_it.o
 .ARM.attributes
                0x0000000000000156       0x34 build/stm32f3xx_hal_msp.o
 .ARM.attributes
                0x000000000000018a       0x34 build/mpu_9250.o
 .ARM.attributes
                0x00000000000001be       0x34 build/stm32f3xx_hal_i2c.o
 .ARM.attributes
                0x00000000000001f2       0x34 build/stm32f3xx_hal_i2c_ex.o
 .ARM.attributes
                0x0000000000000226       0x34 build/stm32f3xx_hal.o
 .ARM.attributes
                0x000000000000025a       0x34 build/stm32f3xx_hal_rcc.o
 .ARM.attributes
                0x000000000000028e       0x34 build/stm32f3xx_hal_rcc_ex.o
 .ARM.attributes
                0x00000000000002c2       0x34 build/stm32f3xx_hal_gpio.o
 .ARM.attributes
                0x00000000000002f6       0x34 build/stm32f3xx_hal_cortex.o
 .ARM.attributes
                0x000000000000032a       0x34 build/stm32f3xx_hal_uart.o
 .ARM.attributes
                0x000000000000035e       0x34 build/system_stm32f3xx.o
 .ARM.attributes
                0x0000000000000392       0x21 build/startup_stm32f301x8.o
 .ARM.attributes
                0x00000000000003b3       0x32 /usr/lib/gcc/arm-none-eabi/10.3.1/../../../arm-none-eabi/lib/thumb/v7e-m+fp/hard/libc_nano.a(lib_a-impure.o)
 .ARM.attributes
                0x00000000000003e5       0x34 /usr/lib/gcc/arm-none-eabi/10.3.1/../../../arm-none-eabi/lib/thumb/v7e-m+fp/hard/libc_nano.a(lib_a-init.o)
 .ARM.attributes
                0x0000000000000419       0x34 /usr/lib/gcc/arm-none-eabi/10.3.1/../../../arm-none-eabi/lib/thumb/v7e-m+fp/hard/libc_nano.a(lib_a-memset.o)
 .ARM.attributes
                0x000000000000044d       0x34 /usr/lib/gcc/arm-none-eabi/10.3.1/../../../arm-none-eabi/lib/thumb/v7e-m+fp/hard/libc_nano.a(lib_a-sprintf.o)
 .ARM.attributes
                0x0000000000000481       0x1c /usr/lib/gcc/arm-none-eabi/10.3.1/../../../arm-none-eabi/lib/thumb/v7e-m+fp/hard/libc_nano.a(lib_a-strlen.o)
 .ARM.attributes
                0x000000000000049d       0x34 /usr/lib/gcc/arm-none-eabi/10.3.1/../../../arm-none-eabi/lib/thumb/v7e-m+fp/hard/libc_nano.a(lib_a-nano-svfprintf.o)
 .ARM.attributes
                0x00000000000004d1       0x34 /usr/lib/gcc/arm-none-eabi/10.3.1/../../../arm-none-eabi/lib/thumb/v7e-m+fp/hard/libc_nano.a(lib_a-nano-vfprintf_i.o)
 .ARM.attributes
                0x0000000000000505       0x1c /usr/lib/gcc/arm-none-eabi/10.3.1/../../../arm-none-eabi/lib/thumb/v7e-m+fp/hard/libc_nano.a(lib_a-memchr.o)
 .ARM.attributes
                0x0000000000000521       0x1c /usr/lib/gcc/arm-none-eabi/10.3.1/../../../arm-none-eabi/lib/thumb/v7e-m+fp/hard/libc_nano.a(lib_a-memcpy.o)
 .ARM.attributes
                0x000000000000053d       0x34 /usr/lib/gcc/arm-none-eabi/10.3.1/../../../arm-none-eabi/lib/thumb/v7e-m+fp/hard/libc_nano.a(lib_a-memmove.o)
 .ARM.attributes
                0x0000000000000571       0x34 /usr/lib/gcc/arm-none-eabi/10.3.1/../../../arm-none-eabi/lib/thumb/v7e-m+fp/hard/libc_nano.a(lib_a-nano-freer.o)
 .ARM.attributes
                0x00000000000005a5       0x34 /usr/lib/gcc/arm-none-eabi/10.3.1/../../../arm-none-eabi/lib/thumb/v7e-m+fp/hard/libc_nano.a(lib_a-nano-mallocr.o)
 .ARM.attributes
                0x00000000000005d9       0x34 /usr/lib/gcc/arm-none-eabi/10.3.1/../../../arm-none-eabi/lib/thumb/v7e-m+fp/hard/libc_nano.a(lib_a-nano-reallocr.o)
 .ARM.attributes
                0x000000000000060d       0x34 /usr/lib/gcc/arm-none-eabi/10.3.1/../../../arm-none-eabi/lib/thumb/v7e-m+fp/hard/libc_nano.a(lib_a-sbrkr.o)
 .ARM.attributes
                0x0000000000000641       0x34 /usr/lib/gcc/arm-none-eabi/10.3.1/../../../arm-none-eabi/lib/thumb/v7e-m+fp/hard/libc_nano.a(lib_a-mlock.o)
 .ARM.attributes
                0x0000000000000675       0x34 /usr/lib/gcc/arm-none-eabi/10.3.1/../../../arm-none-eabi/lib/thumb/v7e-m+fp/hard/libc_nano.a(lib_a-nano-msizer.o)
 .ARM.attributes
                0x00000000000006a9       0x34 /usr/lib/gcc/arm-none-eabi/10.3.1/../../../arm-none-eabi/lib/thumb/v7e-m+fp/hard/libc_nano.a(lib_a-reent.o)
 .ARM.attributes
                0x00000000000006dd       0x34 /usr/lib/gcc/arm-none-eabi/10.3.1/../../../arm-none-eabi/lib/thumb/v7e-m+fp/hard/libnosys.a(sbrk.o)
 .ARM.attributes
                0x0000000000000711       0x1e /usr/lib/gcc/arm-none-eabi/10.3.1/thumb/v7e-m+fp/hard/libgcc.a(_arm_addsubdf3.o)
 .ARM.attributes
                0x000000000000072f       0x32 /usr/lib/gcc/arm-none-eabi/10.3.1/thumb/v7e-m+fp/hard/crtend.o
 .ARM.attributes
                0x0000000000000761       0x1e /usr/lib/gcc/arm-none-eabi/10.3.1/thumb/v7e-m+fp/hard/crtn.o
OUTPUT(build/mpu9250_calib.elf elf32-littlearm)
LOAD linker stubs
LOAD /usr/lib/gcc/arm-none-eabi/10.3.1/../../../arm-none-eabi/lib/thumb/v7e-m+fp/hard/libc.a
LOAD /usr/lib/gcc/arm-none-eabi/10.3.1/../../../arm-none-eabi/lib/thumb/v7e-m+fp/hard/libm.a
LOAD /usr/lib/gcc/arm-none-eabi/10.3.1/thumb/v7e-m+fp/hard/libgcc.a

.comment        0x0000000000000000       0x33
 .comment       0x0000000000000000       0x33 /usr/lib/gcc/arm-none-eabi/10.3.1/thumb/v7e-m+fp/hard/crtbegin.o
                                         0x34 (size before relaxing)
 .comment       0x0000000000000033       0x34 build/main.o
 .comment       0x0000000000000033       0x34 build/gpio.o
 .comment       0x0000000000000033       0x34 build/i2c.o
 .comment       0x0000000000000033       0x34 build/usart.o
 .comment       0x0000000000000033       0x34 build/stm32f3xx_it.o
 .comment       0x0000000000000033       0x34 build/stm32f3xx_hal_msp.o
 .comment       0x0000000000000033       0x34 build/mpu_9250.o
 .comment       0x0000000000000033       0x34 build/stm32f3xx_hal_i2c.o
 .comment       0x0000000000000033       0x34 build/stm32f3xx_hal_i2c_ex.o
 .comment       0x0000000000000033       0x34 build/stm32f3xx_hal.o
 .comment       0x0000000000000033       0x34 build/stm32f3xx_hal_rcc.o
 .comment       0x0000000000000033       0x34 build/stm32f3xx_hal_rcc_ex.o
 .comment       0x0000000000000033       0x34 build/stm32f3xx_hal_gpio.o
 .comment       0x0000000000000033       0x34 build/stm32f3xx_hal_cortex.o
 .comment       0x0000000000000033       0x34 build/stm32f3xx_hal_uart.o
 .comment       0x0000000000000033       0x34 build/system_stm32f3xx.o
 .comment       0x0000000000000033       0x34 /usr/lib/gcc/arm-none-eabi/10.3.1/../../../arm-none-eabi/lib/thumb/v7e-m+fp/hard/libc_nano.a(lib_a-impure.o)
 .comment       0x0000000000000033       0x34 /usr/lib/gcc/arm-none-eabi/10.3.1/../../../arm-none-eabi/lib/thumb/v7e-m+fp/hard/libc_nano.a(lib_a-init.o)
 .comment       0x0000000000000033       0x34 /usr/lib/gcc/arm-none-eabi/10.3.1/../../../arm-none-eabi/lib/thumb/v7e-m+fp/hard/libc_nano.a(lib_a-memset.o)
 .comment       0x0000000000000033       0x34 /usr/lib/gcc/arm-none-eabi/10.3.1/../../../arm-none-eabi/lib/thumb/v7e-m+fp/hard/libc_nano.a(lib_a-sprintf.o)
 .comment       0x0000000000000033       0x34 /usr/lib/gcc/arm-none-eabi/10.3.1/../../../arm-none-eabi/lib/thumb/v7e-m+fp/hard/libc_nano.a(lib_a-nano-svfprintf.o)
 .comment       0x0000000000000033       0x34 /usr/lib/gcc/arm-none-eabi/10.3.1/../../../arm-none-eabi/lib/thumb/v7e-m+fp/hard/libc_nano.a(lib_a-nano-vfprintf_i.o)
 .comment       0x0000000000000033       0x34 /usr/lib/gcc/arm-none-eabi/10.3.1/../../../arm-none-eabi/lib/thumb/v7e-m+fp/hard/libc_nano.a(lib_a-memmove.o)
 .comment       0x0000000000000033       0x34 /usr/lib/gcc/arm-none-eabi/10.3.1/../../../arm-none-eabi/lib/thumb/v7e-m+fp/hard/libc_nano.a(lib_a-nano-freer.o)
 .comment       0x0000000000000033       0x34 /usr/lib/gcc/arm-none-eabi/10.3.1/../../../arm-none-eabi/lib/thumb/v7e-m+fp/hard/libc_nano.a(lib_a-nano-mallocr.o)
 .comment       0x0000000000000033       0x34 /usr/lib/gcc/arm-none-eabi/10.3.1/../../../arm-none-eabi/lib/thumb/v7e-m+fp/hard/libc_nano.a(lib_a-nano-reallocr.o)
 .comment       0x0000000000000033       0x34 /usr/lib/gcc/arm-none-eabi/10.3.1/../../../arm-none-eabi/lib/thumb/v7e-m+fp/hard/libc_nano.a(lib_a-sbrkr.o)
 .comment       0x0000000000000033       0x34 /usr/lib/gcc/arm-none-eabi/10.3.1/../../../arm-none-eabi/lib/thumb/v7e-m+fp/hard/libc_nano.a(lib_a-mlock.o)
 .comment       0x0000000000000033       0x34 /usr/lib/gcc/arm-none-eabi/10.3.1/../../../arm-none-eabi/lib/thumb/v7e-m+fp/hard/libc_nano.a(lib_a-nano-msizer.o)
 .comment       0x0000000000000033       0x34 /usr/lib/gcc/arm-none-eabi/10.3.1/../../../arm-none-eabi/lib/thumb/v7e-m+fp/hard/libc_nano.a(lib_a-reent.o)
 .comment       0x0000000000000033       0x34 /usr/lib/gcc/arm-none-eabi/10.3.1/../../../arm-none-eabi/lib/thumb/v7e-m+fp/hard/libnosys.a(sbrk.o)
 .comment       0x0000000000000033       0x34 /usr/lib/gcc/arm-none-eabi/10.3.1/thumb/v7e-m+fp/hard/crtend.o

.debug_info     0x0000000000000000    0x185aa
 .debug_info    0x0000000000000000      0xd98 build/main.o
 .debug_info    0x0000000000000d98      0x1da build/gpio.o
 .debug_info    0x0000000000000f72      0xa5e build/i2c.o
 .debug_info    0x00000000000019d0      0xa5a build/usart.o
 .debug_info    0x000000000000242a      0x15b build/stm32f3xx_it.o
 .debug_info    0x0000000000002585      0x1bd build/stm32f3xx_hal_msp.o
 .debug_info    0x0000000000002742      0xe70 build/mpu_9250.o
 .debug_info    0x00000000000035b2     0x4112 build/stm32f3xx_hal_i2c.o
 .debug_info    0x00000000000076c4      0x942 build/stm32f3xx_hal_i2c_ex.o
 .debug_info    0x0000000000008006      0x890 build/stm32f3xx_hal.o
 .debug_info    0x0000000000008896     0x16ae build/stm32f3xx_hal_rcc.o
 .debug_info    0x0000000000009f44      0x709 build/stm32f3xx_hal_rcc_ex.o
 .debug_info    0x000000000000a64d      0x72c build/stm32f3xx_hal_gpio.o
 .debug_info    0x000000000000ad79      0xe04 build/stm32f3xx_hal_cortex.o
 .debug_info    0x000000000000bb7d     0x50f0 build/stm32f3xx_hal_uart.o
 .debug_info    0x0000000000010c6d      0x465 build/system_stm32f3xx.o
 .debug_info    0x00000000000110d2       0x22 build/startup_stm32f301x8.o
 .debug_info    0x00000000000110f4      0x863 /usr/lib/gcc/arm-none-eabi/10.3.1/../../../arm-none-eabi/lib/thumb/v7e-m+fp/hard/libc_nano.a(lib_a-impure.o)
 .debug_info    0x0000000000011957      0x11a /usr/lib/gcc/arm-none-eabi/10.3.1/../../../arm-none-eabi/lib/thumb/v7e-m+fp/hard/libc_nano.a(lib_a-init.o)
 .debug_info    0x0000000000011a71      0x137 /usr/lib/gcc/arm-none-eabi/10.3.1/../../../arm-none-eabi/lib/thumb/v7e-m+fp/hard/libc_nano.a(lib_a-memset.o)
 .debug_info    0x0000000000011ba8      0x926 /usr/lib/gcc/arm-none-eabi/10.3.1/../../../arm-none-eabi/lib/thumb/v7e-m+fp/hard/libc_nano.a(lib_a-sprintf.o)
 .debug_info    0x00000000000124ce       0x26 /usr/lib/gcc/arm-none-eabi/10.3.1/../../../arm-none-eabi/lib/thumb/v7e-m+fp/hard/libc_nano.a(lib_a-strlen.o)
 .debug_info    0x00000000000124f4     0x10d5 /usr/lib/gcc/arm-none-eabi/10.3.1/../../../arm-none-eabi/lib/thumb/v7e-m+fp/hard/libc_nano.a(lib_a-nano-svfprintf.o)
 .debug_info    0x00000000000135c9      0xe9e /usr/lib/gcc/arm-none-eabi/10.3.1/../../../arm-none-eabi/lib/thumb/v7e-m+fp/hard/libc_nano.a(lib_a-nano-vfprintf_i.o)
 .debug_info    0x0000000000014467       0x26 /usr/lib/gcc/arm-none-eabi/10.3.1/../../../arm-none-eabi/lib/thumb/v7e-m+fp/hard/libc_nano.a(lib_a-memchr.o)
 .debug_info    0x000000000001448d       0x26 /usr/lib/gcc/arm-none-eabi/10.3.1/../../../arm-none-eabi/lib/thumb/v7e-m+fp/hard/libc_nano.a(lib_a-memcpy.o)
 .debug_info    0x00000000000144b3      0x152 /usr/lib/gcc/arm-none-eabi/10.3.1/../../../arm-none-eabi/lib/thumb/v7e-m+fp/hard/libc_nano.a(lib_a-memmove.o)
 .debug_info    0x0000000000014605      0x903 /usr/lib/gcc/arm-none-eabi/10.3.1/../../../arm-none-eabi/lib/thumb/v7e-m+fp/hard/libc_nano.a(lib_a-nano-freer.o)
 .debug_info    0x0000000000014f08      0xa0c /usr/lib/gcc/arm-none-eabi/10.3.1/../../../arm-none-eabi/lib/thumb/v7e-m+fp/hard/libc_nano.a(lib_a-nano-mallocr.o)
 .debug_info    0x0000000000015914      0x911 /usr/lib/gcc/arm-none-eabi/10.3.1/../../../arm-none-eabi/lib/thumb/v7e-m+fp/hard/libc_nano.a(lib_a-nano-reallocr.o)
 .debug_info    0x0000000000016225      0x828 /usr/lib/gcc/arm-none-eabi/10.3.1/../../../arm-none-eabi/lib/thumb/v7e-m+fp/hard/libc_nano.a(lib_a-sbrkr.o)
 .debug_info    0x0000000000016a4d      0x7dc /usr/lib/gcc/arm-none-eabi/10.3.1/../../../arm-none-eabi/lib/thumb/v7e-m+fp/hard/libc_nano.a(lib_a-mlock.o)
 .debug_info    0x0000000000017229      0x840 /usr/lib/gcc/arm-none-eabi/10.3.1/../../../arm-none-eabi/lib/thumb/v7e-m+fp/hard/libc_nano.a(lib_a-nano-msizer.o)
 .debug_info    0x0000000000017a69      0xa7e /usr/lib/gcc/arm-none-eabi/10.3.1/../../../arm-none-eabi/lib/thumb/v7e-m+fp/hard/libc_nano.a(lib_a-reent.o)
 .debug_info    0x00000000000184e7       0x9d /usr/lib/gcc/arm-none-eabi/10.3.1/../../../arm-none-eabi/lib/thumb/v7e-m+fp/hard/libnosys.a(sbrk.o)
 .debug_info    0x0000000000018584       0x26 /usr/lib/gcc/arm-none-eabi/10.3.1/thumb/v7e-m+fp/hard/libgcc.a(_arm_addsubdf3.o)

.debug_abbrev   0x0000000000000000     0x39e4
 .debug_abbrev  0x0000000000000000      0x29a build/main.o
 .debug_abbrev  0x000000000000029a       0xc1 build/gpio.o
 .debug_abbrev  0x000000000000035b      0x1e2 build/i2c.o
 .debug_abbrev  0x000000000000053d      0x1d7 build/usart.o
 .debug_abbrev  0x0000000000000714       0x81 build/stm32f3xx_it.o
 .debug_abbrev  0x0000000000000795       0xc1 build/stm32f3xx_hal_msp.o
 .debug_abbrev  0x0000000000000856      0x1fe build/mpu_9250.o
 .debug_abbrev  0x0000000000000a54      0x2a9 build/stm32f3xx_hal_i2c.o
 .debug_abbrev  0x0000000000000cfd      0x1b5 build/stm32f3xx_hal_i2c_ex.o
 .debug_abbrev  0x0000000000000eb2      0x23b build/stm32f3xx_hal.o
 .debug_abbrev  0x00000000000010ed      0x323 build/stm32f3xx_hal_rcc.o
 .debug_abbrev  0x0000000000001410      0x278 build/stm32f3xx_hal_rcc_ex.o
 .debug_abbrev  0x0000000000001688      0x222 build/stm32f3xx_hal_gpio.o
 .debug_abbrev  0x00000000000018aa      0x359 build/stm32f3xx_hal_cortex.o
 .debug_abbrev  0x0000000000001c03      0x308 build/stm32f3xx_hal_uart.o
 .debug_abbrev  0x0000000000001f0b      0x11b build/system_stm32f3xx.o
 .debug_abbrev  0x0000000000002026       0x12 build/startup_stm32f301x8.o
 .debug_abbrev  0x0000000000002038      0x151 /usr/lib/gcc/arm-none-eabi/10.3.1/../../../arm-none-eabi/lib/thumb/v7e-m+fp/hard/libc_nano.a(lib_a-impure.o)
 .debug_abbrev  0x0000000000002189       0xcc /usr/lib/gcc/arm-none-eabi/10.3.1/../../../arm-none-eabi/lib/thumb/v7e-m+fp/hard/libc_nano.a(lib_a-init.o)
 .debug_abbrev  0x0000000000002255       0xb4 /usr/lib/gcc/arm-none-eabi/10.3.1/../../../arm-none-eabi/lib/thumb/v7e-m+fp/hard/libc_nano.a(lib_a-memset.o)
 .debug_abbrev  0x0000000000002309      0x213 /usr/lib/gcc/arm-none-eabi/10.3.1/../../../arm-none-eabi/lib/thumb/v7e-m+fp/hard/libc_nano.a(lib_a-sprintf.o)
 .debug_abbrev  0x000000000000251c       0x14 /usr/lib/gcc/arm-none-eabi/10.3.1/../../../arm-none-eabi/lib/thumb/v7e-m+fp/hard/libc_nano.a(lib_a-strlen.o)
 .debug_abbrev  0x0000000000002530      0x2ca /usr/lib/gcc/arm-none-eabi/10.3.1/../../../arm-none-eabi/lib/thumb/v7e-m+fp/hard/libc_nano.a(lib_a-nano-svfprintf.o)
 .debug_abbrev  0x00000000000027fa      0x25c /usr/lib/gcc/arm-none-eabi/10.3.1/../../../arm-none-eabi/lib/thumb/v7e-m+fp/hard/libc_nano.a(lib_a-nano-vfprintf_i.o)
 .debug_abbrev  0x0000000000002a56       0x14 /usr/lib/gcc/arm-none-eabi/10.3.1/../../../arm-none-eabi/lib/thumb/v7e-m+fp/hard/libc_nano.a(lib_a-memchr.o)
 .debug_abbrev  0x0000000000002a6a       0x14 /usr/lib/gcc/arm-none-eabi/10.3.1/../../../arm-none-eabi/lib/thumb/v7e-m+fp/hard/libc_nano.a(lib_a-memcpy.o)
 .debug_abbrev  0x0000000000002a7e       0xc0 /usr/lib/gcc/arm-none-eabi/10.3.1/../../../arm-none-eabi/lib/thumb/v7e-m+fp/hard/libc_nano.a(lib_a-memmove.o)
 .debug_abbrev  0x0000000000002b3e      0x235 /usr/lib/gcc/arm-none-eabi/10.3.1/../../../arm-none-eabi/lib/thumb/v7e-m+fp/hard/libc_nano.a(lib_a-nano-freer.o)
 .debug_abbrev  0x0000000000002d73      0x290 /usr/lib/gcc/arm-none-eabi/10.3.1/../../../arm-none-eabi/lib/thumb/v7e-m+fp/hard/libc_nano.a(lib_a-nano-mallocr.o)
 .debug_abbrev  0x0000000000003003      0x1d6 /usr/lib/gcc/arm-none-eabi/10.3.1/../../../arm-none-eabi/lib/thumb/v7e-m+fp/hard/libc_nano.a(lib_a-nano-reallocr.o)
 .debug_abbrev  0x00000000000031d9      0x1d6 /usr/lib/gcc/arm-none-eabi/10.3.1/../../../arm-none-eabi/lib/thumb/v7e-m+fp/hard/libc_nano.a(lib_a-sbrkr.o)
 .debug_abbrev  0x00000000000033af      0x189 /usr/lib/gcc/arm-none-eabi/10.3.1/../../../arm-none-eabi/lib/thumb/v7e-m+fp/hard/libc_nano.a(lib_a-mlock.o)
 .debug_abbrev  0x0000000000003538      0x191 /usr/lib/gcc/arm-none-eabi/10.3.1/../../../arm-none-eabi/lib/thumb/v7e-m+fp/hard/libc_nano.a(lib_a-nano-msizer.o)
 .debug_abbrev  0x00000000000036c9      0x265 /usr/lib/gcc/arm-none-eabi/10.3.1/../../../arm-none-eabi/lib/thumb/v7e-m+fp/hard/libc_nano.a(lib_a-reent.o)
 .debug_abbrev  0x000000000000392e       0xa2 /usr/lib/gcc/arm-none-eabi/10.3.1/../../../arm-none-eabi/lib/thumb/v7e-m+fp/hard/libnosys.a(sbrk.o)
 .debug_abbrev  0x00000000000039d0       0x14 /usr/lib/gcc/arm-none-eabi/10.3.1/thumb/v7e-m+fp/hard/libgcc.a(_arm_addsubdf3.o)

.debug_loc      0x0000000000000000     0xf05e
 .debug_loc     0x0000000000000000       0xc5 build/main.o
 .debug_loc     0x00000000000000c5       0x2c build/gpio.o
 .debug_loc     0x00000000000000f1       0xeb build/i2c.o
 .debug_loc     0x00000000000001dc      0x108 build/usart.o
 .debug_loc     0x00000000000002e4       0x20 build/stm32f3xx_it.o
 .debug_loc     0x0000000000000304       0x2c build/stm32f3xx_hal_msp.o
 .debug_loc     0x0000000000000330      0x22d build/mpu_9250.o
 .debug_loc     0x000000000000055d     0x50a9 build/stm32f3xx_hal_i2c.o
 .debug_loc     0x0000000000005606      0x25a build/stm32f3xx_hal_i2c_ex.o
 .debug_loc     0x0000000000005860      0x1e1 build/stm32f3xx_hal.o
 .debug_loc     0x0000000000005a41      0xf59 build/stm32f3xx_hal_rcc.o
 .debug_loc     0x000000000000699a      0x9b9 build/stm32f3xx_hal_rcc_ex.o
 .debug_loc     0x0000000000007353      0x46f build/stm32f3xx_hal_gpio.o
 .debug_loc     0x00000000000077c2      0x77f build/stm32f3xx_hal_cortex.o
 .debug_loc     0x0000000000007f41     0x5103 build/stm32f3xx_hal_uart.o
 .debug_loc     0x000000000000d044      0x123 build/system_stm32f3xx.o
 .debug_loc     0x000000000000d167       0xba /usr/lib/gcc/arm-none-eabi/10.3.1/../../../arm-none-eabi/lib/thumb/v7e-m+fp/hard/libc_nano.a(lib_a-init.o)
 .debug_loc     0x000000000000d221      0x22c /usr/lib/gcc/arm-none-eabi/10.3.1/../../../arm-none-eabi/lib/thumb/v7e-m+fp/hard/libc_nano.a(lib_a-memset.o)
 .debug_loc     0x000000000000d44d       0xb7 /usr/lib/gcc/arm-none-eabi/10.3.1/../../../arm-none-eabi/lib/thumb/v7e-m+fp/hard/libc_nano.a(lib_a-sprintf.o)
 .debug_loc     0x000000000000d504      0x82e /usr/lib/gcc/arm-none-eabi/10.3.1/../../../arm-none-eabi/lib/thumb/v7e-m+fp/hard/libc_nano.a(lib_a-nano-svfprintf.o)
 .debug_loc     0x000000000000dd32      0x5dd /usr/lib/gcc/arm-none-eabi/10.3.1/../../../arm-none-eabi/lib/thumb/v7e-m+fp/hard/libc_nano.a(lib_a-nano-vfprintf_i.o)
 .debug_loc     0x000000000000e30f      0x34f /usr/lib/gcc/arm-none-eabi/10.3.1/../../../arm-none-eabi/lib/thumb/v7e-m+fp/hard/libc_nano.a(lib_a-memmove.o)
 .debug_loc     0x000000000000e65e      0x203 /usr/lib/gcc/arm-none-eabi/10.3.1/../../../arm-none-eabi/lib/thumb/v7e-m+fp/hard/libc_nano.a(lib_a-nano-freer.o)
 .debug_loc     0x000000000000e861      0x3cd /usr/lib/gcc/arm-none-eabi/10.3.1/../../../arm-none-eabi/lib/thumb/v7e-m+fp/hard/libc_nano.a(lib_a-nano-mallocr.o)
 .debug_loc     0x000000000000ec2e      0x133 /usr/lib/gcc/arm-none-eabi/10.3.1/../../../arm-none-eabi/lib/thumb/v7e-m+fp/hard/libc_nano.a(lib_a-nano-reallocr.o)
 .debug_loc     0x000000000000ed61       0x6c /usr/lib/gcc/arm-none-eabi/10.3.1/../../../arm-none-eabi/lib/thumb/v7e-m+fp/hard/libc_nano.a(lib_a-sbrkr.o)
 .debug_loc     0x000000000000edcd       0x86 /usr/lib/gcc/arm-none-eabi/10.3.1/../../../arm-none-eabi/lib/thumb/v7e-m+fp/hard/libc_nano.a(lib_a-nano-msizer.o)
 .debug_loc     0x000000000000ee53      0x1cd /usr/lib/gcc/arm-none-eabi/10.3.1/../../../arm-none-eabi/lib/thumb/v7e-m+fp/hard/libc_nano.a(lib_a-reent.o)
 .debug_loc     0x000000000000f020       0x3e /usr/lib/gcc/arm-none-eabi/10.3.1/../../../arm-none-eabi/lib/thumb/v7e-m+fp/hard/libnosys.a(sbrk.o)

.debug_aranges  0x0000000000000000      0xba8
 .debug_aranges
                0x0000000000000000       0x38 build/main.o
 .debug_aranges
                0x0000000000000038       0x20 build/gpio.o
 .debug_aranges
                0x0000000000000058       0x30 build/i2c.o
 .debug_aranges
                0x0000000000000088       0x30 build/usart.o
 .debug_aranges
                0x00000000000000b8       0x60 build/stm32f3xx_it.o
 .debug_aranges
                0x0000000000000118       0x20 build/stm32f3xx_hal_msp.o
 .debug_aranges
                0x0000000000000138       0x40 build/mpu_9250.o
 .debug_aranges
                0x0000000000000178      0x290 build/stm32f3xx_hal_i2c.o
 .debug_aranges
                0x0000000000000408       0x48 build/stm32f3xx_hal_i2c_ex.o
 .debug_aranges
                0x0000000000000450       0xe0 build/stm32f3xx_hal.o
 .debug_aranges
                0x0000000000000530       0x88 build/stm32f3xx_hal_rcc.o
 .debug_aranges
                0x00000000000005b8       0x38 build/stm32f3xx_hal_rcc_ex.o
 .debug_aranges
                0x00000000000005f0       0x58 build/stm32f3xx_hal_gpio.o
 .debug_aranges
                0x0000000000000648       0x90 build/stm32f3xx_hal_cortex.o
 .debug_aranges
                0x00000000000006d8      0x228 build/stm32f3xx_hal_uart.o
 .debug_aranges
                0x0000000000000900       0x28 build/system_stm32f3xx.o
 .debug_aranges
                0x0000000000000928       0x28 build/startup_stm32f301x8.o
 .debug_aranges
                0x0000000000000950       0x18 /usr/lib/gcc/arm-none-eabi/10.3.1/../../../arm-none-eabi/lib/thumb/v7e-m+fp/hard/libc_nano.a(lib_a-impure.o)
 .debug_aranges
                0x0000000000000968       0x20 /usr/lib/gcc/arm-none-eabi/10.3.1/../../../arm-none-eabi/lib/thumb/v7e-m+fp/hard/libc_nano.a(lib_a-init.o)
 .debug_aranges
                0x0000000000000988       0x20 /usr/lib/gcc/arm-none-eabi/10.3.1/../../../arm-none-eabi/lib/thumb/v7e-m+fp/hard/libc_nano.a(lib_a-memset.o)
 .debug_aranges
                0x00000000000009a8       0x20 /usr/lib/gcc/arm-none-eabi/10.3.1/../../../arm-none-eabi/lib/thumb/v7e-m+fp/hard/libc_nano.a(lib_a-sprintf.o)
 .debug_aranges
                0x00000000000009c8       0x20 /usr/lib/gcc/arm-none-eabi/10.3.1/../../../arm-none-eabi/lib/thumb/v7e-m+fp/hard/libc_nano.a(lib_a-strlen.o)
 .debug_aranges
                0x00000000000009e8       0x20 /usr/lib/gcc/arm-none-eabi/10.3.1/../../../arm-none-eabi/lib/thumb/v7e-m+fp/hard/libc_nano.a(lib_a-nano-svfprintf.o)
 .debug_aranges
                0x0000000000000a08       0x20 /usr/lib/gcc/arm-none-eabi/10.3.1/../../../arm-none-eabi/lib/thumb/v7e-m+fp/hard/libc_nano.a(lib_a-nano-vfprintf_i.o)
 .debug_aranges
                0x0000000000000a28       0x20 /usr/lib/gcc/arm-none-eabi/10.3.1/../../../arm-none-eabi/lib/thumb/v7e-m+fp/hard/libc_nano.a(lib_a-memchr.o)
 .debug_aranges
                0x0000000000000a48       0x20 /usr/lib/gcc/arm-none-eabi/10.3.1/../../../arm-none-eabi/lib/thumb/v7e-m+fp/hard/libc_nano.a(lib_a-memcpy.o)
 .debug_aranges
                0x0000000000000a68       0x20 /usr/lib/gcc/arm-none-eabi/10.3.1/../../../arm-none-eabi/lib/thumb/v7e-m+fp/hard/libc_nano.a(lib_a-memmove.o)
 .debug_aranges
                0x0000000000000a88       0x20 /usr/lib/gcc/arm-none-eabi/10.3.1/../../../arm-none-eabi/lib/thumb/v7e-m+fp/hard/libc_nano.a(lib_a-nano-freer.o)
 .debug_aranges
                0x0000000000000aa8       0x20 /usr/lib/gcc/arm-none-eabi/10.3.1/../../../arm-none-eabi/lib/thumb/v7e-m+fp/hard/libc_nano.a(lib_a-nano-mallocr.o)
 .debug_aranges
                0x0000000000000ac8       0x20 /usr/lib/gcc/arm-none-eabi/10.3.1/../../../arm-none-eabi/lib/thumb/v7e-m+fp/hard/libc_nano.a(lib_a-nano-reallocr.o)
 .debug_aranges
                0x0000000000000ae8       0x20 /usr/lib/gcc/arm-none-eabi/10.3.1/../../../arm-none-eabi/lib/thumb/v7e-m+fp/hard/libc_nano.a(lib_a-sbrkr.o)
 .debug_aranges
                0x0000000000000b08       0x20 /usr/lib/gcc/arm-none-eabi/10.3.1/../../../arm-none-eabi/lib/thumb/v7e-m+fp/hard/libc_nano.a(lib_a-mlock.o)
 .debug_aranges
                0x0000000000000b28       0x20 /usr/lib/gcc/arm-none-eabi/10.3.1/../../../arm-none-eabi/lib/thumb/v7e-m+fp/hard/libc_nano.a(lib_a-nano-msizer.o)
 .debug_aranges
                0x0000000000000b48       0x20 /usr/lib/gcc/arm-none-eabi/10.3.1/../../../arm-none-eabi/lib/thumb/v7e-m+fp/hard/libc_nano.a(lib_a-reent.o)
 .debug_aranges
                0x0000000000000b68       0x20 /usr/lib/gcc/arm-none-eabi/10.3.1/../../../arm-none-eabi/lib/thumb/v7e-m+fp/hard/libnosys.a(sbrk.o)
 .debug_aranges
                0x0000000000000b88       0x20 /usr/lib/gcc/arm-none-eabi/10.3.1/thumb/v7e-m+fp/hard/libgcc.a(_arm_addsubdf3.o)

.debug_ranges   0x0000000000000000      0xa18
 .debug_ranges  0x0000000000000000       0x28 build/main.o
 .debug_ranges  0x0000000000000028       0x10 build/gpio.o
 .debug_ranges  0x0000000000000038       0x20 build/i2c.o
 .debug_ranges  0x0000000000000058       0x20 build/usart.o
 .debug_ranges  0x0000000000000078       0x50 build/stm32f3xx_it.o
 .debug_ranges  0x00000000000000c8       0x10 build/stm32f3xx_hal_msp.o
 .debug_ranges  0x00000000000000d8       0x30 build/mpu_9250.o
 .debug_ranges  0x0000000000000108      0x280 build/stm32f3xx_hal_i2c.o
 .debug_ranges  0x0000000000000388       0x38 build/stm32f3xx_hal_i2c_ex.o
 .debug_ranges  0x00000000000003c0       0xd0 build/stm32f3xx_hal.o
 .debug_ranges  0x0000000000000490       0x98 build/stm32f3xx_hal_rcc.o
 .debug_ranges  0x0000000000000528       0x28 build/stm32f3xx_hal_rcc_ex.o
 .debug_ranges  0x0000000000000550       0x48 build/stm32f3xx_hal_gpio.o
 .debug_ranges  0x0000000000000598       0xe0 build/stm32f3xx_hal_cortex.o
 .debug_ranges  0x0000000000000678      0x230 build/stm32f3xx_hal_uart.o
 .debug_ranges  0x00000000000008a8       0x18 build/system_stm32f3xx.o
 .debug_ranges  0x00000000000008c0       0x20 build/startup_stm32f301x8.o
 .debug_ranges  0x00000000000008e0       0x40 /usr/lib/gcc/arm-none-eabi/10.3.1/../../../arm-none-eabi/lib/thumb/v7e-m+fp/hard/libc_nano.a(lib_a-nano-svfprintf.o)
 .debug_ranges  0x0000000000000920       0xa0 /usr/lib/gcc/arm-none-eabi/10.3.1/../../../arm-none-eabi/lib/thumb/v7e-m+fp/hard/libc_nano.a(lib_a-nano-vfprintf_i.o)
 .debug_ranges  0x00000000000009c0       0x20 /usr/lib/gcc/arm-none-eabi/10.3.1/../../../arm-none-eabi/lib/thumb/v7e-m+fp/hard/libc_nano.a(lib_a-nano-freer.o)
 .debug_ranges  0x00000000000009e0       0x38 /usr/lib/gcc/arm-none-eabi/10.3.1/../../../arm-none-eabi/lib/thumb/v7e-m+fp/hard/libc_nano.a(lib_a-nano-mallocr.o)

.debug_line     0x0000000000000000    0x100a9
 .debug_line    0x0000000000000000      0x348 build/main.o
 .debug_line    0x0000000000000348       0xca build/gpio.o
 .debug_line    0x0000000000000412      0x270 build/i2c.o
 .debug_line    0x0000000000000682      0x24c build/usart.o
 .debug_line    0x00000000000008ce      0x177 build/stm32f3xx_it.o
 .debug_line    0x0000000000000a45       0xd1 build/stm32f3xx_hal_msp.o
 .debug_line    0x0000000000000b16      0x469 build/mpu_9250.o
 .debug_line    0x0000000000000f7f     0x47c6 build/stm32f3xx_hal_i2c.o
 .debug_line    0x0000000000005745      0x42c build/stm32f3xx_hal_i2c_ex.o
 .debug_line    0x0000000000005b71      0x48f build/stm32f3xx_hal.o
 .debug_line    0x0000000000006000     0x112a build/stm32f3xx_hal_rcc.o
 .debug_line    0x000000000000712a      0x86a build/stm32f3xx_hal_rcc_ex.o
 .debug_line    0x0000000000007994      0x5d3 build/stm32f3xx_hal_gpio.o
 .debug_line    0x0000000000007f67      0x590 build/stm32f3xx_hal_cortex.o
 .debug_line    0x00000000000084f7     0x4fe1 build/stm32f3xx_hal_uart.o
 .debug_line    0x000000000000d4d8      0x1b2 build/system_stm32f3xx.o
 .debug_line    0x000000000000d68a       0x76 build/startup_stm32f301x8.o
 .debug_line    0x000000000000d700       0xe4 /usr/lib/gcc/arm-none-eabi/10.3.1/../../../arm-none-eabi/lib/thumb/v7e-m+fp/hard/libc_nano.a(lib_a-impure.o)
 .debug_line    0x000000000000d7e4      0x138 /usr/lib/gcc/arm-none-eabi/10.3.1/../../../arm-none-eabi/lib/thumb/v7e-m+fp/hard/libc_nano.a(lib_a-init.o)
 .debug_line    0x000000000000d91c      0x1bf /usr/lib/gcc/arm-none-eabi/10.3.1/../../../arm-none-eabi/lib/thumb/v7e-m+fp/hard/libc_nano.a(lib_a-memset.o)
 .debug_line    0x000000000000dadb      0x209 /usr/lib/gcc/arm-none-eabi/10.3.1/../../../arm-none-eabi/lib/thumb/v7e-m+fp/hard/libc_nano.a(lib_a-sprintf.o)
 .debug_line    0x000000000000dce4       0xaf /usr/lib/gcc/arm-none-eabi/10.3.1/../../../arm-none-eabi/lib/thumb/v7e-m+fp/hard/libc_nano.a(lib_a-strlen.o)
 .debug_line    0x000000000000dd93      0x83a /usr/lib/gcc/arm-none-eabi/10.3.1/../../../arm-none-eabi/lib/thumb/v7e-m+fp/hard/libc_nano.a(lib_a-nano-svfprintf.o)
 .debug_line    0x000000000000e5cd      0x746 /usr/lib/gcc/arm-none-eabi/10.3.1/../../../arm-none-eabi/lib/thumb/v7e-m+fp/hard/libc_nano.a(lib_a-nano-vfprintf_i.o)
 .debug_line    0x000000000000ed13       0xa4 /usr/lib/gcc/arm-none-eabi/10.3.1/../../../arm-none-eabi/lib/thumb/v7e-m+fp/hard/libc_nano.a(lib_a-memchr.o)
 .debug_line    0x000000000000edb7       0xbe /usr/lib/gcc/arm-none-eabi/10.3.1/../../../arm-none-eabi/lib/thumb/v7e-m+fp/hard/libc_nano.a(lib_a-memcpy.o)
 .debug_line    0x000000000000ee75      0x1ee /usr/lib/gcc/arm-none-eabi/10.3.1/../../../arm-none-eabi/lib/thumb/v7e-m+fp/hard/libc_nano.a(lib_a-memmove.o)
 .debug_line    0x000000000000f063      0x2ca /usr/lib/gcc/arm-none-eabi/10.3.1/../../../arm-none-eabi/lib/thumb/v7e-m+fp/hard/libc_nano.a(lib_a-nano-freer.o)
 .debug_line    0x000000000000f32d      0x2d0 /usr/lib/gcc/arm-none-eabi/10.3.1/../../../arm-none-eabi/lib/thumb/v7e-m+fp/hard/libc_nano.a(lib_a-nano-mallocr.o)
 .debug_line    0x000000000000f5fd      0x1c5 /usr/lib/gcc/arm-none-eabi/10.3.1/../../../arm-none-eabi/lib/thumb/v7e-m+fp/hard/libc_nano.a(lib_a-nano-reallocr.o)
 .debug_line    0x000000000000f7c2      0x183 /usr/lib/gcc/arm-none-eabi/10.3.1/../../../arm-none-eabi/lib/thumb/v7e-m+fp/hard/libc_nano.a(lib_a-sbrkr.o)
 .debug_line    0x000000000000f945      0x13e /usr/lib/gcc/arm-none-eabi/10.3.1/../../../arm-none-eabi/lib/thumb/v7e-m+fp/hard/libc_nano.a(lib_a-mlock.o)
 .debug_line    0x000000000000fa83      0x160 /usr/lib/gcc/arm-none-eabi/10.3.1/../../../arm-none-eabi/lib/thumb/v7e-m+fp/hard/libc_nano.a(lib_a-nano-msizer.o)
 .debug_line    0x000000000000fbe3      0x2c7 /usr/lib/gcc/arm-none-eabi/10.3.1/../../../arm-none-eabi/lib/thumb/v7e-m+fp/hard/libc_nano.a(lib_a-reent.o)
 .debug_line    0x000000000000feaa       0x79 /usr/lib/gcc/arm-none-eabi/10.3.1/../../../arm-none-eabi/lib/thumb/v7e-m+fp/hard/libnosys.a(sbrk.o)
 .debug_line    0x000000000000ff23      0x186 /usr/lib/gcc/arm-none-eabi/10.3.1/thumb/v7e-m+fp/hard/libgcc.a(_arm_addsubdf3.o)

.debug_str      0x0000000000000000     0x3cee
 .debug_str     0x0000000000000000      0x8ae build/main.o
                                        0x948 (size before relaxing)
 .debug_str     0x00000000000008ae       0x6a build/gpio.o
                                        0x1ee (size before relaxing)
 .debug_str     0x0000000000000918      0x378 build/i2c.o
                                        0x7b6 (size before relaxing)
 .debug_str     0x0000000000000c90       0x4e build/usart.o
                                        0x6f1 (size before relaxing)
 .debug_str     0x0000000000000cde       0xb4 build/stm32f3xx_it.o
                                        0x222 (size before relaxing)
 .debug_str     0x0000000000000d92       0x29 build/stm32f3xx_hal_msp.o
                                        0x1fa (size before relaxing)
 .debug_str     0x0000000000000dbb       0x7b build/mpu_9250.o
                                        0x71d (size before relaxing)
 .debug_str     0x0000000000000e36      0x89f build/stm32f3xx_hal_i2c.o
                                        0xf5b (size before relaxing)
 .debug_str     0x00000000000016d5       0xda build/stm32f3xx_hal_i2c_ex.o
                                        0x7c1 (size before relaxing)
 .debug_str     0x00000000000017af      0x5d6 build/stm32f3xx_hal.o
                                        0x839 (size before relaxing)
 .debug_str     0x0000000000001d85      0x201 build/stm32f3xx_hal_rcc.o
                                        0x64a (size before relaxing)
 .debug_str     0x0000000000001f86       0xc5 build/stm32f3xx_hal_rcc_ex.o
                                        0x4bf (size before relaxing)
 .debug_str     0x000000000000204b      0x13d build/stm32f3xx_hal_gpio.o
                                        0x41b (size before relaxing)
 .debug_str     0x0000000000002188      0x3b8 build/stm32f3xx_hal_cortex.o
                                        0x8b2 (size before relaxing)
 .debug_str     0x0000000000002540      0x790 build/stm32f3xx_hal_uart.o
                                        0xeb0 (size before relaxing)
 .debug_str     0x0000000000002cd0       0x52 build/system_stm32f3xx.o
                                        0x2b8 (size before relaxing)
 .debug_str     0x0000000000002d22       0x22 build/startup_stm32f301x8.o
                                         0x5b (size before relaxing)
 .debug_str     0x0000000000002d44      0x46d /usr/lib/gcc/arm-none-eabi/10.3.1/../../../arm-none-eabi/lib/thumb/v7e-m+fp/hard/libc_nano.a(lib_a-impure.o)
                                        0x55e (size before relaxing)
 .debug_str     0x00000000000031b1       0xf6 /usr/lib/gcc/arm-none-eabi/10.3.1/../../../arm-none-eabi/lib/thumb/v7e-m+fp/hard/libc_nano.a(lib_a-init.o)
                                        0x20b (size before relaxing)
 .debug_str     0x00000000000032a7       0xa3 /usr/lib/gcc/arm-none-eabi/10.3.1/../../../arm-none-eabi/lib/thumb/v7e-m+fp/hard/libc_nano.a(lib_a-memset.o)
                                        0x1c0 (size before relaxing)
 .debug_str     0x000000000000334a       0xcb /usr/lib/gcc/arm-none-eabi/10.3.1/../../../arm-none-eabi/lib/thumb/v7e-m+fp/hard/libc_nano.a(lib_a-sprintf.o)
                                        0x54c (size before relaxing)
 .debug_str     0x0000000000003415       0xb5 /usr/lib/gcc/arm-none-eabi/10.3.1/../../../arm-none-eabi/lib/thumb/v7e-m+fp/hard/libc_nano.a(lib_a-strlen.o)
 .debug_str     0x00000000000034ca      0x295 /usr/lib/gcc/arm-none-eabi/10.3.1/../../../arm-none-eabi/lib/thumb/v7e-m+fp/hard/libc_nano.a(lib_a-nano-svfprintf.o)
                                        0x855 (size before relaxing)
 .debug_str     0x000000000000375f       0x94 /usr/lib/gcc/arm-none-eabi/10.3.1/../../../arm-none-eabi/lib/thumb/v7e-m+fp/hard/libc_nano.a(lib_a-nano-vfprintf_i.o)
                                        0x7ec (size before relaxing)
 .debug_str     0x00000000000037f3       0x3c /usr/lib/gcc/arm-none-eabi/10.3.1/../../../arm-none-eabi/lib/thumb/v7e-m+fp/hard/libc_nano.a(lib_a-memchr.o)
                                         0xaf (size before relaxing)
 .debug_str     0x000000000000382f       0x43 /usr/lib/gcc/arm-none-eabi/10.3.1/../../../arm-none-eabi/lib/thumb/v7e-m+fp/hard/libc_nano.a(lib_a-memcpy.o)
                                         0xb6 (size before relaxing)
 .debug_str     0x0000000000003872       0x66 /usr/lib/gcc/arm-none-eabi/10.3.1/../../../arm-none-eabi/lib/thumb/v7e-m+fp/hard/libc_nano.a(lib_a-memmove.o)
                                        0x1df (size before relaxing)
 .debug_str     0x00000000000038d8      0x116 /usr/lib/gcc/arm-none-eabi/10.3.1/../../../arm-none-eabi/lib/thumb/v7e-m+fp/hard/libc_nano.a(lib_a-nano-freer.o)
                                        0x595 (size before relaxing)
 .debug_str     0x00000000000039ee       0x46 /usr/lib/gcc/arm-none-eabi/10.3.1/../../../arm-none-eabi/lib/thumb/v7e-m+fp/hard/libc_nano.a(lib_a-nano-mallocr.o)
                                        0x5c0 (size before relaxing)
 .debug_str     0x0000000000003a34       0x23 /usr/lib/gcc/arm-none-eabi/10.3.1/../../../arm-none-eabi/lib/thumb/v7e-m+fp/hard/libc_nano.a(lib_a-nano-reallocr.o)
                                        0x57f (size before relaxing)
 .debug_str     0x0000000000003a57       0x47 /usr/lib/gcc/arm-none-eabi/10.3.1/../../../arm-none-eabi/lib/thumb/v7e-m+fp/hard/libc_nano.a(lib_a-sbrkr.o)
                                        0x516 (size before relaxing)
 .debug_str     0x0000000000003a9e       0x4c /usr/lib/gcc/arm-none-eabi/10.3.1/../../../arm-none-eabi/lib/thumb/v7e-m+fp/hard/libc_nano.a(lib_a-mlock.o)
                                        0x52c (size before relaxing)
 .debug_str     0x0000000000003aea        0xf /usr/lib/gcc/arm-none-eabi/10.3.1/../../../arm-none-eabi/lib/thumb/v7e-m+fp/hard/libc_nano.a(lib_a-nano-msizer.o)
                                        0x55d (size before relaxing)
 .debug_str     0x0000000000003af9       0x5e /usr/lib/gcc/arm-none-eabi/10.3.1/../../../arm-none-eabi/lib/thumb/v7e-m+fp/hard/libc_nano.a(lib_a-reent.o)
                                        0x53e (size before relaxing)
 .debug_str     0x0000000000003b57       0xf8 /usr/lib/gcc/arm-none-eabi/10.3.1/../../../arm-none-eabi/lib/thumb/v7e-m+fp/hard/libnosys.a(sbrk.o)
                                        0x111 (size before relaxing)
 .debug_str     0x0000000000003c4f       0x9f /usr/lib/gcc/arm-none-eabi/10.3.1/thumb/v7e-m+fp/hard/libgcc.a(_arm_addsubdf3.o)
                                         0xab (size before relaxing)

.debug_frame    0x0000000000000000     0x1ce8
 .debug_frame   0x0000000000000000       0x74 build/main.o
 .debug_frame   0x0000000000000074       0x28 build/gpio.o
 .debug_frame   0x000000000000009c       0x60 build/i2c.o
 .debug_frame   0x00000000000000fc       0x60 build/usart.o
 .debug_frame   0x000000000000015c       0xa8 build/stm32f3xx_it.o
 .debug_frame   0x0000000000000204       0x28 build/stm32f3xx_hal_msp.o
 .debug_frame   0x000000000000022c       0xb4 build/mpu_9250.o
 .debug_frame   0x00000000000002e0      0x934 build/stm32f3xx_hal_i2c.o
 .debug_frame   0x0000000000000c14       0x80 build/stm32f3xx_hal_i2c_ex.o
 .debug_frame   0x0000000000000c94      0x1cc build/stm32f3xx_hal.o
 .debug_frame   0x0000000000000e60      0x170 build/stm32f3xx_hal_rcc.o
 .debug_frame   0x0000000000000fd0       0x7c build/stm32f3xx_hal_rcc_ex.o
 .debug_frame   0x000000000000104c       0xd0 build/stm32f3xx_hal_gpio.o
 .debug_frame   0x000000000000111c      0x118 build/stm32f3xx_hal_cortex.o
 .debug_frame   0x0000000000001234      0x600 build/stm32f3xx_hal_uart.o
 .debug_frame   0x0000000000001834       0x30 build/system_stm32f3xx.o
 .debug_frame   0x0000000000001864       0x2c /usr/lib/gcc/arm-none-eabi/10.3.1/../../../arm-none-eabi/lib/thumb/v7e-m+fp/hard/libc_nano.a(lib_a-init.o)
 .debug_frame   0x0000000000001890       0x2c /usr/lib/gcc/arm-none-eabi/10.3.1/../../../arm-none-eabi/lib/thumb/v7e-m+fp/hard/libc_nano.a(lib_a-memset.o)
 .debug_frame   0x00000000000018bc       0x74 /usr/lib/gcc/arm-none-eabi/10.3.1/../../../arm-none-eabi/lib/thumb/v7e-m+fp/hard/libc_nano.a(lib_a-sprintf.o)
 .debug_frame   0x0000000000001930       0x98 /usr/lib/gcc/arm-none-eabi/10.3.1/../../../arm-none-eabi/lib/thumb/v7e-m+fp/hard/libc_nano.a(lib_a-nano-svfprintf.o)
 .debug_frame   0x00000000000019c8       0x6c /usr/lib/gcc/arm-none-eabi/10.3.1/../../../arm-none-eabi/lib/thumb/v7e-m+fp/hard/libc_nano.a(lib_a-nano-vfprintf_i.o)
 .debug_frame   0x0000000000001a34       0x40 /usr/lib/gcc/arm-none-eabi/10.3.1/../../../arm-none-eabi/lib/thumb/v7e-m+fp/hard/libc_nano.a(lib_a-memmove.o)
 .debug_frame   0x0000000000001a74       0x54 /usr/lib/gcc/arm-none-eabi/10.3.1/../../../arm-none-eabi/lib/thumb/v7e-m+fp/hard/libc_nano.a(lib_a-nano-freer.o)
 .debug_frame   0x0000000000001ac8       0x30 /usr/lib/gcc/arm-none-eabi/10.3.1/../../../arm-none-eabi/lib/thumb/v7e-m+fp/hard/libc_nano.a(lib_a-nano-mallocr.o)
 .debug_frame   0x0000000000001af8       0x38 /usr/lib/gcc/arm-none-eabi/10.3.1/../../../arm-none-eabi/lib/thumb/v7e-m+fp/hard/libc_nano.a(lib_a-nano-reallocr.o)
 .debug_frame   0x0000000000001b30       0x2c /usr/lib/gcc/arm-none-eabi/10.3.1/../../../arm-none-eabi/lib/thumb/v7e-m+fp/hard/libc_nano.a(lib_a-sbrkr.o)
 .debug_frame   0x0000000000001b5c       0x30 /usr/lib/gcc/arm-none-eabi/10.3.1/../../../arm-none-eabi/lib/thumb/v7e-m+fp/hard/libc_nano.a(lib_a-mlock.o)
 .debug_frame   0x0000000000001b8c       0x20 /usr/lib/gcc/arm-none-eabi/10.3.1/../../../arm-none-eabi/lib/thumb/v7e-m+fp/hard/libc_nano.a(lib_a-nano-msizer.o)
 .debug_frame   0x0000000000001bac       0x70 /usr/lib/gcc/arm-none-eabi/10.3.1/../../../arm-none-eabi/lib/thumb/v7e-m+fp/hard/libc_nano.a(lib_a-reent.o)
 .debug_frame   0x0000000000001c1c       0x20 /usr/lib/gcc/arm-none-eabi/10.3.1/../../../arm-none-eabi/lib/thumb/v7e-m+fp/hard/libnosys.a(sbrk.o)
 .debug_frame   0x0000000000001c3c       0xac /usr/lib/gcc/arm-none-eabi/10.3.1/thumb/v7e-m+fp/hard/libgcc.a(_arm_addsubdf3.o)

Cross Reference Table

Symbol                                            File
ADC1_IRQHandler                                   build/startup_stm32f301x8.o
AHBPrescTable                                     build/system_stm32f3xx.o
                                                  build/stm32f3xx_hal_rcc.o
APBPrescTable                                     build/system_stm32f3xx.o
                                                  build/stm32f3xx_hal_rcc.o
Accel_readXYZ                                     build/mpu_9250.o
BusFault_Handler                                  build/stm32f3xx_it.o
COMP2_IRQHandler                                  build/startup_stm32f301x8.o
COMP4_6_IRQHandler                                build/startup_stm32f301x8.o
DMA1_Channel1_IRQHandler                          build/startup_stm32f301x8.o
DMA1_Channel2_IRQHandler                          build/startup_stm32f301x8.o
DMA1_Channel3_IRQHandler                          build/startup_stm32f301x8.o
DMA1_Channel4_IRQHandler                          build/startup_stm32f301x8.o
DMA1_Channel5_IRQHandler                          build/startup_stm32f301x8.o
DMA1_Channel6_IRQHandler                          build/startup_stm32f301x8.o
DMA1_Channel7_IRQHandler                          build/startup_stm32f301x8.o
DebugMon_Handler                                  build/stm32f3xx_it.o
Default_Handler                                   build/startup_stm32f301x8.o
EXTI0_IRQHandler                                  build/startup_stm32f301x8.o
EXTI15_10_IRQHandler                              build/startup_stm32f301x8.o
EXTI1_IRQHandler                                  build/startup_stm32f301x8.o
EXTI2_TSC_IRQHandler                              build/startup_stm32f301x8.o
EXTI3_IRQHandler                                  build/startup_stm32f301x8.o
EXTI4_IRQHandler                                  build/startup_stm32f301x8.o
EXTI9_5_IRQHandler                                build/startup_stm32f301x8.o
Error_Handler                                     build/main.o
                                                  build/usart.o
                                                  build/i2c.o
FLASH_IRQHandler                                  build/startup_stm32f301x8.o
FLASH_PageErase                                   build/stm32f3xx_hal_flash_ex.o
                                                  build/stm32f3xx_hal_flash.o
FLASH_WaitForLastOperation                        build/stm32f3xx_hal_flash.o
                                                  build/stm32f3xx_hal_flash_ex.o
FPU_IRQHandler                                    build/startup_stm32f301x8.o
FusionAhrsGetEarthAcceleration                    build/FusionAhrs.o
FusionAhrsGetFlags                                build/FusionAhrs.o
FusionAhrsGetInternalStates                       build/FusionAhrs.o
FusionAhrsGetLinearAcceleration                   build/FusionAhrs.o
FusionAhrsGetQuaternion                           build/FusionAhrs.o
FusionAhrsInitialise                              build/FusionAhrs.o
FusionAhrsReset                                   build/FusionAhrs.o
FusionAhrsSetHeading                              build/FusionAhrs.o
FusionAhrsSetSettings                             build/FusionAhrs.o
FusionAhrsUpdate                                  build/FusionAhrs.o
FusionAhrsUpdateExternalHeading                   build/FusionAhrs.o
FusionAhrsUpdateNoMagnetometer                    build/FusionAhrs.o
FusionCompassCalculateHeading                     build/FusionCompass.o
                                                  build/FusionAhrs.o
FusionOffsetInitialise                            build/FusionOffset.o
FusionOffsetUpdate                                build/FusionOffset.o
Gyro_readXYZ                                      build/mpu_9250.o
HAL_DBGMCU_DisableDBGSleepMode                    build/stm32f3xx_hal.o
HAL_DBGMCU_DisableDBGStandbyMode                  build/stm32f3xx_hal.o
HAL_DBGMCU_DisableDBGStopMode                     build/stm32f3xx_hal.o
HAL_DBGMCU_EnableDBGSleepMode                     build/stm32f3xx_hal.o
HAL_DBGMCU_EnableDBGStandbyMode                   build/stm32f3xx_hal.o
HAL_DBGMCU_EnableDBGStopMode                      build/stm32f3xx_hal.o
HAL_DMA_Abort                                     build/stm32f3xx_hal_dma.o
                                                  build/stm32f3xx_hal_uart.o
HAL_DMA_Abort_IT                                  build/stm32f3xx_hal_dma.o
                                                  build/stm32f3xx_hal_uart.o
                                                  build/stm32f3xx_hal_i2c.o
HAL_DMA_DeInit                                    build/stm32f3xx_hal_dma.o
HAL_DMA_GetError                                  build/stm32f3xx_hal_dma.o
                                                  build/stm32f3xx_hal_uart.o
HAL_DMA_GetState                                  build/stm32f3xx_hal_dma.o
                                                  build/stm32f3xx_hal_i2c.o
HAL_DMA_IRQHandler                                build/stm32f3xx_hal_dma.o
HAL_DMA_Init                                      build/stm32f3xx_hal_dma.o
HAL_DMA_PollForTransfer                           build/stm32f3xx_hal_dma.o
HAL_DMA_RegisterCallback                          build/stm32f3xx_hal_dma.o
HAL_DMA_Start                                     build/stm32f3xx_hal_dma.o
HAL_DMA_Start_IT                                  build/stm32f3xx_hal_dma.o
                                                  build/stm32f3xx_hal_uart.o
                                                  build/stm32f3xx_hal_i2c.o
HAL_DMA_UnRegisterCallback                        build/stm32f3xx_hal_dma.o
HAL_DeInit                                        build/stm32f3xx_hal.o
HAL_Delay                                         build/stm32f3xx_hal.o
                                                  build/mpu_9250.o
HAL_EXTI_ClearConfigLine                          build/stm32f3xx_hal_exti.o
HAL_EXTI_ClearPending                             build/stm32f3xx_hal_exti.o
HAL_EXTI_GenerateSWI                              build/stm32f3xx_hal_exti.o
HAL_EXTI_GetConfigLine                            build/stm32f3xx_hal_exti.o
HAL_EXTI_GetHandle                                build/stm32f3xx_hal_exti.o
HAL_EXTI_GetPending                               build/stm32f3xx_hal_exti.o
HAL_EXTI_IRQHandler                               build/stm32f3xx_hal_exti.o
HAL_EXTI_RegisterCallback                         build/stm32f3xx_hal_exti.o
HAL_EXTI_SetConfigLine                            build/stm32f3xx_hal_exti.o
HAL_FLASHEx_Erase                                 build/stm32f3xx_hal_flash_ex.o
HAL_FLASHEx_Erase_IT                              build/stm32f3xx_hal_flash_ex.o
HAL_FLASHEx_OBErase                               build/stm32f3xx_hal_flash_ex.o
HAL_FLASHEx_OBGetConfig                           build/stm32f3xx_hal_flash_ex.o
HAL_FLASHEx_OBGetUserData                         build/stm32f3xx_hal_flash_ex.o
HAL_FLASHEx_OBProgram                             build/stm32f3xx_hal_flash_ex.o
HAL_FLASH_EndOfOperationCallback                  build/stm32f3xx_hal_flash.o
HAL_FLASH_GetError                                build/stm32f3xx_hal_flash.o
HAL_FLASH_IRQHandler                              build/stm32f3xx_hal_flash.o
HAL_FLASH_Lock                                    build/stm32f3xx_hal_flash.o
HAL_FLASH_OB_Launch                               build/stm32f3xx_hal_flash.o
HAL_FLASH_OB_Lock                                 build/stm32f3xx_hal_flash.o
HAL_FLASH_OB_Unlock                               build/stm32f3xx_hal_flash.o
HAL_FLASH_OperationErrorCallback                  build/stm32f3xx_hal_flash.o
HAL_FLASH_Program                                 build/stm32f3xx_hal_flash.o
HAL_FLASH_Program_IT                              build/stm32f3xx_hal_flash.o
HAL_FLASH_Unlock                                  build/stm32f3xx_hal_flash.o
HAL_GPIO_DeInit                                   build/stm32f3xx_hal_gpio.o
                                                  build/usart.o
                                                  build/i2c.o
HAL_GPIO_EXTI_Callback                            build/stm32f3xx_hal_gpio.o
HAL_GPIO_EXTI_IRQHandler                          build/stm32f3xx_hal_gpio.o
HAL_GPIO_Init                                     build/stm32f3xx_hal_gpio.o
                                                  build/stm32f3xx_hal_rcc.o
                                                  build/usart.o
                                                  build/i2c.o
HAL_GPIO_LockPin                                  build/stm32f3xx_hal_gpio.o
HAL_GPIO_ReadPin                                  build/stm32f3xx_hal_gpio.o
HAL_GPIO_TogglePin                                build/stm32f3xx_hal_gpio.o
HAL_GPIO_WritePin                                 build/stm32f3xx_hal_gpio.o
HAL_GetDEVID                                      build/stm32f3xx_hal.o
HAL_GetHalVersion                                 build/stm32f3xx_hal.o
HAL_GetREVID                                      build/stm32f3xx_hal.o
HAL_GetTick                                       build/stm32f3xx_hal.o
                                                  build/stm32f3xx_hal_uart_ex.o
                                                  build/stm32f3xx_hal_uart.o
                                                  build/stm32f3xx_hal_flash.o
                                                  build/stm32f3xx_hal_dma.o
                                                  build/stm32f3xx_hal_rcc_ex.o
                                                  build/stm32f3xx_hal_rcc.o
                                                  build/stm32f3xx_hal_i2c.o
HAL_GetTickFreq                                   build/stm32f3xx_hal.o
HAL_GetTickPrio                                   build/stm32f3xx_hal.o
HAL_GetUIDw0                                      build/stm32f3xx_hal.o
HAL_GetUIDw1                                      build/stm32f3xx_hal.o
HAL_GetUIDw2                                      build/stm32f3xx_hal.o
HAL_HalfDuplex_EnableReceiver                     build/stm32f3xx_hal_uart.o
HAL_HalfDuplex_EnableTransmitter                  build/stm32f3xx_hal_uart.o
HAL_HalfDuplex_Init                               build/stm32f3xx_hal_uart.o
HAL_I2CEx_ConfigAnalogFilter                      build/stm32f3xx_hal_i2c_ex.o
                                                  build/i2c.o
HAL_I2CEx_ConfigDigitalFilter                     build/stm32f3xx_hal_i2c_ex.o
                                                  build/i2c.o
HAL_I2CEx_DisableFastModePlus                     build/stm32f3xx_hal_i2c_ex.o
HAL_I2CEx_DisableWakeUp                           build/stm32f3xx_hal_i2c_ex.o
HAL_I2CEx_EnableFastModePlus                      build/stm32f3xx_hal_i2c_ex.o
HAL_I2CEx_EnableWakeUp                            build/stm32f3xx_hal_i2c_ex.o
HAL_I2C_AbortCpltCallback                         build/stm32f3xx_hal_i2c.o
HAL_I2C_AddrCallback                              build/stm32f3xx_hal_i2c.o
HAL_I2C_DeInit                                    build/stm32f3xx_hal_i2c.o
HAL_I2C_DisableListen_IT                          build/stm32f3xx_hal_i2c.o
HAL_I2C_ER_IRQHandler                             build/stm32f3xx_hal_i2c.o
HAL_I2C_EV_IRQHandler                             build/stm32f3xx_hal_i2c.o
HAL_I2C_EnableListen_IT                           build/stm32f3xx_hal_i2c.o
HAL_I2C_ErrorCallback                             build/stm32f3xx_hal_i2c.o
HAL_I2C_GetError                                  build/stm32f3xx_hal_i2c.o
HAL_I2C_GetMode                                   build/stm32f3xx_hal_i2c.o
HAL_I2C_GetState                                  build/stm32f3xx_hal_i2c.o
HAL_I2C_Init                                      build/stm32f3xx_hal_i2c.o
                                                  build/i2c.o
HAL_I2C_IsDeviceReady                             build/stm32f3xx_hal_i2c.o
HAL_I2C_ListenCpltCallback                        build/stm32f3xx_hal_i2c.o
HAL_I2C_MasterRxCpltCallback                      build/stm32f3xx_hal_i2c.o
HAL_I2C_MasterTxCpltCallback                      build/stm32f3xx_hal_i2c.o
HAL_I2C_Master_Abort_IT                           build/stm32f3xx_hal_i2c.o
HAL_I2C_Master_Receive                            build/stm32f3xx_hal_i2c.o
HAL_I2C_Master_Receive_DMA                        build/stm32f3xx_hal_i2c.o
HAL_I2C_Master_Receive_IT                         build/stm32f3xx_hal_i2c.o
HAL_I2C_Master_Seq_Receive_DMA                    build/stm32f3xx_hal_i2c.o
HAL_I2C_Master_Seq_Receive_IT                     build/stm32f3xx_hal_i2c.o
HAL_I2C_Master_Seq_Transmit_DMA                   build/stm32f3xx_hal_i2c.o
HAL_I2C_Master_Seq_Transmit_IT                    build/stm32f3xx_hal_i2c.o
HAL_I2C_Master_Transmit                           build/stm32f3xx_hal_i2c.o
HAL_I2C_Master_Transmit_DMA                       build/stm32f3xx_hal_i2c.o
HAL_I2C_Master_Transmit_IT                        build/stm32f3xx_hal_i2c.o
HAL_I2C_MemRxCpltCallback                         build/stm32f3xx_hal_i2c.o
HAL_I2C_MemTxCpltCallback                         build/stm32f3xx_hal_i2c.o
HAL_I2C_Mem_Read                                  build/stm32f3xx_hal_i2c.o
                                                  build/mpu_9250.o
HAL_I2C_Mem_Read_DMA                              build/stm32f3xx_hal_i2c.o
HAL_I2C_Mem_Read_IT                               build/stm32f3xx_hal_i2c.o
HAL_I2C_Mem_Write                                 build/stm32f3xx_hal_i2c.o
                                                  build/mpu_9250.o
HAL_I2C_Mem_Write_DMA                             build/stm32f3xx_hal_i2c.o
HAL_I2C_Mem_Write_IT                              build/stm32f3xx_hal_i2c.o
HAL_I2C_MspDeInit                                 build/i2c.o
HAL_I2C_MspInit                                   build/i2c.o
HAL_I2C_SlaveRxCpltCallback                       build/stm32f3xx_hal_i2c.o
HAL_I2C_SlaveTxCpltCallback                       build/stm32f3xx_hal_i2c.o
HAL_I2C_Slave_Receive                             build/stm32f3xx_hal_i2c.o
HAL_I2C_Slave_Receive_DMA                         build/stm32f3xx_hal_i2c.o
HAL_I2C_Slave_Receive_IT                          build/stm32f3xx_hal_i2c.o
HAL_I2C_Slave_Seq_Receive_DMA                     build/stm32f3xx_hal_i2c.o
HAL_I2C_Slave_Seq_Receive_IT                      build/stm32f3xx_hal_i2c.o
HAL_I2C_Slave_Seq_Transmit_DMA                    build/stm32f3xx_hal_i2c.o
HAL_I2C_Slave_Seq_Transmit_IT                     build/stm32f3xx_hal_i2c.o
HAL_I2C_Slave_Transmit                            build/stm32f3xx_hal_i2c.o
HAL_I2C_Slave_Transmit_DMA                        build/stm32f3xx_hal_i2c.o
HAL_I2C_Slave_Transmit_IT                         build/stm32f3xx_hal_i2c.o
HAL_IncTick                                       build/stm32f3xx_hal.o
                                                  build/stm32f3xx_it.o
HAL_Init                                          build/stm32f3xx_hal.o
                                                  build/main.o
HAL_InitTick                                      build/stm32f3xx_hal.o
                                                  build/stm32f3xx_hal_rcc.o
HAL_LIN_Init                                      build/stm32f3xx_hal_uart.o
HAL_LIN_SendBreak                                 build/stm32f3xx_hal_uart.o
HAL_MspDeInit                                     build/stm32f3xx_hal.o
HAL_MspInit                                       build/stm32f3xx_hal_msp.o
HAL_MultiProcessorEx_AddressLength_Set            build/stm32f3xx_hal_uart_ex.o
HAL_MultiProcessor_DisableMuteMode                build/stm32f3xx_hal_uart.o
HAL_MultiProcessor_EnableMuteMode                 build/stm32f3xx_hal_uart.o
HAL_MultiProcessor_EnterMuteMode                  build/stm32f3xx_hal_uart.o
HAL_MultiProcessor_Init                           build/stm32f3xx_hal_uart.o
HAL_NVIC_ClearPendingIRQ                          build/stm32f3xx_hal_cortex.o
HAL_NVIC_DisableIRQ                               build/stm32f3xx_hal_cortex.o
HAL_NVIC_EnableIRQ                                build/stm32f3xx_hal_cortex.o
HAL_NVIC_GetActive                                build/stm32f3xx_hal_cortex.o
HAL_NVIC_GetPendingIRQ                            build/stm32f3xx_hal_cortex.o
HAL_NVIC_GetPriority                              build/stm32f3xx_hal_cortex.o
HAL_NVIC_GetPriorityGrouping                      build/stm32f3xx_hal_cortex.o
HAL_NVIC_SetPendingIRQ                            build/stm32f3xx_hal_cortex.o
HAL_NVIC_SetPriority                              build/stm32f3xx_hal_cortex.o
                                                  build/stm32f3xx_hal.o
HAL_NVIC_SetPriorityGrouping                      build/stm32f3xx_hal_cortex.o
                                                  build/stm32f3xx_hal.o
HAL_NVIC_SystemReset                              build/stm32f3xx_hal_cortex.o
HAL_PWR_ConfigPVD                                 build/stm32f3xx_hal_pwr_ex.o
HAL_PWR_DeInit                                    build/stm32f3xx_hal_pwr.o
HAL_PWR_DisableBkUpAccess                         build/stm32f3xx_hal_pwr.o
HAL_PWR_DisablePVD                                build/stm32f3xx_hal_pwr_ex.o
HAL_PWR_DisableSEVOnPend                          build/stm32f3xx_hal_pwr.o
HAL_PWR_DisableSleepOnExit                        build/stm32f3xx_hal_pwr.o
HAL_PWR_DisableWakeUpPin                          build/stm32f3xx_hal_pwr.o
HAL_PWR_EnableBkUpAccess                          build/stm32f3xx_hal_pwr.o
HAL_PWR_EnablePVD                                 build/stm32f3xx_hal_pwr_ex.o
HAL_PWR_EnableSEVOnPend                           build/stm32f3xx_hal_pwr.o
HAL_PWR_EnableSleepOnExit                         build/stm32f3xx_hal_pwr.o
HAL_PWR_EnableWakeUpPin                           build/stm32f3xx_hal_pwr.o
HAL_PWR_EnterSLEEPMode                            build/stm32f3xx_hal_pwr.o
HAL_PWR_EnterSTANDBYMode                          build/stm32f3xx_hal_pwr.o
HAL_PWR_EnterSTOPMode                             build/stm32f3xx_hal_pwr.o
HAL_PWR_PVDCallback                               build/stm32f3xx_hal_pwr_ex.o
HAL_PWR_PVD_IRQHandler                            build/stm32f3xx_hal_pwr_ex.o
HAL_RCCEx_GetPeriphCLKConfig                      build/stm32f3xx_hal_rcc_ex.o
HAL_RCCEx_GetPeriphCLKFreq                        build/stm32f3xx_hal_rcc_ex.o
HAL_RCCEx_PeriphCLKConfig                         build/stm32f3xx_hal_rcc_ex.o
                                                  build/main.o
HAL_RCC_CSSCallback                               build/stm32f3xx_hal_rcc.o
HAL_RCC_ClockConfig                               build/stm32f3xx_hal_rcc.o
                                                  build/main.o
HAL_RCC_DeInit                                    build/stm32f3xx_hal_rcc.o
HAL_RCC_DisableCSS                                build/stm32f3xx_hal_rcc.o
HAL_RCC_EnableCSS                                 build/stm32f3xx_hal_rcc.o
HAL_RCC_GetClockConfig                            build/stm32f3xx_hal_rcc.o
HAL_RCC_GetHCLKFreq                               build/stm32f3xx_hal_rcc.o
HAL_RCC_GetOscConfig                              build/stm32f3xx_hal_rcc.o
HAL_RCC_GetPCLK1Freq                              build/stm32f3xx_hal_rcc.o
                                                  build/stm32f3xx_hal_uart.o
                                                  build/stm32f3xx_hal_rcc_ex.o
HAL_RCC_GetPCLK2Freq                              build/stm32f3xx_hal_rcc.o
                                                  build/stm32f3xx_hal_uart.o
HAL_RCC_GetSysClockFreq                           build/stm32f3xx_hal_rcc.o
                                                  build/stm32f3xx_hal_uart.o
                                                  build/stm32f3xx_hal_rcc_ex.o
HAL_RCC_MCOConfig                                 build/stm32f3xx_hal_rcc.o
HAL_RCC_NMI_IRQHandler                            build/stm32f3xx_hal_rcc.o
HAL_RCC_OscConfig                                 build/stm32f3xx_hal_rcc.o
                                                  build/main.o
HAL_RS485Ex_Init                                  build/stm32f3xx_hal_uart_ex.o
HAL_ResumeTick                                    build/stm32f3xx_hal.o
HAL_SYSTICK_CLKSourceConfig                       build/stm32f3xx_hal_cortex.o
HAL_SYSTICK_Callback                              build/stm32f3xx_hal_cortex.o
HAL_SYSTICK_Config                                build/stm32f3xx_hal_cortex.o
                                                  build/stm32f3xx_hal.o
HAL_SYSTICK_IRQHandler                            build/stm32f3xx_hal_cortex.o
HAL_SetTickFreq                                   build/stm32f3xx_hal.o
HAL_SuspendTick                                   build/stm32f3xx_hal.o
HAL_UARTEx_DisableStopMode                        build/stm32f3xx_hal_uart_ex.o
HAL_UARTEx_EnableStopMode                         build/stm32f3xx_hal_uart_ex.o
HAL_UARTEx_ReceiveToIdle                          build/stm32f3xx_hal_uart_ex.o
HAL_UARTEx_ReceiveToIdle_DMA                      build/stm32f3xx_hal_uart_ex.o
HAL_UARTEx_ReceiveToIdle_IT                       build/stm32f3xx_hal_uart_ex.o
HAL_UARTEx_RxEventCallback                        build/stm32f3xx_hal_uart.o
HAL_UARTEx_StopModeWakeUpSourceConfig             build/stm32f3xx_hal_uart_ex.o
HAL_UARTEx_WakeupCallback                         build/stm32f3xx_hal_uart_ex.o
                                                  build/stm32f3xx_hal_uart.o
HAL_UART_Abort                                    build/stm32f3xx_hal_uart.o
HAL_UART_AbortCpltCallback                        build/stm32f3xx_hal_uart.o
HAL_UART_AbortReceive                             build/stm32f3xx_hal_uart.o
HAL_UART_AbortReceiveCpltCallback                 build/stm32f3xx_hal_uart.o
HAL_UART_AbortReceive_IT                          build/stm32f3xx_hal_uart.o
HAL_UART_AbortTransmit                            build/stm32f3xx_hal_uart.o
HAL_UART_AbortTransmitCpltCallback                build/stm32f3xx_hal_uart.o
HAL_UART_AbortTransmit_IT                         build/stm32f3xx_hal_uart.o
HAL_UART_Abort_IT                                 build/stm32f3xx_hal_uart.o
HAL_UART_DMAPause                                 build/stm32f3xx_hal_uart.o
HAL_UART_DMAResume                                build/stm32f3xx_hal_uart.o
HAL_UART_DMAStop                                  build/stm32f3xx_hal_uart.o
HAL_UART_DeInit                                   build/stm32f3xx_hal_uart.o
HAL_UART_DisableReceiverTimeout                   build/stm32f3xx_hal_uart.o
HAL_UART_EnableReceiverTimeout                    build/stm32f3xx_hal_uart.o
HAL_UART_ErrorCallback                            build/stm32f3xx_hal_uart.o
HAL_UART_GetError                                 build/stm32f3xx_hal_uart.o
HAL_UART_GetState                                 build/stm32f3xx_hal_uart.o
HAL_UART_IRQHandler                               build/stm32f3xx_hal_uart.o
HAL_UART_Init                                     build/stm32f3xx_hal_uart.o
                                                  build/usart.o
HAL_UART_MspDeInit                                build/usart.o
HAL_UART_MspInit                                  build/usart.o
                                                  build/stm32f3xx_hal_uart_ex.o
HAL_UART_Receive                                  build/stm32f3xx_hal_uart.o
HAL_UART_Receive_DMA                              build/stm32f3xx_hal_uart.o
HAL_UART_Receive_IT                               build/stm32f3xx_hal_uart.o
HAL_UART_ReceiverTimeout_Config                   build/stm32f3xx_hal_uart.o
HAL_UART_RxCpltCallback                           build/stm32f3xx_hal_uart.o
HAL_UART_RxHalfCpltCallback                       build/stm32f3xx_hal_uart.o
HAL_UART_Transmit                                 build/stm32f3xx_hal_uart.o
HAL_UART_Transmit_DMA                             build/stm32f3xx_hal_uart.o
HAL_UART_Transmit_IT                              build/stm32f3xx_hal_uart.o
                                                  build/main.o
HAL_UART_TxCpltCallback                           build/stm32f3xx_hal_uart.o
HAL_UART_TxHalfCpltCallback                       build/stm32f3xx_hal_uart.o
HardFault_Handler                                 build/stm32f3xx_it.o