Archive member included to satisfy reference by file (symbol)

/usr/lib/gcc/arm-none-eabi/10.3.1/../../../arm-none-eabi/lib/thumb/v7-m/nofp/libc_nano.a(lib_a-atexit.o)
                              /usr/lib/gcc/arm-none-eabi/10.3.1/../../../arm-none-eabi/lib/thumb/v7-m/nofp/crt0.o (atexit)
/usr/lib/gcc/arm-none-eabi/10.3.1/../../../arm-none-eabi/lib/thumb/v7-m/nofp/libc_nano.a(lib_a-errno.o)
                              build/syscalls.o (__errno)
/usr/lib/gcc/arm-none-eabi/10.3.1/../../../arm-none-eabi/lib/thumb/v7-m/nofp/libc_nano.a(lib_a-exit.o)
                              /usr/lib/gcc/arm-none-eabi/10.3.1/../../../arm-none-eabi/lib/thumb/v7-m/nofp/crt0.o (exit)
/usr/lib/gcc/arm-none-eabi/10.3.1/../../../arm-none-eabi/lib/thumb/v7-m/nofp/libc_nano.a(lib_a-fini.o)
                              /usr/lib/gcc/arm-none-eabi/10.3.1/../../../arm-none-eabi/lib/thumb/v7-m/nofp/crt0.o (__libc_fini_array)
/usr/lib/gcc/arm-none-eabi/10.3.1/../../../arm-none-eabi/lib/thumb/v7-m/nofp/libc_nano.a(lib_a-impure.o)
                              /usr/lib/gcc/arm-none-eabi/10.3.1/../../../arm-none-eabi/lib/thumb/v7-m/nofp/libc_nano.a(lib_a-exit.o) (_global_impure_ptr)
/usr/lib/gcc/arm-none-eabi/10.3.1/../../../arm-none-eabi/lib/thumb/v7-m/nofp/libc_nano.a(lib_a-init.o)
                              /usr/lib/gcc/arm-none-eabi/10.3.1/../../../arm-none-eabi/lib/thumb/v7-m/nofp/crt0.o (__libc_init_array)
/usr/lib/gcc/arm-none-eabi/10.3.1/../../../arm-none-eabi/lib/thumb/v7-m/nofp/libc_nano.a(lib_a-memcpy.o)
                              build/queue.o (memcpy)
/usr/lib/gcc/arm-none-eabi/10.3.1/../../../arm-none-eabi/lib/thumb/v7-m/nofp/libc_nano.a(lib_a-memset.o)
                              /usr/lib/gcc/arm-none-eabi/10.3.1/../../../arm-none-eabi/lib/thumb/v7-m/nofp/crt0.o (memset)
/usr/lib/gcc/arm-none-eabi/10.3.1/../../../arm-none-eabi/lib/thumb/v7-m/nofp/libc_nano.a(lib_a-__atexit.o)
                              /usr/lib/gcc/arm-none-eabi/10.3.1/../../../arm-none-eabi/lib/thumb/v7-m/nofp/libc_nano.a(lib_a-atexit.o) (__register_exitproc)
/usr/lib/gcc/arm-none-eabi/10.3.1/../../../arm-none-eabi/lib/thumb/v7-m/nofp/libc_nano.a(lib_a-__call_atexit.o)
                              /usr/lib/gcc/arm-none-eabi/10.3.1/../../../arm-none-eabi/lib/thumb/v7-m/nofp/libc_nano.a(lib_a-__atexit.o) (__call_exitprocs)

Discarded input sections

 .text          0x0000000000000000        0x0 /usr/lib/gcc/arm-none-eabi/10.3.1/thumb/v7-m/nofp/crti.o
 .data          0x0000000000000000        0x0 /usr/lib/gcc/arm-none-eabi/10.3.1/thumb/v7-m/nofp/crti.o
 .bss           0x0000000000000000        0x0 /usr/lib/gcc/arm-none-eabi/10.3.1/thumb/v7-m/nofp/crti.o
 .data          0x0000000000000000        0x4 /usr/lib/gcc/arm-none-eabi/10.3.1/thumb/v7-m/nofp/crtbegin.o
 .rodata        0x0000000000000000       0x24 /usr/lib/gcc/arm-none-eabi/10.3.1/thumb/v7-m/nofp/crtbegin.o
 .text          0x0000000000000000       0x70 /usr/lib/gcc/arm-none-eabi/10.3.1/../../../arm-none-eabi/lib/thumb/v7-m/nofp/crt0.o
 .data          0x0000000000000000        0x0 /usr/lib/gcc/arm-none-eabi/10.3.1/../../../arm-none-eabi/lib/thumb/v7-m/nofp/crt0.o
 .bss           0x0000000000000000        0x0 /usr/lib/gcc/arm-none-eabi/10.3.1/../../../arm-none-eabi/lib/thumb/v7-m/nofp/crt0.o
 .ARM.extab     0x0000000000000000        0x0 /usr/lib/gcc/arm-none-eabi/10.3.1/../../../arm-none-eabi/lib/thumb/v7-m/nofp/crt0.o
 .ARM.exidx     0x0000000000000000       0x10 /usr/lib/gcc/arm-none-eabi/10.3.1/../../../arm-none-eabi/lib/thumb/v7-m/nofp/crt0.o
 .debug_line    0x0000000000000000       0x87 /usr/lib/gcc/arm-none-eabi/10.3.1/../../../arm-none-eabi/lib/thumb/v7-m/nofp/crt0.o
 .debug_info    0x0000000000000000       0x26 /usr/lib/gcc/arm-none-eabi/10.3.1/../../../arm-none-eabi/lib/thumb/v7-m/nofp/crt0.o
 .debug_abbrev  0x0000000000000000       0x14 /usr/lib/gcc/arm-none-eabi/10.3.1/../../../arm-none-eabi/lib/thumb/v7-m/nofp/crt0.o
 .debug_aranges
                0x0000000000000000       0x20 /usr/lib/gcc/arm-none-eabi/10.3.1/../../../arm-none-eabi/lib/thumb/v7-m/nofp/crt0.o
 .debug_str     0x0000000000000000       0x94 /usr/lib/gcc/arm-none-eabi/10.3.1/../../../arm-none-eabi/lib/thumb/v7-m/nofp/crt0.o
 .ARM.attributes
                0x0000000000000000       0x1b /usr/lib/gcc/arm-none-eabi/10.3.1/../../../arm-none-eabi/lib/thumb/v7-m/nofp/crt0.o
 .text          0x0000000000000000        0x0 build/main.o
 .data          0x0000000000000000        0x0 build/main.o
 .bss           0x0000000000000000        0x0 build/main.o
 .text          0x0000000000000000        0x0 build/gpio.o
 .data          0x0000000000000000        0x0 build/gpio.o
 .bss           0x0000000000000000        0x0 build/gpio.o
 .text          0x0000000000000000        0x0 build/freertos.o
 .data          0x0000000000000000        0x0 build/freertos.o
 .bss           0x0000000000000000        0x0 build/freertos.o
 .text          0x0000000000000000        0x0 build/dma.o
 .data          0x0000000000000000        0x0 build/dma.o
[...]
Memory Configuration

Name             Origin             Length             Attributes
RAM              0x0000000020000000 0x0000000000005000 xrw
FLASH            0x0000000008000000 0x0000000000010000 xr
*default*        0x0000000000000000 0xffffffffffffffff

Linker script and memory map

LOAD /usr/lib/gcc/arm-none-eabi/10.3.1/thumb/v7-m/nofp/crti.o
LOAD /usr/lib/gcc/arm-none-eabi/10.3.1/thumb/v7-m/nofp/crtbegin.o
LOAD /usr/lib/gcc/arm-none-eabi/10.3.1/../../../arm-none-eabi/lib/thumb/v7-m/nofp/crt0.o
LOAD build/main.o
LOAD build/gpio.o
LOAD build/freertos.o
LOAD build/dma.o
LOAD build/tim.o
LOAD build/usart.o
LOAD build/syscalls.o
LOAD build/stm32f1xx_it.o
LOAD build/stm32f1xx_hal_msp.o
LOAD build/stm32f1xx_hal_timebase_tim.o
LOAD build/stm32f1xx_hal_gpio_ex.o
LOAD build/stm32f1xx_hal.o
LOAD build/stm32f1xx_hal_rcc.o
LOAD build/stm32f1xx_hal_rcc_ex.o
LOAD build/stm32f1xx_hal_gpio.o
LOAD build/stm32f1xx_hal_dma.o
LOAD build/stm32f1xx_hal_cortex.o
LOAD build/stm32f1xx_hal_pwr.o
LOAD build/stm32f1xx_hal_flash.o
LOAD build/stm32f1xx_hal_flash_ex.o
LOAD build/stm32f1xx_hal_exti.o
LOAD build/stm32f1xx_hal_tim.o
LOAD build/stm32f1xx_hal_tim_ex.o
LOAD build/stm32f1xx_hal_uart.o
LOAD build/system_stm32f1xx.o
LOAD build/croutine.o
LOAD build/event_groups.o
LOAD build/list.o
LOAD build/queue.o
LOAD build/stream_buffer.o
LOAD build/tasks.o
LOAD build/timers.o
LOAD build/cmsis_os2.o
LOAD build/heap_4.o
LOAD build/port.o
LOAD build/startup_stm32f103xb.o
LOAD /usr/lib/gcc/arm-none-eabi/10.3.1/../../../arm-none-eabi/lib/thumb/v7-m/nofp/libc_nano.a
LOAD /usr/lib/gcc/arm-none-eabi/10.3.1/../../../arm-none-eabi/lib/thumb/v7-m/nofp/libm.a
LOAD /usr/lib/gcc/arm-none-eabi/10.3.1/../../../arm-none-eabi/lib/thumb/v7-m/nofp/libnosys.a
START GROUP
LOAD /usr/lib/gcc/arm-none-eabi/10.3.1/thumb/v7-m/nofp/libgcc.a
LOAD /usr/lib/gcc/arm-none-eabi/10.3.1/../../../arm-none-eabi/lib/thumb/v7-m/nofp/libc_nano.a
END GROUP
START GROUP
LOAD /usr/lib/gcc/arm-none-eabi/10.3.1/thumb/v7-m/nofp/libgcc.a
LOAD /usr/lib/gcc/arm-none-eabi/10.3.1/../../../arm-none-eabi/lib/thumb/v7-m/nofp/libc_nano.a
END GROUP
LOAD /usr/lib/gcc/arm-none-eabi/10.3.1/thumb/v7-m/nofp/crtend.o
LOAD /usr/lib/gcc/arm-none-eabi/10.3.1/thumb/v7-m/nofp/crtn.o
                0x0000000020005000                _estack = (ORIGIN (RAM) + LENGTH (RAM))
                0x0000000000000200                _Min_Heap_Size = 0x200
                0x0000000000000400                _Min_Stack_Size = 0x400

.isr_vector     0x0000000008000000      0x10c
                0x0000000008000000                . = ALIGN (0x4)
 *(.isr_vector)
 .isr_vector    0x0000000008000000      0x10c build/startup_stm32f103xb.o
                0x0000000008000000                g_pfnVectors
                0x000000000800010c                . = ALIGN (0x4)

.text           0x0000000008000110     0x3c68
                0x0000000008000110                . = ALIGN (0x4)
 *(.text)
 .text          0x0000000008000110       0x88 /usr/lib/gcc/arm-none-eabi/10.3.1/thumb/v7-m/nofp/crtbegin.o
 .text          0x0000000008000198       0x48 /usr/lib/gcc/arm-none-eabi/10.3.1/../../../arm-none-eabi/lib/thumb/v7-m/nofp/libc_nano.a(lib_a-init.o)
                0x0000000008000198                __libc_init_array
 .text          0x00000000080001e0       0xec /usr/lib/gcc/arm-none-eabi/10.3.1/../../../arm-none-eabi/lib/thumb/v7-m/nofp/libc_nano.a(lib_a-memcpy.o)
                0x00000000080001e0                memcpy
 .text          0x00000000080002cc       0xa4 /usr/lib/gcc/arm-none-eabi/10.3.1/../../../arm-none-eabi/lib/thumb/v7-m/nofp/libc_nano.a(lib_a-memset.o)
                0x00000000080002cc                memset
 *(.text*)
 .text.HAL_TIM_PeriodElapsedCallback
                0x0000000008000370       0x18 build/main.o
                0x0000000008000370                HAL_TIM_PeriodElapsedCallback
 .text.Error_Handler
                0x0000000008000388        0x4 build/main.o
                0x0000000008000388                Error_Handler
 .text.SystemClock_Config
                0x000000000800038c       0x64 build/main.o
                0x000000000800038c                SystemClock_Config
 .text.main     0x00000000080003f0       0x30 build/main.o
                0x00000000080003f0                main
 .text.MX_GPIO_Init
                0x0000000008000420       0x78 build/gpio.o
                0x0000000008000420                MX_GPIO_Init
 .text.StartDefaultTask
                0x0000000008000498        0xa build/freertos.o
                0x0000000008000498                StartDefaultTask
 *fill*         0x00000000080004a2        0x2 
 .text.MX_FREERTOS_Init
                0x00000000080004a4       0x20 build/freertos.o
                0x00000000080004a4                MX_FREERTOS_Init
 .text.MX_DMA_Init
                0x00000000080004c4       0x44 build/dma.o
                0x00000000080004c4                MX_DMA_Init
 .text.MX_TIM2_Init
                0x0000000008000508       0xa8 build/tim.o
                0x0000000008000508                MX_TIM2_Init
 .text.MX_TIM3_Init
                0x00000000080005b0       0xa8 build/tim.o
                0x00000000080005b0                MX_TIM3_Init
 .text.MX_TIM4_Init
                0x0000000008000658       0xa8 build/tim.o
                0x0000000008000658                MX_TIM4_Init
 .text.HAL_TIM_IC_MspInit
                0x0000000008000700      0x158 build/tim.o
                0x0000000008000700                HAL_TIM_IC_MspInit
 .text.MX_USART2_UART_Init
                0x0000000008000858       0x34 build/usart.o
                0x0000000008000858                MX_USART2_UART_Init
 .text.HAL_UART_MspInit
                0x000000000800088c       0xf8 build/usart.o
                0x000000000800088c                HAL_UART_MspInit
 .text.NMI_Handler
                0x0000000008000984        0x2 build/stm32f1xx_it.o
                0x0000000008000984                NMI_Handler
 .text.HardFault_Handler
                0x0000000008000986        0x2 build/stm32f1xx_it.o
                0x0000000008000986                HardFault_Handler
 .text.MemManage_Handler
                0x0000000008000988        0x2 build/stm32f1xx_it.o
                0x0000000008000988                MemManage_Handler
 .text.BusFault_Handler
                0x000000000800098a        0x2 build/stm32f1xx_it.o
                0x000000000800098a                BusFault_Handler
 .text.UsageFault_Handler
                0x000000000800098c        0x2 build/stm32f1xx_it.o
                0x000000000800098c                UsageFault_Handler
 .text.DebugMon_Handler
                0x000000000800098e        0x2 build/stm32f1xx_it.o
                0x000000000800098e                DebugMon_Handler
 .text.DMA1_Channel6_IRQHandler
                0x0000000008000990       0x10 build/stm32f1xx_it.o
                0x0000000008000990                DMA1_Channel6_IRQHandler
 .text.DMA1_Channel7_IRQHandler
                0x00000000080009a0       0x10 build/stm32f1xx_it.o
                0x00000000080009a0                DMA1_Channel7_IRQHandler
 .text.TIM1_UP_IRQHandler
                0x00000000080009b0       0x10 build/stm32f1xx_it.o
                0x00000000080009b0                TIM1_UP_IRQHandler
 .text.TIM2_IRQHandler
                0x00000000080009c0       0x10 build/stm32f1xx_it.o
                0x00000000080009c0                TIM2_IRQHandler
 .text.TIM3_IRQHandler
                0x00000000080009d0       0x10 build/stm32f1xx_it.o
                0x00000000080009d0                TIM3_IRQHandler
 .text.TIM4_IRQHandler
                0x00000000080009e0       0x10 build/stm32f1xx_it.o
                0x00000000080009e0                TIM4_IRQHandler
 .text.USART2_IRQHandler
                0x00000000080009f0       0x10 build/stm32f1xx_it.o
                0x00000000080009f0                USART2_IRQHandler
 .text.HAL_MspInit
                0x0000000008000a00       0x40 build/stm32f1xx_hal_msp.o
                0x0000000008000a00                HAL_MspInit
 .text.HAL_InitTick
                0x0000000008000a40       0x94 build/stm32f1xx_hal_timebase_tim.o
                0x0000000008000a40                HAL_InitTick
 .text.HAL_Init
                0x0000000008000ad4       0x24 build/stm32f1xx_hal.o
                0x0000000008000ad4                HAL_Init
 .text.HAL_IncTick
                0x0000000008000af8       0x18 build/stm32f1xx_hal.o
                0x0000000008000af8                HAL_IncTick
 .text.HAL_GetTick
                0x0000000008000b10        0xc build/stm32f1xx_hal.o
                0x0000000008000b10                HAL_GetTick
 .text.RCC_Delay
                0x0000000008000b1c       0x2c build/stm32f1xx_hal_rcc.o
 .text.HAL_RCC_OscConfig
                0x0000000008000b48      0x410 build/stm32f1xx_hal_rcc.o
                0x0000000008000b48                HAL_RCC_OscConfig
 .text.HAL_RCC_GetSysClockFreq
                0x0000000008000f58       0x70 build/stm32f1xx_hal_rcc.o
                0x0000000008000f58                HAL_RCC_GetSysClockFreq
 .text.HAL_RCC_ClockConfig
                0x0000000008000fc8      0x16c build/stm32f1xx_hal_rcc.o
                0x0000000008000fc8                HAL_RCC_ClockConfig
 .text.HAL_RCC_GetHCLKFreq
                0x0000000008001134        0xc build/stm32f1xx_hal_rcc.o
                0x0000000008001134                HAL_RCC_GetHCLKFreq
 .text.HAL_RCC_GetPCLK1Freq
                0x0000000008001140       0x20 build/stm32f1xx_hal_rcc.o
                0x0000000008001140                HAL_RCC_GetPCLK1Freq
 .text.HAL_RCC_GetPCLK2Freq
                0x0000000008001160       0x20 build/stm32f1xx_hal_rcc.o
                0x0000000008001160                HAL_RCC_GetPCLK2Freq
 .text.HAL_RCC_GetClockConfig
                0x0000000008001180       0x3c build/stm32f1xx_hal_rcc.o
                0x0000000008001180                HAL_RCC_GetClockConfig
 .text.HAL_GPIO_Init
                0x00000000080011bc      0x224 build/stm32f1xx_hal_gpio.o
                0x00000000080011bc                HAL_GPIO_Init
 .text.HAL_GPIO_WritePin
                0x00000000080013e0        0xc build/stm32f1xx_hal_gpio.o
                0x00000000080013e0                HAL_GPIO_WritePin
 .text.HAL_DMA_Init
                0x00000000080013ec       0x6c build/stm32f1xx_hal_dma.o
                0x00000000080013ec                HAL_DMA_Init
 .text.HAL_DMA_Abort
                0x0000000008001458       0x44 build/stm32f1xx_hal_dma.o
                0x0000000008001458                HAL_DMA_Abort
 .text.HAL_DMA_Abort_IT
                0x000000000800149c       0x98 build/stm32f1xx_hal_dma.o
                0x000000000800149c                HAL_DMA_Abort_IT
 .text.HAL_DMA_IRQHandler
                0x0000000008001534      0x144 build/stm32f1xx_hal_dma.o
                0x0000000008001534                HAL_DMA_IRQHandler
 .text.HAL_NVIC_SetPriorityGrouping
                0x0000000008001678       0x24 build/stm32f1xx_hal_cortex.o
                0x0000000008001678                HAL_NVIC_SetPriorityGrouping
 .text.HAL_NVIC_SetPriority
                0x000000000800169c       0x70 build/stm32f1xx_hal_cortex.o
                0x000000000800169c                HAL_NVIC_SetPriority
 .text.HAL_NVIC_EnableIRQ
                0x000000000800170c       0x1c build/stm32f1xx_hal_cortex.o
                0x000000000800170c                HAL_NVIC_EnableIRQ
 .text.TIM_TI2_SetConfig
                0x0000000008001728       0x36 build/stm32f1xx_hal_tim.o
 .text.TIM_TI3_SetConfig
                0x000000000800175e       0x36 build/stm32f1xx_hal_tim.o
 .text.TIM_TI4_SetConfig
                0x0000000008001794       0x36 build/stm32f1xx_hal_tim.o
 .text.HAL_TIM_Base_MspInit
                0x00000000080017ca        0x2 build/stm32f1xx_hal_tim.o
                0x00000000080017ca                HAL_TIM_Base_MspInit
 .text.HAL_TIM_Base_Start_IT
                0x00000000080017cc       0x68 build/stm32f1xx_hal_tim.o
                0x00000000080017cc                HAL_TIM_Base_Start_IT
 .text.HAL_TIM_OC_DelayElapsedCallback
                0x0000000008001834        0x2 build/stm32f1xx_hal_tim.o
                0x0000000008001834                HAL_TIM_OC_DelayElapsedCallback
 .text.HAL_TIM_IC_CaptureCallback
                0x0000000008001836        0x2 build/stm32f1xx_hal_tim.o
                0x0000000008001836                HAL_TIM_IC_CaptureCallback
 .text.HAL_TIM_PWM_PulseFinishedCallback
                0x0000000008001838        0x2 build/stm32f1xx_hal_tim.o
                0x0000000008001838                HAL_TIM_PWM_PulseFinishedCallback
 .text.HAL_TIM_TriggerCallback
                0x000000000800183a        0x2 build/stm32f1xx_hal_tim.o
                0x000000000800183a                HAL_TIM_TriggerCallback
 .text.HAL_TIM_IRQHandler
                0x000000000800183c      0x17a build/stm32f1xx_hal_tim.o
                0x000000000800183c                HAL_TIM_IRQHandler
 *fill*         0x00000000080019b6        0x2 
 .text.TIM_Base_SetConfig
                0x00000000080019b8       0x74 build/stm32f1xx_hal_tim.o
                0x00000000080019b8                TIM_Base_SetConfig
 .text.HAL_TIM_Base_Init
                0x0000000008001a2c       0x58 build/stm32f1xx_hal_tim.o
                0x0000000008001a2c                HAL_TIM_Base_Init
 .text.HAL_TIM_IC_Init
                0x0000000008001a84       0x58 build/stm32f1xx_hal_tim.o
                0x0000000008001a84                HAL_TIM_IC_Init
 .text.TIM_TI1_SetConfig
                0x0000000008001adc       0x58 build/stm32f1xx_hal_tim.o
                0x0000000008001adc                TIM_TI1_SetConfig
 .text.HAL_TIM_IC_ConfigChannel
                0x0000000008001b34       0xb4 build/stm32f1xx_hal_tim.o
                0x0000000008001b34                HAL_TIM_IC_ConfigChannel
 .text.HAL_TIMEx_MasterConfigSynchronization
                0x0000000008001be8       0x6c build/stm32f1xx_hal_tim_ex.o
                0x0000000008001be8                HAL_TIMEx_MasterConfigSynchronization
 .text.HAL_TIMEx_CommutCallback
                0x0000000008001c54        0x2 build/stm32f1xx_hal_tim_ex.o
                0x0000000008001c54                HAL_TIMEx_CommutCallback
 .text.HAL_TIMEx_BreakCallback
                0x0000000008001c56        0x2 build/stm32f1xx_hal_tim_ex.o
                0x0000000008001c56                HAL_TIMEx_BreakCallback
 .text.UART_EndRxTransfer
                0x0000000008001c58       0x32 build/stm32f1xx_hal_uart.o
 .text.UART_Transmit_IT
                0x0000000008001c8a       0x60 build/stm32f1xx_hal_uart.o
 *fill*         0x0000000008001cea        0x2 
 .text.UART_SetConfig
                0x0000000008001cec       0x94 build/stm32f1xx_hal_uart.o
 .text.HAL_UART_Init
                0x0000000008001d80       0x5e build/stm32f1xx_hal_uart.o
                0x0000000008001d80                HAL_UART_Init
 .text.HAL_UART_TxCpltCallback
                0x0000000008001dde        0x2 build/stm32f1xx_hal_uart.o
                0x0000000008001dde                HAL_UART_TxCpltCallback
 .text.UART_EndTransmit_IT
                0x0000000008001de0       0x1a build/stm32f1xx_hal_uart.o
 .text.HAL_UART_RxCpltCallback
                0x0000000008001dfa        0x2 build/stm32f1xx_hal_uart.o
                0x0000000008001dfa                HAL_UART_RxCpltCallback
 .text.HAL_UART_ErrorCallback
                0x0000000008001dfc        0x2 build/stm32f1xx_hal_uart.o
                0x0000000008001dfc                HAL_UART_ErrorCallback
 .text.UART_DMAAbortOnError
                0x0000000008001dfe       0x10 build/stm32f1xx_hal_uart.o
 .text.HAL_UARTEx_RxEventCallback
                0x0000000008001e0e        0x2 build/stm32f1xx_hal_uart.o
                0x0000000008001e0e                HAL_UARTEx_RxEventCallback
 .text.UART_Receive_IT
                0x0000000008001e10       0xd4 build/stm32f1xx_hal_uart.o
 .text.HAL_UART_IRQHandler
                0x0000000008001ee4      0x204 build/stm32f1xx_hal_uart.o
                0x0000000008001ee4                HAL_UART_IRQHandler
 .text.SystemInit
                0x00000000080020e8        0x2 build/system_stm32f1xx.o
                0x00000000080020e8                SystemInit
 .text.vListInitialise
                0x00000000080020ea       0x16 build/list.o
                0x00000000080020ea                vListInitialise
 .text.vListInitialiseItem
                0x0000000008002100        0x6 build/list.o
                0x0000000008002100                vListInitialiseItem
 .text.vListInsertEnd
                0x0000000008002106       0x16 build/list.o
                0x0000000008002106                vListInsertEnd
 .text.vListInsert
                0x000000000800211c       0x32 build/list.o
                0x000000000800211c                vListInsert
 .text.uxListRemove
                0x000000000800214e       0x26 build/list.o
                0x000000000800214e                uxListRemove
 .text.prvIsQueueFull
                0x0000000008002174       0x1e build/queue.o
 .text.prvIsQueueEmpty
                0x0000000008002192       0x1a build/queue.o
 .text.prvCopyDataToQueue
                0x00000000080021ac       0x76 build/queue.o
 .text.prvCopyDataFromQueue
                0x0000000008002222       0x24 build/queue.o
 .text.prvUnlockQueue
                0x0000000008002246       0x6e build/queue.o
 .text.xQueueGenericReset
                0x00000000080022b4       0x84 build/queue.o
                0x00000000080022b4                xQueueGenericReset
 .text.prvInitialiseNewQueue
                0x0000000008002338       0x22 build/queue.o
 .text.xQueueGenericCreateStatic
                0x000000000800235a       0x92 build/queue.o
                0x000000000800235a                xQueueGenericCreateStatic
 .text.xQueueGenericSend
                0x00000000080023ec      0x188 build/queue.o
                0x00000000080023ec                xQueueGenericSend
 .text.xQueueGenericSendFromISR
                0x0000000008002574       0xcc build/queue.o
                0x0000000008002574                xQueueGenericSendFromISR
 .text.xQueueReceive
                0x0000000008002640      0x15e build/queue.o
                0x0000000008002640                xQueueReceive
 *fill*         0x000000000800279e        0x2 
 .text.vQueueAddToRegistry
                0x00000000080027a0       0x28 build/queue.o
                0x00000000080027a0                vQueueAddToRegistry
 .text.vQueueWaitForMessageRestricted
                0x00000000080027c8       0x52 build/queue.o
                0x00000000080027c8                vQueueWaitForMessageRestricted
 *fill*         0x000000000800281a        0x2 
 .text.prvResetNextTaskUnblockTime
                0x000000000800281c       0x2c build/tasks.o
 .text.prvInitialiseNewTask
                0x0000000008002848       0x9c build/tasks.o
 .text.prvInitialiseTaskLists
                0x00000000080028e4       0x68 build/tasks.o
 .text.prvAddNewTaskToReadyList
                0x000000000800294c       0xac build/tasks.o
 .text.prvDeleteTCB
                0x00000000080029f8       0x38 build/tasks.o
 .text.prvCheckTasksWaitingTermination
                0x0000000008002a30       0x4c build/tasks.o
 .text.prvIdleTask
                0x0000000008002a7c       0x28 build/tasks.o
 .text.prvAddCurrentTaskToDelayedList
                0x0000000008002aa4       0x7c build/tasks.o
 .text.xTaskCreateStatic
                0x0000000008002b20       0x74 build/tasks.o
                0x0000000008002b20                xTaskCreateStatic
 .text.xTaskCreate
                0x0000000008002b94       0x68 build/tasks.o
                0x0000000008002b94                xTaskCreate
 .text.vTaskStartScheduler
                0x0000000008002bfc       0x9c build/tasks.o
                0x0000000008002bfc                vTaskStartScheduler
 .text.vTaskSuspendAll
                0x0000000008002c98       0x10 build/tasks.o
                0x0000000008002c98                vTaskSuspendAll
 .text.xTaskGetTickCount
                0x0000000008002ca8        0xc build/tasks.o
                0x0000000008002ca8                xTaskGetTickCount
 .text.xTaskIncrementTick
                0x0000000008002cb4      0x118 build/tasks.o
                0x0000000008002cb4                xTaskIncrementTick
 .text.xTaskResumeAll
                0x0000000008002dcc       0xf8 build/tasks.o
                0x0000000008002dcc                xTaskResumeAll
 .text.vTaskDelay
                0x0000000008002ec4       0x4c build/tasks.o
                0x0000000008002ec4                vTaskDelay
 .text.vTaskSwitchContext
                0x0000000008002f10       0x94 build/tasks.o
                0x0000000008002f10                vTaskSwitchContext
 .text.vTaskPlaceOnEventList
                0x0000000008002fa4       0x30 build/tasks.o
                0x0000000008002fa4                vTaskPlaceOnEventList
 .text.vTaskPlaceOnEventListRestricted
                0x0000000008002fd4       0x38 build/tasks.o
                0x0000000008002fd4                vTaskPlaceOnEventListRestricted
 .text.xTaskRemoveFromEventList
                0x000000000800300c       0x8c build/tasks.o
                0x000000000800300c                xTaskRemoveFromEventList
 .text.vTaskInternalSetTimeOutState
                0x0000000008003098       0x18 build/tasks.o
                0x0000000008003098                vTaskInternalSetTimeOutState
 .text.xTaskCheckForTimeOut
                0x00000000080030b0       0x84 build/tasks.o
                0x00000000080030b0                xTaskCheckForTimeOut
 .text.vTaskMissedYield
                0x0000000008003134        0xc build/tasks.o
                0x0000000008003134                vTaskMissedYield
 .text.xTaskGetSchedulerState
                0x0000000008003140       0x20 build/tasks.o
                0x0000000008003140                xTaskGetSchedulerState
 .text.xTaskPriorityDisinherit
                0x0000000008003160       0x90 build/tasks.o
                0x0000000008003160                xTaskPriorityDisinherit
 .text.prvGetNextExpireTime
                0x00000000080031f0       0x20 build/timers.o
 .text.prvInsertTimerInActiveList
                0x0000000008003210       0x48 build/timers.o
 .text.prvCheckForValidListAndQueue
                0x0000000008003258       0x70 build/timers.o
 .text.xTimerCreateTimerTask
                0x00000000080032c8       0x64 build/timers.o
                0x00000000080032c8                xTimerCreateTimerTask
 .text.xTimerGenericCommand
                0x000000000800332c       0x6c build/timers.o
                0x000000000800332c                xTimerGenericCommand
 .text.prvSwitchTimerLists
                0x0000000008003398       0x78 build/timers.o
 .text.prvSampleTimeNow
                0x0000000008003410       0x2c build/timers.o
 .text.prvProcessExpiredTimer
                0x000000000800343c       0x60 build/timers.o
 .text.prvProcessTimerOrBlockTask
                0x000000000800349c       0x74 build/timers.o
 .text.prvProcessReceivedCommands
                0x0000000008003510       0xf8 build/timers.o
 .text.prvTimerTask
                0x0000000008003608       0x16 build/timers.o
 *fill*         0x000000000800361e        0x2 
 .text.osKernelInitialize
                0x0000000008003620       0x44 build/cmsis_os2.o
                0x0000000008003620                osKernelInitialize
 .text.osKernelStart
                0x0000000008003664       0x4c build/cmsis_os2.o
                0x0000000008003664                osKernelStart
 .text.osThreadNew
                0x00000000080036b0       0xec build/cmsis_os2.o
                0x00000000080036b0                osThreadNew
 .text.osDelay  0x000000000800379c       0x44 build/cmsis_os2.o
                0x000000000800379c                osDelay
 .text.vApplicationGetIdleTaskMemory
                0x00000000080037e0       0x18 build/cmsis_os2.o
                0x00000000080037e0                vApplicationGetIdleTaskMemory
 .text.vApplicationGetTimerTaskMemory
                0x00000000080037f8       0x18 build/cmsis_os2.o
                0x00000000080037f8                vApplicationGetTimerTaskMemory
 .text.prvHeapInit
                0x0000000008003810       0x64 build/heap_4.o
 .text.prvInsertBlockIntoFreeList
                0x0000000008003874       0x60 build/heap_4.o
 .text.pvPortMalloc
                0x00000000080038d4       0xf0 build/heap_4.o
                0x00000000080038d4                pvPortMalloc
 .text.vPortFree
                0x00000000080039c4       0x70 build/heap_4.o
                0x00000000080039c4                vPortFree
 .text.prvTaskExitError
                0x0000000008003a34       0x40 build/port.o
 .text.prvPortStartFirstTask
                0x0000000008003a74       0x20 build/port.o
 .text.pxPortInitialiseStack
                0x0000000008003a94       0x24 build/port.o
                0x0000000008003a94                pxPortInitialiseStack
 *fill*         0x0000000008003ab8        0x8 
 .text.SVC_Handler
                0x0000000008003ac0       0x24 build/port.o
                0x0000000008003ac0                SVC_Handler
 .text.vPortEnterCritical
                0x0000000008003ae4       0x44 build/port.o
                0x0000000008003ae4                vPortEnterCritical
 .text.vPortExitCritical
                0x0000000008003b28       0x2c build/port.o
                0x0000000008003b28                vPortExitCritical
 *fill*         0x0000000008003b54        0xc 
 .text.PendSV_Handler
                0x0000000008003b60       0x44 build/port.o
                0x0000000008003b60                PendSV_Handler
 .text.SysTick_Handler
                0x0000000008003ba4       0x2c build/port.o
                0x0000000008003ba4                SysTick_Handler
 .text.vPortSetupTimerInterrupt
                0x0000000008003bd0       0x28 build/port.o
                0x0000000008003bd0                vPortSetupTimerInterrupt
 .text.xPortStartScheduler
                0x0000000008003bf8       0xc0 build/port.o
                0x0000000008003bf8                xPortStartScheduler
 .text.vPortValidateInterruptPriority
                0x0000000008003cb8       0x5c build/port.o
                0x0000000008003cb8                vPortValidateInterruptPriority
 .text.Reset_Handler
                0x0000000008003d14       0x48 build/startup_stm32f103xb.o
                0x0000000008003d14                Reset_Handler
 .text.Default_Handler
                0x0000000008003d5c        0x2 build/startup_stm32f103xb.o
                0x0000000008003d5c                RTC_Alarm_IRQHandler
                0x0000000008003d5c                EXTI2_IRQHandler
                0x0000000008003d5c                TIM1_CC_IRQHandler
                0x0000000008003d5c                PVD_IRQHandler
                0x0000000008003d5c                EXTI3_IRQHandler
                0x0000000008003d5c                EXTI0_IRQHandler
                0x0000000008003d5c                I2C2_EV_IRQHandler
                0x0000000008003d5c                ADC1_2_IRQHandler
                0x0000000008003d5c                SPI1_IRQHandler
                0x0000000008003d5c                TAMPER_IRQHandler
                0x0000000008003d5c                DMA1_Channel4_IRQHandler
                0x0000000008003d5c                USART3_IRQHandler
                0x0000000008003d5c                RTC_IRQHandler
                0x0000000008003d5c                CAN1_RX1_IRQHandler
                0x0000000008003d5c                I2C1_EV_IRQHandler
                0x0000000008003d5c                RCC_IRQHandler
                0x0000000008003d5c                TIM1_TRG_COM_IRQHandler
                0x0000000008003d5c                DMA1_Channel1_IRQHandler
                0x0000000008003d5c                Default_Handler
                0x0000000008003d5c                EXTI15_10_IRQHandler
                0x0000000008003d5c                EXTI9_5_IRQHandler
                0x0000000008003d5c                SPI2_IRQHandler
                0x0000000008003d5c                DMA1_Channel5_IRQHandler
                0x0000000008003d5c                EXTI4_IRQHandler
                0x0000000008003d5c                USB_LP_CAN1_RX0_IRQHandler
                0x0000000008003d5c                USB_HP_CAN1_TX_IRQHandler
                0x0000000008003d5c                DMA1_Channel3_IRQHandler
                0x0000000008003d5c                WWDG_IRQHandler
                0x0000000008003d5c                TIM1_BRK_IRQHandler
                0x0000000008003d5c                EXTI1_IRQHandler
                0x0000000008003d5c                I2C2_ER_IRQHandler
                0x0000000008003d5c                DMA1_Channel2_IRQHandler
                0x0000000008003d5c                CAN1_SCE_IRQHandler
                0x0000000008003d5c                FLASH_IRQHandler
                0x0000000008003d5c                USART1_IRQHandler
                0x0000000008003d5c                I2C1_ER_IRQHandler
                0x0000000008003d5c                USBWakeUp_IRQHandler
 *(.glue_7)
 .glue_7        0x0000000008003d5e        0x0 linker stubs
 *(.glue_7t)
 .glue_7t       0x0000000008003d5e        0x0 linker stubs
 *(.eh_frame)
 *fill*         0x0000000008003d5e        0x2 
 .eh_frame      0x0000000008003d60        0x0 /usr/lib/gcc/arm-none-eabi/10.3.1/thumb/v7-m/nofp/crtbegin.o
 *(.init)
 .init          0x0000000008003d60        0x4 /usr/lib/gcc/arm-none-eabi/10.3.1/thumb/v7-m/nofp/crti.o
                0x0000000008003d60                _init
 .init          0x0000000008003d64        0x8 /usr/lib/gcc/arm-none-eabi/10.3.1/thumb/v7-m/nofp/crtn.o
 *(.fini)
 .fini          0x0000000008003d6c        0x4 /usr/lib/gcc/arm-none-eabi/10.3.1/thumb/v7-m/nofp/crti.o
                0x0000000008003d6c                _fini
 .fini          0x0000000008003d70        0x8 /usr/lib/gcc/arm-none-eabi/10.3.1/thumb/v7-m/nofp/crtn.o
                0x0000000008003d78                . = ALIGN (0x4)
                0x0000000008003d78                _etext = .

.vfp11_veneer   0x0000000008003d78        0x0
 .vfp11_veneer  0x0000000008003d78        0x0 linker stubs

.v4_bx          0x0000000008003d78        0x0
 .v4_bx         0x0000000008003d78        0x0 linker stubs

.iplt           0x0000000008003d78        0x0
 .iplt          0x0000000008003d78        0x0 /usr/lib/gcc/arm-none-eabi/10.3.1/thumb/v7-m/nofp/crtbegin.o

.rodata         0x0000000008003d78       0x74
                0x0000000008003d78                . = ALIGN (0x4)
 *(.rodata)
 *(.rodata*)
 .rodata.str1.4
                0x0000000008003d78        0xc build/freertos.o
 .rodata.defaultTask_attributes
                0x0000000008003d84       0x24 build/freertos.o
                0x0000000008003d84                defaultTask_attributes
 .rodata.HAL_RCC_GetSysClockFreq.str1.4
                0x0000000008003da8       0x11 build/stm32f1xx_hal_rcc.o
 *fill*         0x0000000008003db9        0x3 
 .rodata.AHBPrescTable
                0x0000000008003dbc       0x10 build/system_stm32f1xx.o
                0x0000000008003dbc                AHBPrescTable
 .rodata.APBPrescTable
                0x0000000008003dcc        0x8 build/system_stm32f1xx.o
                0x0000000008003dcc                APBPrescTable
 .rodata.vTaskStartScheduler.str1.4
                0x0000000008003dd4        0x5 build/tasks.o
 *fill*         0x0000000008003dd9        0x3 
 .rodata.prvCheckForValidListAndQueue.str1.4
                0x0000000008003ddc        0x5 build/timers.o
 *fill*         0x0000000008003de1        0x3 
 .rodata.xTimerCreateTimerTask.str1.4
                0x0000000008003de4        0x8 build/timers.o
                0x0000000008003dec                . = ALIGN (0x4)

.rel.dyn        0x0000000008003dec        0x0
 .rel.iplt      0x0000000008003dec        0x0 /usr/lib/gcc/arm-none-eabi/10.3.1/thumb/v7-m/nofp/crtbegin.o

.ARM.extab
 *(.ARM.extab* .gnu.linkonce.armextab.*)

.ARM            0x0000000008003dec        0x0
                0x0000000008003dec                __exidx_start = .
 *(.ARM.exidx*)
                0x0000000008003dec                __exidx_end = .

.preinit_array  0x0000000008003dec        0x0
                0x0000000008003dec                PROVIDE (__preinit_array_start = .)
 *(.preinit_array*)
                0x0000000008003dec                PROVIDE (__preinit_array_end = .)

.init_array     0x0000000008003dec        0x4
                0x0000000008003dec                PROVIDE (__init_array_start = .)
 *(SORT_BY_NAME(.init_array.*))
 *(.init_array*)
 .init_array    0x0000000008003dec        0x4 /usr/lib/gcc/arm-none-eabi/10.3.1/thumb/v7-m/nofp/crtbegin.o
                0x0000000008003df0                PROVIDE (__init_array_end = .)

.fini_array     0x0000000008003df0        0x4
                0x0000000008003df0                PROVIDE (__fini_array_start = .)
 *(SORT_BY_NAME(.fini_array.*))
 *(.fini_array*)
 .fini_array    0x0000000008003df0        0x4 /usr/lib/gcc/arm-none-eabi/10.3.1/thumb/v7-m/nofp/crtbegin.o
                0x0000000008003df4                PROVIDE (__fini_array_end = .)
                0x0000000008003df4                _sidata = LOADADDR (.data)

.data           0x0000000020000000       0x10 load address 0x0000000008003df4
                0x0000000020000000                . = ALIGN (0x4)
                0x0000000020000000                _sdata = .
 *(.data)
 *(.data*)
 .data.uwTickFreq
                0x0000000020000000        0x1 build/stm32f1xx_hal.o
                0x0000000020000000                uwTickFreq
 *fill*         0x0000000020000001        0x3 
 .data.uwTickPrio
                0x0000000020000004        0x4 build/stm32f1xx_hal.o
                0x0000000020000004                uwTickPrio
 .data.SystemCoreClock
                0x0000000020000008        0x4 build/system_stm32f1xx.o
                0x0000000020000008                SystemCoreClock
 .data.uxCriticalNesting
                0x000000002000000c        0x4 build/port.o
                0x0000000020000010                . = ALIGN (0x4)
                0x0000000020000010                _edata = .

.tm_clone_table
                0x0000000020000010        0x0 load address 0x0000000008003e04
 .tm_clone_table
                0x0000000020000010        0x0 /usr/lib/gcc/arm-none-eabi/10.3.1/thumb/v7-m/nofp/crtbegin.o
 .tm_clone_table
                0x0000000020000010        0x0 /usr/lib/gcc/arm-none-eabi/10.3.1/thumb/v7-m/nofp/crtend.o

.igot.plt       0x0000000020000010        0x0 load address 0x0000000008003e04
 .igot.plt      0x0000000020000010        0x0 /usr/lib/gcc/arm-none-eabi/10.3.1/thumb/v7-m/nofp/crtbegin.o
                0x0000000020000010                . = ALIGN (0x4)

.bss            0x0000000020000010     0x2514 load address 0x0000000008003e04
                0x0000000020000010                _sbss = .
                0x0000000020000010                __bss_start__ = _sbss
 *(.bss)
 .bss           0x0000000020000010       0x1c /usr/lib/gcc/arm-none-eabi/10.3.1/thumb/v7-m/nofp/crtbegin.o
 *(.bss*)
 .bss.defaultTaskBuffer
                0x000000002000002c      0x960 build/freertos.o
                0x000000002000002c                defaultTaskBuffer
 .bss.defaultTaskControlBlock
                0x000000002000098c       0x5c build/freertos.o
                0x000000002000098c                defaultTaskControlBlock
 .bss.defaultTaskHandle
                0x00000000200009e8        0x4 build/freertos.o
                0x00000000200009e8                defaultTaskHandle
 .bss.htim2     0x00000000200009ec       0x48 build/tim.o
                0x00000000200009ec                htim2
 .bss.htim3     0x0000000020000a34       0x48 build/tim.o
                0x0000000020000a34                htim3
 .bss.htim4     0x0000000020000a7c       0x48 build/tim.o
                0x0000000020000a7c                htim4
 .bss.hdma_usart2_rx
                0x0000000020000ac4       0x44 build/usart.o
                0x0000000020000ac4                hdma_usart2_rx
 .bss.hdma_usart2_tx
                0x0000000020000b08       0x44 build/usart.o
                0x0000000020000b08                hdma_usart2_tx
 .bss.huart2    0x0000000020000b4c       0x44 build/usart.o
                0x0000000020000b4c                huart2
 .bss.htim1     0x0000000020000b90       0x48 build/stm32f1xx_hal_timebase_tim.o
                0x0000000020000b90                htim1
 .bss.uwTick    0x0000000020000bd8        0x4 build/stm32f1xx_hal.o
                0x0000000020000bd8                uwTick
 .bss.xQueueRegistry
                0x0000000020000bdc       0x40 build/queue.o
                0x0000000020000bdc                xQueueRegistry
 .bss.pxCurrentTCB
                0x0000000020000c1c        0x4 build/tasks.o
                0x0000000020000c1c                pxCurrentTCB
 .bss.pxDelayedTaskList
                0x0000000020000c20        0x4 build/tasks.o
 .bss.pxOverflowDelayedTaskList
                0x0000000020000c24        0x4 build/tasks.o
 .bss.pxReadyTasksLists
                0x0000000020000c28      0x460 build/tasks.o
 .bss.uxCurrentNumberOfTasks
                0x0000000020001088        0x4 build/tasks.o
 .bss.uxDeletedTasksWaitingCleanUp
                0x000000002000108c        0x4 build/tasks.o
 .bss.uxPendedTicks
                0x0000000020001090        0x4 build/tasks.o
 .bss.uxSchedulerSuspended
                0x0000000020001094        0x4 build/tasks.o
 .bss.uxTaskNumber
                0x0000000020001098        0x4 build/tasks.o
 .bss.uxTopReadyPriority
                0x000000002000109c        0x4 build/tasks.o
 .bss.xDelayedTaskList1
                0x00000000200010a0       0x14 build/tasks.o
 .bss.xDelayedTaskList2
                0x00000000200010b4       0x14 build/tasks.o
 .bss.xIdleTaskHandle
                0x00000000200010c8        0x4 build/tasks.o
 .bss.xNextTaskUnblockTime
                0x00000000200010cc        0x4 build/tasks.o
 .bss.xNumOfOverflows
                0x00000000200010d0        0x4 build/tasks.o
 .bss.xPendingReadyList
                0x00000000200010d4       0x14 build/tasks.o
 .bss.xSchedulerRunning
                0x00000000200010e8        0x4 build/tasks.o
 .bss.xSuspendedTaskList
                0x00000000200010ec       0x14 build/tasks.o
 .bss.xTasksWaitingTermination
                0x0000000020001100       0x14 build/tasks.o
 .bss.xTickCount
                0x0000000020001114        0x4 build/tasks.o
 .bss.xYieldPending
                0x0000000020001118        0x4 build/tasks.o
 .bss.pxCurrentTimerList
                0x000000002000111c        0x4 build/timers.o
 .bss.pxOverflowTimerList
                0x0000000020001120        0x4 build/timers.o
 .bss.ucStaticTimerQueueStorage.1
                0x0000000020001124       0xa0 build/timers.o
 .bss.xActiveTimerList1
                0x00000000200011c4       0x14 build/timers.o
 .bss.xActiveTimerList2
                0x00000000200011d8       0x14 build/timers.o
 .bss.xLastTime.2
                0x00000000200011ec        0x4 build/timers.o
 .bss.xStaticTimerQueue.0
                0x00000000200011f0       0x50 build/timers.o
 .bss.xTimerQueue
                0x0000000020001240        0x4 build/timers.o
 .bss.xTimerTaskHandle
                0x0000000020001244        0x4 build/timers.o
 .bss.Idle_Stack
                0x0000000020001248      0x200 build/cmsis_os2.o
 .bss.Idle_TCB  0x0000000020001448       0x5c build/cmsis_os2.o
 .bss.KernelState
                0x00000000200014a4        0x4 build/cmsis_os2.o
 .bss.Timer_Stack
                0x00000000200014a8      0x400 build/cmsis_os2.o
 .bss.Timer_TCB
                0x00000000200018a8       0x5c build/cmsis_os2.o
 .bss.pxEnd     0x0000000020001904        0x4 build/heap_4.o
 .bss.ucHeap    0x0000000020001908      0xc00 build/heap_4.o
 .bss.xBlockAllocatedBit
                0x0000000020002508        0x4 build/heap_4.o
 .bss.xFreeBytesRemaining
                0x000000002000250c        0x4 build/heap_4.o
 .bss.xMinimumEverFreeBytesRemaining
                0x0000000020002510        0x4 build/heap_4.o
 .bss.xStart    0x0000000020002514        0x8 build/heap_4.o
 .bss.ucMaxSysCallPriority
                0x000000002000251c        0x1 build/port.o
 *fill*         0x000000002000251d        0x3 
 .bss.ulMaxPRIGROUPValue
                0x0000000020002520        0x4 build/port.o
 *(COMMON)
                0x0000000020002524                . = ALIGN (0x4)
                0x0000000020002524                _ebss = .
                0x0000000020002524                __bss_end__ = _ebss

._user_heap_stack
                0x0000000020002524      0x604 load address 0x0000000008003e04
                0x0000000020002528                . = ALIGN (0x8)
 *fill*         0x0000000020002524        0x4 
                0x0000000020002528                PROVIDE (end = .)
                [!provide]                        PROVIDE (_end = .)
                0x0000000020002728                . = (. + _Min_Heap_Size)
 *fill*         0x0000000020002528      0x200 
                0x0000000020002b28                . = (. + _Min_Stack_Size)
 *fill*         0x0000000020002728      0x400 
                0x0000000020002b28                . = ALIGN (0x8)

/DISCARD/
 libc.a(*)
 libm.a(*)
 libgcc.a(*)

.ARM.attributes
                0x0000000000000000       0x29
 *(.ARM.attributes)
 .ARM.attributes
                0x0000000000000000       0x1d /usr/lib/gcc/arm-none-eabi/10.3.1/thumb/v7-m/nofp/crti.o
 .ARM.attributes
                0x000000000000001d       0x2d /usr/lib/gcc/arm-none-eabi/10.3.1/thumb/v7-m/nofp/crtbegin.o
 .ARM.attributes
                0x000000000000004a       0x2d build/main.o
 .ARM.attributes
                0x0000000000000077       0x2d build/gpio.o
 .ARM.attributes
                0x00000000000000a4       0x2d build/freertos.o
 .ARM.attributes
                0x00000000000000d1       0x2d build/dma.o
 .ARM.attributes
                0x00000000000000fe       0x2d build/tim.o
 .ARM.attributes
                0x000000000000012b       0x2d build/usart.o
 .ARM.attributes
                0x0000000000000158       0x2d build/stm32f1xx_it.o
 .ARM.attributes
                0x0000000000000185       0x2d build/stm32f1xx_hal_msp.o
 .ARM.attributes
                0x00000000000001b2       0x2d build/stm32f1xx_hal_timebase_tim.o
 .ARM.attributes
                0x00000000000001df       0x2d build/stm32f1xx_hal.o
 .ARM.attributes
                0x000000000000020c       0x2d build/stm32f1xx_hal_rcc.o
 .ARM.attributes
                0x0000000000000239       0x2d build/stm32f1xx_hal_gpio.o
 .ARM.attributes
                0x0000000000000266       0x2d build/stm32f1xx_hal_dma.o
 .ARM.attributes
                0x0000000000000293       0x2d build/stm32f1xx_hal_cortex.o
 .ARM.attributes
                0x00000000000002c0       0x2d build/stm32f1xx_hal_tim.o
 .ARM.attributes
                0x00000000000002ed       0x2d build/stm32f1xx_hal_tim_ex.o
 .ARM.attributes
                0x000000000000031a       0x2d build/stm32f1xx_hal_uart.o
 .ARM.attributes
                0x0000000000000347       0x2d build/system_stm32f1xx.o
 .ARM.attributes
                0x0000000000000374       0x2d build/list.o
 .ARM.attributes
                0x00000000000003a1       0x2d build/queue.o
 .ARM.attributes
                0x00000000000003ce       0x2d build/tasks.o
 .ARM.attributes
                0x00000000000003fb       0x2d build/timers.o
 .ARM.attributes
                0x0000000000000428       0x2d build/cmsis_os2.o
 .ARM.attributes
                0x0000000000000455       0x2d build/heap_4.o
 .ARM.attributes
                0x0000000000000482       0x2d build/port.o
 .ARM.attributes
                0x00000000000004af       0x21 build/startup_stm32f103xb.o
 .ARM.attributes
                0x00000000000004d0       0x2d /usr/lib/gcc/arm-none-eabi/10.3.1/../../../arm-none-eabi/lib/thumb/v7-m/nofp/libc_nano.a(lib_a-init.o)
 .ARM.attributes
                0x00000000000004fd       0x1b /usr/lib/gcc/arm-none-eabi/10.3.1/../../../arm-none-eabi/lib/thumb/v7-m/nofp/libc_nano.a(lib_a-memcpy.o)
 .ARM.attributes
                0x0000000000000518       0x2d /usr/lib/gcc/arm-none-eabi/10.3.1/../../../arm-none-eabi/lib/thumb/v7-m/nofp/libc_nano.a(lib_a-memset.o)
 .ARM.attributes
                0x0000000000000545       0x2d /usr/lib/gcc/arm-none-eabi/10.3.1/thumb/v7-m/nofp/crtend.o
 .ARM.attributes
                0x0000000000000572       0x1d /usr/lib/gcc/arm-none-eabi/10.3.1/thumb/v7-m/nofp/crtn.o
OUTPUT(build/ultrasonic_microros.elf elf32-littlearm)
LOAD linker stubs
LOAD /usr/lib/gcc/arm-none-eabi/10.3.1/../../../arm-none-eabi/lib/thumb/v7-m/nofp/libc.a
LOAD /usr/lib/gcc/arm-none-eabi/10.3.1/../../../arm-none-eabi/lib/thumb/v7-m/nofp/libm.a
LOAD /usr/lib/gcc/arm-none-eabi/10.3.1/thumb/v7-m/nofp/libgcc.a

.comment        0x0000000000000000       0x33
 .comment       0x0000000000000000       0x33 /usr/lib/gcc/arm-none-eabi/10.3.1/thumb/v7-m/nofp/crtbegin.o
                                         0x34 (size before relaxing)
 .comment       0x0000000000000033       0x34 build/main.o
 .comment       0x0000000000000033       0x34 build/gpio.o
 .comment       0x0000000000000033       0x34 build/freertos.o
 .comment       0x0000000000000033       0x34 build/dma.o
 .comment       0x0000000000000033       0x34 build/tim.o
 .comment       0x0000000000000033       0x34 build/usart.o
 .comment       0x0000000000000033       0x34 build/stm32f1xx_it.o
 .comment       0x0000000000000033       0x34 build/stm32f1xx_hal_msp.o
 .comment       0x0000000000000033       0x34 build/stm32f1xx_hal_timebase_tim.o
 .comment       0x0000000000000033       0x34 build/stm32f1xx_hal.o
 .comment       0x0000000000000033       0x34 build/stm32f1xx_hal_rcc.o
 .comment       0x0000000000000033       0x34 build/stm32f1xx_hal_gpio.o
 .comment       0x0000000000000033       0x34 build/stm32f1xx_hal_dma.o
 .comment       0x0000000000000033       0x34 build/stm32f1xx_hal_cortex.o
 .comment       0x0000000000000033       0x34 build/stm32f1xx_hal_tim.o
 .comment       0x0000000000000033       0x34 build/stm32f1xx_hal_tim_ex.o
 .comment       0x0000000000000033       0x34 build/stm32f1xx_hal_uart.o
 .comment       0x0000000000000033       0x34 build/system_stm32f1xx.o
 .comment       0x0000000000000033       0x34 build/list.o
 .comment       0x0000000000000033       0x34 build/queue.o
 .comment       0x0000000000000033       0x34 build/tasks.o
 .comment       0x0000000000000033       0x34 build/timers.o
 .comment       0x0000000000000033       0x34 build/cmsis_os2.o
 .comment       0x0000000000000033       0x34 build/heap_4.o
 .comment       0x0000000000000033       0x34 build/port.o
 .comment       0x0000000000000033       0x34 /usr/lib/gcc/arm-none-eabi/10.3.1/../../../arm-none-eabi/lib/thumb/v7-m/nofp/libc_nano.a(lib_a-init.o)
 .comment       0x0000000000000033       0x34 /usr/lib/gcc/arm-none-eabi/10.3.1/../../../arm-none-eabi/lib/thumb/v7-m/nofp/libc_nano.a(lib_a-memset.o)
 .comment       0x0000000000000033       0x34 /usr/lib/gcc/arm-none-eabi/10.3.1/thumb/v7-m/nofp/crtend.o

.debug_info     0x0000000000000000    0x1c69f
 .debug_info    0x0000000000000000      0xa38 build/main.o
 .debug_info    0x0000000000000a38      0x315 build/gpio.o
 .debug_info    0x0000000000000d4d      0x50c build/freertos.o
 .debug_info    0x0000000000001259      0x339 build/dma.o
 .debug_info    0x0000000000001592     0x1216 build/tim.o
 .debug_info    0x00000000000027a8      0xb0a build/usart.o
 .debug_info    0x00000000000032b2      0xb17 build/stm32f1xx_it.o
 .debug_info    0x0000000000003dc9      0x305 build/stm32f1xx_hal_msp.o
 .debug_info    0x00000000000040ce      0xad9 build/stm32f1xx_hal_timebase_tim.o
 .debug_info    0x0000000000004ba7      0x849 build/stm32f1xx_hal.o
 .debug_info    0x00000000000053f0      0xac8 build/stm32f1xx_hal_rcc.o
 .debug_info    0x0000000000005eb8      0x6bf build/stm32f1xx_hal_gpio.o
 .debug_info    0x0000000000006577      0x8af build/stm32f1xx_hal_dma.o
 .debug_info    0x0000000000006e26      0xe09 build/stm32f1xx_hal_cortex.o
 .debug_info    0x0000000000007c2f     0x3de0 build/stm32f1xx_hal_tim.o
 .debug_info    0x000000000000ba0f     0x1b4f build/stm32f1xx_hal_tim_ex.o
 .debug_info    0x000000000000d55e     0x1dee build/stm32f1xx_hal_uart.o
 .debug_info    0x000000000000f34c      0x256 build/system_stm32f1xx.o
 .debug_info    0x000000000000f5a2      0x2fd build/list.o
 .debug_info    0x000000000000f89f     0x284a build/queue.o
 .debug_info    0x00000000000120e9     0x3194 build/tasks.o
 .debug_info    0x000000000001527d     0x1a60 build/timers.o
 .debug_info    0x0000000000016cdd     0x4d55 build/cmsis_os2.o
 .debug_info    0x000000000001ba32      0x483 build/heap_4.o
 .debug_info    0x000000000001beb5      0x551 build/port.o
 .debug_info    0x000000000001c406       0x22 build/startup_stm32f103xb.o
 .debug_info    0x000000000001c428      0x11a /usr/lib/gcc/arm-none-eabi/10.3.1/../../../arm-none-eabi/lib/thumb/v7-m/nofp/libc_nano.a(lib_a-init.o)
 .debug_info    0x000000000001c542       0x26 /usr/lib/gcc/arm-none-eabi/10.3.1/../../../arm-none-eabi/lib/thumb/v7-m/nofp/libc_nano.a(lib_a-memcpy.o)
 .debug_info    0x000000000001c568      0x137 /usr/lib/gcc/arm-none-eabi/10.3.1/../../../arm-none-eabi/lib/thumb/v7-m/nofp/libc_nano.a(lib_a-memset.o)

.debug_abbrev   0x0000000000000000     0x3ad2
 .debug_abbrev  0x0000000000000000      0x214 build/main.o
 .debug_abbrev  0x0000000000000214      0x13f build/gpio.o
 .debug_abbrev  0x0000000000000353      0x15a build/freertos.o
 .debug_abbrev  0x00000000000004ad      0x117 build/dma.o
 .debug_abbrev  0x00000000000005c4      0x25c build/tim.o
 .debug_abbrev  0x0000000000000820      0x1e1 build/usart.o
 .debug_abbrev  0x0000000000000a01      0x17c build/stm32f1xx_it.o
 .debug_abbrev  0x0000000000000b7d      0x10a build/stm32f1xx_hal_msp.o
 .debug_abbrev  0x0000000000000c87      0x202 build/stm32f1xx_hal_timebase_tim.o
 .debug_abbrev  0x0000000000000e89      0x1f7 build/stm32f1xx_hal.o
 .debug_abbrev  0x0000000000001080      0x29a build/stm32f1xx_hal_rcc.o
 .debug_abbrev  0x000000000000131a      0x222 build/stm32f1xx_hal_gpio.o
 .debug_abbrev  0x000000000000153c      0x244 build/stm32f1xx_hal_dma.o
 .debug_abbrev  0x0000000000001780      0x359 build/stm32f1xx_hal_cortex.o
 .debug_abbrev  0x0000000000001ad9      0x296 build/stm32f1xx_hal_tim.o
 .debug_abbrev  0x0000000000001d6f      0x298 build/stm32f1xx_hal_tim_ex.o
 .debug_abbrev  0x0000000000002007      0x2ab build/stm32f1xx_hal_uart.o
 .debug_abbrev  0x00000000000022b2      0x140 build/system_stm32f1xx.o
 .debug_abbrev  0x00000000000023f2      0x124 build/list.o
 .debug_abbrev  0x0000000000002516      0x3e7 build/queue.o
 .debug_abbrev  0x00000000000028fd      0x387 build/tasks.o
 .debug_abbrev  0x0000000000002c84      0x35d build/timers.o
 .debug_abbrev  0x0000000000002fe1      0x459 build/cmsis_os2.o
 .debug_abbrev  0x000000000000343a      0x255 build/heap_4.o
 .debug_abbrev  0x000000000000368f      0x29d build/port.o
 .debug_abbrev  0x000000000000392c       0x12 build/startup_stm32f103xb.o
 .debug_abbrev  0x000000000000393e       0xcc /usr/lib/gcc/arm-none-eabi/10.3.1/../../../arm-none-eabi/lib/thumb/v7-m/nofp/libc_nano.a(lib_a-init.o)
 .debug_abbrev  0x0000000000003a0a       0x14 /usr/lib/gcc/arm-none-eabi/10.3.1/../../../arm-none-eabi/lib/thumb/v7-m/nofp/libc_nano.a(lib_a-memcpy.o)
 .debug_abbrev  0x0000000000003a1e       0xb4 /usr/lib/gcc/arm-none-eabi/10.3.1/../../../arm-none-eabi/lib/thumb/v7-m/nofp/libc_nano.a(lib_a-memset.o)

.debug_loc      0x0000000000000000    0x18a00
 .debug_loc     0x0000000000000000       0xc8 build/main.o
 .debug_loc     0x00000000000000c8       0x38 build/gpio.o
 .debug_loc     0x0000000000000100       0x65 build/freertos.o
 .debug_loc     0x0000000000000165       0x38 build/dma.o
 .debug_loc     0x000000000000019d      0x2a9 build/tim.o
 .debug_loc     0x0000000000000446       0xf5 build/usart.o
 .debug_loc     0x000000000000053b       0xe0 build/stm32f1xx_it.o
 .debug_loc     0x000000000000061b       0x38 build/stm32f1xx_hal_msp.o
 .debug_loc     0x0000000000000653      0x114 build/stm32f1xx_hal_timebase_tim.o
 .debug_loc     0x0000000000000767      0x1e1 build/stm32f1xx_hal.o
 .debug_loc     0x0000000000000948      0x7ee build/stm32f1xx_hal_rcc.o
 .debug_loc     0x0000000000001136      0x551 build/stm32f1xx_hal_gpio.o
 .debug_loc     0x0000000000001687      0x901 build/stm32f1xx_hal_dma.o
 .debug_loc     0x0000000000001f88      0x77f build/stm32f1xx_hal_cortex.o
 .debug_loc     0x0000000000002707     0x530c build/stm32f1xx_hal_tim.o
 .debug_loc     0x0000000000007a13     0x1f3e build/stm32f1xx_hal_tim_ex.o
 .debug_loc     0x0000000000009951     0x267b build/stm32f1xx_hal_uart.o
 .debug_loc     0x000000000000bfcc       0xff build/system_stm32f1xx.o
 .debug_loc     0x000000000000c0cb       0xe5 build/list.o
 .debug_loc     0x000000000000c1b0     0x1eda build/queue.o
 .debug_loc     0x000000000000e08a     0x2b44 build/tasks.o
 .debug_loc     0x0000000000010bce     0x135a build/timers.o
 .debug_loc     0x0000000000011f28     0x62c5 build/cmsis_os2.o
 .debug_loc     0x00000000000181ed      0x3c1 build/heap_4.o
 .debug_loc     0x00000000000185ae      0x16c build/port.o
 .debug_loc     0x000000000001871a       0xba /usr/lib/gcc/arm-none-eabi/10.3.1/../../../arm-none-eabi/lib/thumb/v7-m/nofp/libc_nano.a(lib_a-init.o)
 .debug_loc     0x00000000000187d4      0x22c /usr/lib/gcc/arm-none-eabi/10.3.1/../../../arm-none-eabi/lib/thumb/v7-m/nofp/libc_nano.a(lib_a-memset.o)

.debug_aranges  0x0000000000000000     0x1400
 .debug_aranges
                0x0000000000000000       0x38 build/main.o
 .debug_aranges
                0x0000000000000038       0x20 build/gpio.o
 .debug_aranges
                0x0000000000000058       0x28 build/freertos.o
 .debug_aranges
                0x0000000000000080       0x20 build/dma.o
 .debug_aranges
                0x00000000000000a0       0x40 build/tim.o
 .debug_aranges
                0x00000000000000e0       0x30 build/usart.o
 .debug_aranges
                0x0000000000000110       0x80 build/stm32f1xx_it.o
 .debug_aranges
                0x0000000000000190       0x20 build/stm32f1xx_hal_msp.o
 .debug_aranges
                0x00000000000001b0       0x30 build/stm32f1xx_hal_timebase_tim.o
 .debug_aranges
                0x00000000000001e0       0xe0 build/stm32f1xx_hal.o
 .debug_aranges
                0x00000000000002c0       0x90 build/stm32f1xx_hal_rcc.o
 .debug_aranges
                0x0000000000000350       0x58 build/stm32f1xx_hal_gpio.o
 .debug_aranges
                0x00000000000003a8       0x80 build/stm32f1xx_hal_dma.o
 .debug_aranges
                0x0000000000000428       0x90 build/stm32f1xx_hal_cortex.o
 .debug_aranges
                0x00000000000004b8      0x3d0 build/stm32f1xx_hal_tim.o
 .debug_aranges
                0x0000000000000888      0x168 build/stm32f1xx_hal_tim_ex.o
 .debug_aranges
                0x00000000000009f0      0x200 build/stm32f1xx_hal_uart.o
 .debug_aranges
                0x0000000000000bf0       0x28 build/system_stm32f1xx.o
 .debug_aranges
                0x0000000000000c18       0x40 build/list.o
 .debug_aranges
                0x0000000000000c58      0x158 build/queue.o
 .debug_aranges
                0x0000000000000db0      0x1f8 build/tasks.o
 .debug_aranges
                0x0000000000000fa8       0xe0 build/timers.o
 .debug_aranges
                0x0000000000001088      0x228 build/cmsis_os2.o
 .debug_aranges
                0x00000000000012b0       0x50 build/heap_4.o
 .debug_aranges
                0x0000000000001300       0x78 build/port.o
 .debug_aranges
                0x0000000000001378       0x28 build/startup_stm32f103xb.o
 .debug_aranges
                0x00000000000013a0       0x20 /usr/lib/gcc/arm-none-eabi/10.3.1/../../../arm-none-eabi/lib/thumb/v7-m/nofp/libc_nano.a(lib_a-init.o)
 .debug_aranges
                0x00000000000013c0       0x20 /usr/lib/gcc/arm-none-eabi/10.3.1/../../../arm-none-eabi/lib/thumb/v7-m/nofp/libc_nano.a(lib_a-memcpy.o)
 .debug_aranges
                0x00000000000013e0       0x20 /usr/lib/gcc/arm-none-eabi/10.3.1/../../../arm-none-eabi/lib/thumb/v7-m/nofp/libc_nano.a(lib_a-memset.o)

.debug_ranges   0x0000000000000000     0x1490
 .debug_ranges  0x0000000000000000       0x28 build/main.o
 .debug_ranges  0x0000000000000028       0x10 build/gpio.o
 .debug_ranges  0x0000000000000038       0x18 build/freertos.o
 .debug_ranges  0x0000000000000050       0x10 build/dma.o
 .debug_ranges  0x0000000000000060       0x30 build/tim.o
 .debug_ranges  0x0000000000000090       0x20 build/usart.o
 .debug_ranges  0x00000000000000b0       0x70 build/stm32f1xx_it.o
 .debug_ranges  0x0000000000000120       0x10 build/stm32f1xx_hal_msp.o
 .debug_ranges  0x0000000000000130       0x20 build/stm32f1xx_hal_timebase_tim.o
 .debug_ranges  0x0000000000000150       0xd0 build/stm32f1xx_hal.o
 .debug_ranges  0x0000000000000220       0xa0 build/stm32f1xx_hal_rcc.o
 .debug_ranges  0x00000000000002c0       0x48 build/stm32f1xx_hal_gpio.o
 .debug_ranges  0x0000000000000308       0x70 build/stm32f1xx_hal_dma.o
 .debug_ranges  0x0000000000000378       0xe0 build/stm32f1xx_hal_cortex.o
 .debug_ranges  0x0000000000000458      0x3c0 build/stm32f1xx_hal_tim.o
 .debug_ranges  0x0000000000000818      0x158 build/stm32f1xx_hal_tim_ex.o
 .debug_ranges  0x0000000000000970      0x1f0 build/stm32f1xx_hal_uart.o
 .debug_ranges  0x0000000000000b60       0x18 build/system_stm32f1xx.o
 .debug_ranges  0x0000000000000b78       0x30 build/list.o
 .debug_ranges  0x0000000000000ba8      0x218 build/queue.o
 .debug_ranges  0x0000000000000dc0      0x320 build/tasks.o
 .debug_ranges  0x00000000000010e0       0xd0 build/timers.o
 .debug_ranges  0x00000000000011b0      0x218 build/cmsis_os2.o
 .debug_ranges  0x00000000000013c8       0x40 build/heap_4.o
 .debug_ranges  0x0000000000001408       0x68 build/port.o
 .debug_ranges  0x0000000000001470       0x20 build/startup_stm32f103xb.o

.debug_line     0x0000000000000000    0x1509f
 .debug_line    0x0000000000000000      0x31d build/main.o
 .debug_line    0x000000000000031d      0x12d build/gpio.o
 .debug_line    0x000000000000044a      0x186 build/freertos.o
 .debug_line    0x00000000000005d0       0xfc build/dma.o
 .debug_line    0x00000000000006cc      0x519 build/tim.o
 .debug_line    0x0000000000000be5      0x311 build/usart.o
 .debug_line    0x0000000000000ef6      0x2a2 build/stm32f1xx_it.o
 .debug_line    0x0000000000001198      0x10d build/stm32f1xx_hal_msp.o
 .debug_line    0x00000000000012a5      0x242 build/stm32f1xx_hal_timebase_tim.o
 .debug_line    0x00000000000014e7      0x489 build/stm32f1xx_hal.o
 .debug_line    0x0000000000001970      0xb87 build/stm32f1xx_hal_rcc.o
 .debug_line    0x00000000000024f7      0x53e build/stm32f1xx_hal_gpio.o
 .debug_line    0x0000000000002a35      0x9ae build/stm32f1xx_hal_dma.o
 .debug_line    0x00000000000033e3      0x594 build/stm32f1xx_hal_cortex.o
 .debug_line    0x0000000000003977     0x45b9 build/stm32f1xx_hal_tim.o
 .debug_line    0x0000000000007f30     0x1ab9 build/stm32f1xx_hal_tim_ex.o
 .debug_line    0x00000000000099e9     0x2016 build/stm32f1xx_hal_uart.o
 .debug_line    0x000000000000b9ff      0x1a1 build/system_stm32f1xx.o
 .debug_line    0x000000000000bba0      0x2cf build/list.o
 .debug_line    0x000000000000be6f     0x1f17 build/queue.o
 .debug_line    0x000000000000dd86     0x2abb build/tasks.o
 .debug_line    0x0000000000010841      0xceb build/timers.o
 .debug_line    0x000000000001152c     0x2c4c build/cmsis_os2.o
 .debug_line    0x0000000000014178      0x573 build/heap_4.o
 .debug_line    0x00000000000146eb      0x580 build/port.o
 .debug_line    0x0000000000014c6b       0x75 build/startup_stm32f103xb.o
 .debug_line    0x0000000000014ce0      0x13f /usr/lib/gcc/arm-none-eabi/10.3.1/../../../arm-none-eabi/lib/thumb/v7-m/nofp/libc_nano.a(lib_a-init.o)
 .debug_line    0x0000000000014e1f       0xc1 /usr/lib/gcc/arm-none-eabi/10.3.1/../../../arm-none-eabi/lib/thumb/v7-m/nofp/libc_nano.a(lib_a-memcpy.o)
 .debug_line    0x0000000000014ee0      0x1bf /usr/lib/gcc/arm-none-eabi/10.3.1/../../../arm-none-eabi/lib/thumb/v7-m/nofp/libc_nano.a(lib_a-memset.o)

.debug_str      0x0000000000000000     0x692c
 .debug_str     0x0000000000000000      0x7e4 build/main.o
                                        0x896 (size before relaxing)
 .debug_str     0x00000000000007e4       0xde build/gpio.o
                                        0x257 (size before relaxing)
 .debug_str     0x00000000000008c2      0x5d2 build/freertos.o
                                        0x757 (size before relaxing)
 .debug_str     0x0000000000000e94      0x30c build/dma.o
                                        0x4c5 (size before relaxing)
 .debug_str     0x00000000000011a0      0x16a build/tim.o
                                        0xb9d (size before relaxing)
 .debug_str     0x000000000000130a      0x251 build/usart.o
                                        0x9b3 (size before relaxing)
 .debug_str     0x000000000000155b      0x144 build/stm32f1xx_it.o
                                        0x97c (size before relaxing)
 .debug_str     0x000000000000169f       0x29 build/stm32f1xx_hal_msp.o
                                        0x4c0 (size before relaxing)
 .debug_str     0x00000000000016c8      0x100 build/stm32f1xx_hal_timebase_tim.o
                                        0xae7 (size before relaxing)
 .debug_str     0x00000000000017c8      0x2c5 build/stm32f1xx_hal.o
                                        0x809 (size before relaxing)
 .debug_str     0x0000000000001a8d      0x1d7 build/stm32f1xx_hal_rcc.o
                                        0x5fb (size before relaxing)
 .debug_str     0x0000000000001c64      0x117 build/stm32f1xx_hal_gpio.o
                                        0x3da (size before relaxing)
 .debug_str     0x0000000000001d7b      0x208 build/stm32f1xx_hal_dma.o
                                        0x5e2 (size before relaxing)
 .debug_str     0x0000000000001f83      0x388 build/stm32f1xx_hal_cortex.o
                                        0x8a4 (size before relaxing)
 .debug_str     0x000000000000230b      0xe34 build/stm32f1xx_hal_tim.o
                                       0x1612 (size before relaxing)
 .debug_str     0x000000000000313f      0x521 build/stm32f1xx_hal_tim_ex.o
                                        0xe13 (size before relaxing)
 .debug_str     0x0000000000003660      0x5ce build/stm32f1xx_hal_uart.o
                                        0xc5e (size before relaxing)
 .debug_str     0x0000000000003c2e       0x4f build/system_stm32f1xx.o
                                        0x22f (size before relaxing)
 .debug_str     0x0000000000003c7d      0x136 build/list.o
                                        0x2da (size before relaxing)
 .debug_str     0x0000000000003db3      0x998 build/queue.o
                                        0xc45 (size before relaxing)
 .debug_str     0x000000000000474b      0xbb9 build/tasks.o
                                       0x123f (size before relaxing)
 .debug_str     0x0000000000005304      0x5a9 build/timers.o
                                        0xbc1 (size before relaxing)
 .debug_str     0x00000000000058ad      0xa52 build/cmsis_os2.o
                                       0x18b1 (size before relaxing)
 .debug_str     0x00000000000062ff      0x1d5 build/heap_4.o
                                        0x3b9 (size before relaxing)
 .debug_str     0x00000000000064d4      0x17d build/port.o
                                        0x43c (size before relaxing)
 .debug_str     0x0000000000006651       0x22 build/startup_stm32f103xb.o
                                         0x61 (size before relaxing)
 .debug_str     0x0000000000006673      0x161 /usr/lib/gcc/arm-none-eabi/10.3.1/../../../arm-none-eabi/lib/thumb/v7-m/nofp/libc_nano.a(lib_a-init.o)
                                        0x203 (size before relaxing)
 .debug_str     0x00000000000067d4       0xb2 /usr/lib/gcc/arm-none-eabi/10.3.1/../../../arm-none-eabi/lib/thumb/v7-m/nofp/libc_nano.a(lib_a-memcpy.o)
 .debug_str     0x0000000000006886       0xa6 /usr/lib/gcc/arm-none-eabi/10.3.1/../../../arm-none-eabi/lib/thumb/v7-m/nofp/libc_nano.a(lib_a-memset.o)
                                        0x1b8 (size before relaxing)

.debug_frame    0x0000000000000000     0x36e4
 .debug_frame   0x0000000000000000       0x70 build/main.o
 .debug_frame   0x0000000000000070       0x30 build/gpio.o
 .debug_frame   0x00000000000000a0       0x40 build/freertos.o
 .debug_frame   0x00000000000000e0       0x2c build/dma.o
 .debug_frame   0x000000000000010c       0xa8 build/tim.o
 .debug_frame   0x00000000000001b4       0x64 build/usart.o
 .debug_frame   0x0000000000000218      0x118 build/stm32f1xx_it.o
 .debug_frame   0x0000000000000330       0x2c build/stm32f1xx_hal_msp.o
 .debug_frame   0x000000000000035c       0x54 build/stm32f1xx_hal_timebase_tim.o
 .debug_frame   0x00000000000003b0      0x1cc build/stm32f1xx_hal.o
 .debug_frame   0x000000000000057c      0x190 build/stm32f1xx_hal_rcc.o
 .debug_frame   0x000000000000070c       0xe4 build/stm32f1xx_hal_gpio.o
 .debug_frame   0x00000000000007f0      0x144 build/stm32f1xx_hal_dma.o
 .debug_frame   0x0000000000000934      0x118 build/stm32f1xx_hal_cortex.o
 .debug_frame   0x0000000000000a4c      0xb18 build/stm32f1xx_hal_tim.o
 .debug_frame   0x0000000000001564      0x40c build/stm32f1xx_hal_tim_ex.o
 .debug_frame   0x0000000000001970      0x5c4 build/stm32f1xx_hal_uart.o
 .debug_frame   0x0000000000001f34       0x30 build/system_stm32f1xx.o
 .debug_frame   0x0000000000001f64       0x70 build/list.o
 .debug_frame   0x0000000000001fd4      0x458 build/queue.o
 .debug_frame   0x000000000000242c      0x660 build/tasks.o
 .debug_frame   0x0000000000002a8c      0x2c4 build/timers.o
 .debug_frame   0x0000000000002d50      0x79c build/cmsis_os2.o
 .debug_frame   0x00000000000034ec       0xb0 build/heap_4.o
 .debug_frame   0x000000000000359c       0xf0 build/port.o
 .debug_frame   0x000000000000368c       0x2c /usr/lib/gcc/arm-none-eabi/10.3.1/../../../arm-none-eabi/lib/thumb/v7-m/nofp/libc_nano.a(lib_a-init.o)
 .debug_frame   0x00000000000036b8       0x2c /usr/lib/gcc/arm-none-eabi/10.3.1/../../../arm-none-eabi/lib/thumb/v7-m/nofp/libc_nano.a(lib_a-memset.o)

Cross Reference Table

Symbol                                            File
ADC1_2_IRQHandler                                 build/startup_stm32f103xb.o
AHBPrescTable                                     build/system_stm32f1xx.o
                                                  build/stm32f1xx_hal_rcc.o
APBPrescTable                                     build/system_stm32f1xx.o
                                                  build/stm32f1xx_hal_rcc.o
BusFault_Handler                                  build/stm32f1xx_it.o
CAN1_RX1_IRQHandler                               build/startup_stm32f103xb.o
CAN1_SCE_IRQHandler                               build/startup_stm32f103xb.o
DMA1_Channel1_IRQHandler                          build/startup_stm32f103xb.o
DMA1_Channel2_IRQHandler                          build/startup_stm32f103xb.o
DMA1_Channel3_IRQHandler                          build/startup_stm32f103xb.o
DMA1_Channel4_IRQHandler                          build/startup_stm32f103xb.o
DMA1_Channel5_IRQHandler                          build/startup_stm32f103xb.o
DMA1_Channel6_IRQHandler                          build/stm32f1xx_it.o
DMA1_Channel7_IRQHandler                          build/stm32f1xx_it.o
DebugMon_Handler                                  build/stm32f1xx_it.o
Default_Handler                                   build/startup_stm32f103xb.o
EXTI0_IRQHandler                                  build/startup_stm32f103xb.o
EXTI15_10_IRQHandler                              build/startup_stm32f103xb.o
EXTI1_IRQHandler                                  build/startup_stm32f103xb.o
EXTI2_IRQHandler                                  build/startup_stm32f103xb.o
EXTI3_IRQHandler                                  build/startup_stm32f103xb.o
EXTI4_IRQHandler                                  build/startup_stm32f103xb.o
EXTI9_5_IRQHandler                                build/startup_stm32f103xb.o
Error_Handler                                     build/main.o
                                                  build/usart.o
                                                  build/tim.o
FLASH_IRQHandler                                  build/startup_stm32f103xb.o
FLASH_PageErase                                   build/stm32f1xx_hal_flash_ex.o
                                                  build/stm32f1xx_hal_flash.o
FLASH_WaitForLastOperation                        build/stm32f1xx_hal_flash.o
                                                  build/stm32f1xx_hal_flash_ex.o
HAL_DBGMCU_DisableDBGSleepMode                    build/stm32f1xx_hal.o
HAL_DBGMCU_DisableDBGStandbyMode                  build/stm32f1xx_hal.o
HAL_DBGMCU_DisableDBGStopMode                     build/stm32f1xx_hal.o
HAL_DBGMCU_EnableDBGSleepMode                     build/stm32f1xx_hal.o
HAL_DBGMCU_EnableDBGStandbyMode                   build/stm32f1xx_hal.o
HAL_DBGMCU_EnableDBGStopMode                      build/stm32f1xx_hal.o
HAL_DMA_Abort                                     build/stm32f1xx_hal_dma.o
                                                  build/stm32f1xx_hal_uart.o
HAL_DMA_Abort_IT                                  build/stm32f1xx_hal_dma.o
                                                  build/stm32f1xx_hal_uart.o
                                                  build/stm32f1xx_hal_tim_ex.o
                                                  build/stm32f1xx_hal_tim.o
HAL_DMA_DeInit                                    build/stm32f1xx_hal_dma.o
                                                  build/usart.o
HAL_DMA_GetError                                  build/stm32f1xx_hal_dma.o
                                                  build/stm32f1xx_hal_uart.o
HAL_DMA_GetState                                  build/stm32f1xx_hal_dma.o
HAL_DMA_IRQHandler                                build/stm32f1xx_hal_dma.o
                                                  build/stm32f1xx_it.o
HAL_DMA_Init                                      build/stm32f1xx_hal_dma.o
                                                  build/usart.o
HAL_DMA_PollForTransfer                           build/stm32f1xx_hal_dma.o
HAL_DMA_RegisterCallback                          build/stm32f1xx_hal_dma.o
HAL_DMA_Start                                     build/stm32f1xx_hal_dma.o
HAL_DMA_Start_IT                                  build/stm32f1xx_hal_dma.o
                                                  build/stm32f1xx_hal_uart.o
                                                  build/stm32f1xx_hal_tim_ex.o
                                                  build/stm32f1xx_hal_tim.o
HAL_DMA_UnRegisterCallback                        build/stm32f1xx_hal_dma.o
HAL_DeInit                                        build/stm32f1xx_hal.o
HAL_Delay                                         build/stm32f1xx_hal.o
HAL_EXTI_ClearConfigLine                          build/stm32f1xx_hal_exti.o
HAL_EXTI_ClearPending                             build/stm32f1xx_hal_exti.o
HAL_EXTI_GenerateSWI                              build/stm32f1xx_hal_exti.o
HAL_EXTI_GetConfigLine                            build/stm32f1xx_hal_exti.o
HAL_EXTI_GetHandle                                build/stm32f1xx_hal_exti.o
HAL_EXTI_GetPending                               build/stm32f1xx_hal_exti.o
HAL_EXTI_IRQHandler                               build/stm32f1xx_hal_exti.o
HAL_EXTI_RegisterCallback                         build/stm32f1xx_hal_exti.o
HAL_EXTI_SetConfigLine                            build/stm32f1xx_hal_exti.o
HAL_FLASHEx_Erase                                 build/stm32f1xx_hal_flash_ex.o
HAL_FLASHEx_Erase_IT                              build/stm32f1xx_hal_flash_ex.o
HAL_FLASHEx_OBErase                               build/stm32f1xx_hal_flash_ex.o
HAL_FLASHEx_OBGetConfig                           build/stm32f1xx_hal_flash_ex.o
HAL_FLASHEx_OBGetUserData                         build/stm32f1xx_hal_flash_ex.o
HAL_FLASHEx_OBProgram                             build/stm32f1xx_hal_flash_ex.o
HAL_FLASH_EndOfOperationCallback                  build/stm32f1xx_hal_flash.o
HAL_FLASH_GetError                                build/stm32f1xx_hal_flash.o
HAL_FLASH_IRQHandler                              build/stm32f1xx_hal_flash.o
HAL_FLASH_Lock                                    build/stm32f1xx_hal_flash.o
HAL_FLASH_OB_Launch                               build/stm32f1xx_hal_flash.o
HAL_FLASH_OB_Lock                                 build/stm32f1xx_hal_flash.o
HAL_FLASH_OB_Unlock                               build/stm32f1xx_hal_flash.o
HAL_FLASH_OperationErrorCallback                  build/stm32f1xx_hal_flash.o
HAL_FLASH_Program                                 build/stm32f1xx_hal_flash.o
HAL_FLASH_Program_IT                              build/stm32f1xx_hal_flash.o
HAL_FLASH_Unlock                                  build/stm32f1xx_hal_flash.o
HAL_GPIOEx_ConfigEventout                         build/stm32f1xx_hal_gpio_ex.o
HAL_GPIOEx_DisableEventout                        build/stm32f1xx_hal_gpio_ex.o
HAL_GPIOEx_EnableEventout                         build/stm32f1xx_hal_gpio_ex.o
HAL_GPIO_DeInit                                   build/stm32f1xx_hal_gpio.o
                                                  build/usart.o
                                                  build/tim.o
HAL_GPIO_EXTI_Callback                            build/stm32f1xx_hal_gpio.o
HAL_GPIO_EXTI_IRQHandler                          build/stm32f1xx_hal_gpio.o
HAL_GPIO_Init                                     build/stm32f1xx_hal_gpio.o
                                                  build/stm32f1xx_hal_rcc.o
                                                  build/usart.o
                                                  build/tim.o
                                                  build/gpio.o
HAL_GPIO_LockPin                                  build/stm32f1xx_hal_gpio.o
HAL_GPIO_ReadPin                                  build/stm32f1xx_hal_gpio.o
HAL_GPIO_TogglePin                                build/stm32f1xx_hal_gpio.o
HAL_GPIO_WritePin                                 build/stm32f1xx_hal_gpio.o
                                                  build/gpio.o
HAL_GetDEVID                                      build/stm32f1xx_hal.o
HAL_GetHalVersion                                 build/stm32f1xx_hal.o
HAL_GetREVID                                      build/stm32f1xx_hal.o
HAL_GetTick                                       build/stm32f1xx_hal.o
                                                  build/stm32f1xx_hal_uart.o
                                                  build/stm32f1xx_hal_flash.o
                                                  build/stm32f1xx_hal_dma.o
                                                  build/stm32f1xx_hal_rcc_ex.o
                                                  build/stm32f1xx_hal_rcc.o
HAL_GetTickFreq                                   build/stm32f1xx_hal.o
HAL_GetTickPrio                                   build/stm32f1xx_hal.o
HAL_GetUIDw0                                      build/stm32f1xx_hal.o
HAL_GetUIDw1                                      build/stm32f1xx_hal.o
HAL_GetUIDw2                                      build/stm32f1xx_hal.o
HAL_HalfDuplex_EnableReceiver                     build/stm32f1xx_hal_uart.o
HAL_HalfDuplex_EnableTransmitter                  build/stm32f1xx_hal_uart.o
HAL_HalfDuplex_Init                               build/stm32f1xx_hal_uart.o
HAL_IncTick                                       build/stm32f1xx_hal.o
                                                  build/main.o
HAL_Init                                          build/stm32f1xx_hal.o
                                                  build/main.o
HAL_InitTick                                      build/stm32f1xx_hal_timebase_tim.o
                                                  build/stm32f1xx_hal_rcc.o
HAL_LIN_Init                                      build/stm32f1xx_hal_uart.o
HAL_LIN_SendBreak                                 build/stm32f1xx_hal_uart.o
HAL_MspDeInit                                     build/stm32f1xx_hal.o
HAL_MspInit                                       build/stm32f1xx_hal_msp.o
HAL_MultiProcessor_EnterMuteMode                  build/stm32f1xx_hal_uart.o
HAL_MultiProcessor_ExitMuteMode                   build/stm32f1xx_hal_uart.o
HAL_MultiProcessor_Init                           build/stm32f1xx_hal_uart.o
HAL_NVIC_ClearPendingIRQ                          build/stm32f1xx_hal_cortex.o
HAL_NVIC_DisableIRQ                               build/stm32f1xx_hal_cortex.o
                                                  build/usart.o
                                                  build/tim.o
HAL_NVIC_EnableIRQ                                build/stm32f1xx_hal_cortex.o
                                                  build/stm32f1xx_hal_timebase_tim.o
                                                  build/usart.o
                                                  build/tim.o
                                                  build/dma.o
HAL_NVIC_GetActive                                build/stm32f1xx_hal_cortex.o
HAL_NVIC_GetPendingIRQ                            build/stm32f1xx_hal_cortex.o
HAL_NVIC_GetPriority                              build/stm32f1xx_hal_cortex.o
HAL_NVIC_GetPriorityGrouping                      build/stm32f1xx_hal_cortex.o
HAL_NVIC_SetPendingIRQ                            build/stm32f1xx_hal_cortex.o
HAL_NVIC_SetPriority                              build/stm32f1xx_hal_cortex.o
                                                  build/stm32f1xx_hal.o
                                                  build/stm32f1xx_hal_timebase_tim.o
                                                  build/stm32f1xx_hal_msp.o
                                                  build/usart.o
                                                  build/tim.o
                                                  build/dma.o
HAL_NVIC_SetPriorityGrouping                      build/stm32f1xx_hal_cortex.o
                                                  build/stm32f1xx_hal.o
HAL_NVIC_SystemReset                              build/stm32f1xx_hal_cortex.o
                                                  build/stm32f1xx_hal_flash.o
HAL_PWR_ConfigPVD                                 build/stm32f1xx_hal_pwr.o
HAL_PWR_DeInit                                    build/stm32f1xx_hal_pwr.o
HAL_PWR_DisableBkUpAccess                         build/stm32f1xx_hal_pwr.o
HAL_PWR_DisablePVD                                build/stm32f1xx_hal_pwr.o
HAL_PWR_DisableSEVOnPend                          build/stm32f1xx_hal_pwr.o
HAL_PWR_DisableSleepOnExit                        build/stm32f1xx_hal_pwr.o
HAL_PWR_DisableWakeUpPin                          build/stm32f1xx_hal_pwr.o
HAL_PWR_EnableBkUpAccess                          build/stm32f1xx_hal_pwr.o
HAL_PWR_EnablePVD                                 build/stm32f1xx_hal_pwr.o
HAL_PWR_EnableSEVOnPend                           build/stm32f1xx_hal_pwr.o
HAL_PWR_EnableSleepOnExit                         build/stm32f1xx_hal_pwr.o
HAL_PWR_EnableWakeUpPin                           build/stm32f1xx_hal_pwr.o
HAL_PWR_EnterSLEEPMode                            build/stm32f1xx_hal_pwr.o
HAL_PWR_EnterSTANDBYMode                          build/stm32f1xx_hal_pwr.o
HAL_PWR_EnterSTOPMode                             build/stm32f1xx_hal_pwr.o
HAL_PWR_PVDCallback                               build/stm32f1xx_hal_pwr.o
HAL_PWR_PVD_IRQHandler                            build/stm32f1xx_hal_pwr.o
HAL_RCCEx_GetPeriphCLKConfig                      build/stm32f1xx_hal_rcc_ex.o
HAL_RCCEx_GetPeriphCLKFreq                        build/stm32f1xx_hal_rcc_ex.o
HAL_RCCEx_PeriphCLKConfig                         build/stm32f1xx_hal_rcc_ex.o
HAL_RCC_CSSCallback                               build/stm32f1xx_hal_rcc.o
HAL_RCC_ClockConfig                               build/stm32f1xx_hal_rcc.o
                                                  build/main.o
HAL_RCC_DeInit                                    build/stm32f1xx_hal_rcc.o
HAL_RCC_DisableCSS                                build/stm32f1xx_hal_rcc.o
HAL_RCC_EnableCSS                                 build/stm32f1xx_hal_rcc.o
HAL_RCC_GetClockConfig                            build/stm32f1xx_hal_rcc.o
                                                  build/stm32f1xx_hal_timebase_tim.o
HAL_RCC_GetHCLKFreq                               build/stm32f1xx_hal_rcc.o
HAL_RCC_GetOscConfig                              build/stm32f1xx_hal_rcc.o
HAL_RCC_GetPCLK1Freq                              build/stm32f1xx_hal_rcc.o
                                                  build/stm32f1xx_hal_uart.o
HAL_RCC_GetPCLK2Freq                              build/stm32f1xx_hal_rcc.o
                                                  build/stm32f1xx_hal_uart.o
                                                  build/stm32f1xx_hal_rcc_ex.o
                                                  build/stm32f1xx_hal_timebase_tim.o
HAL_RCC_GetSysClockFreq                           build/stm32f1xx_hal_rcc.o
HAL_RCC_MCOConfig                                 build/stm32f1xx_hal_rcc.o
HAL_RCC_NMI_IRQHandler                            build/stm32f1xx_hal_rcc.o
HAL_RCC_OscConfig                                 build/stm32f1xx_hal_rcc.o
                                                  build/main.o
HAL_ResumeTick                                    build/stm32f1xx_hal_timebase_tim.o
HAL_SYSTICK_CLKSourceConfig                       build/stm32f1xx_hal_cortex.o
HAL_SYSTICK_Callback                              build/stm32f1xx_hal_cortex.o
HAL_SYSTICK_Config                                build/stm32f1xx_hal_cortex.o
                                                  build/stm32f1xx_hal.o
HAL_SYSTICK_IRQHandler                            build/stm32f1xx_hal_cortex.o
HAL_SetTickFreq                                   build/stm32f1xx_hal.o
HAL_SuspendTick                                   build/stm32f1xx_hal_timebase_tim.o
HAL_TIMEx_BreakCallback                           build/stm32f1xx_hal_tim_ex.o
                                                  build/stm32f1xx_hal_tim.o
HAL_TIMEx_CommutCallback                          build/stm32f1xx_hal_tim_ex.o
                                                  build/stm32f1xx_hal_tim.o
HAL_TIMEx_CommutHalfCpltCallback                  build/stm32f1xx_hal_tim_ex.o
HAL_TIMEx_ConfigBreakDeadTime                     build/stm32f1xx_hal_tim_ex.o
HAL_TIMEx_ConfigCommutEvent                       build/stm32f1xx_hal_tim_ex.o
HAL_TIMEx_ConfigCommutEvent_DMA                   build/stm32f1xx_hal_tim_ex.o
HAL_TIMEx_ConfigCommutEvent_IT                    build/stm32f1xx_hal_tim_ex.o
HAL_TIMEx_GetChannelNState                        build/stm32f1xx_hal_tim_ex.o
HAL_TIMEx_HallSensor_DeInit                       build/stm32f1xx_hal_tim_ex.o
HAL_TIMEx_HallSensor_GetState                     build/stm32f1xx_hal_tim_ex.o
HAL_TIMEx_HallSensor_Init                         build/stm32f1xx_hal_tim_ex.o
HAL_TIMEx_HallSensor_MspDeInit                    build/stm32f1xx_hal_tim_ex.o
HAL_TIMEx_HallSensor_MspInit                      build/stm32f1xx_hal_tim_ex.o
HAL_TIMEx_HallSensor_Start                        build/stm32f1xx_hal_tim_ex.o
HAL_TIMEx_HallSensor_Start_DMA                    build/stm32f1xx_hal_tim_ex.o
HAL_TIMEx_HallSensor_Start_IT                     build/stm32f1xx_hal_tim_ex.o
HAL_TIMEx_HallSensor_Stop                         build/stm32f1xx_hal_tim_ex.o
HAL_TIMEx_HallSensor_Stop_DMA                     build/stm32f1xx_hal_tim_ex.o
HAL_TIMEx_HallSensor_Stop_IT                      build/stm32f1xx_hal_tim_ex.o
HAL_TIMEx_MasterConfigSynchronization             build/stm32f1xx_hal_tim_ex.o
                                                  build/tim.o
HAL_TIMEx_OCN_Start                               build/stm32f1xx_hal_tim_ex.o
HAL_TIMEx_OCN_Start_DMA                           build/stm32f1xx_hal_tim_ex.o
HAL_TIMEx_OCN_Start_IT                            build/stm32f1xx_hal_tim_ex.o
HAL_TIMEx_OCN_Stop                                build/stm32f1xx_hal_tim_ex.o
HAL_TIMEx_OCN_Stop_DMA                            build/stm32f1xx_hal_tim_ex.o
HAL_TIMEx_OCN_Stop_IT                             build/stm32f1xx_hal_tim_ex.o
HAL_TIMEx_OnePulseN_Start                         build/stm32f1xx_hal_tim_ex.o
HAL_TIMEx_OnePulseN_Start_IT                      build/stm32f1xx_hal_tim_ex.o
HAL_TIMEx_OnePulseN_Stop                          build/stm32f1xx_hal_tim_ex.o
HAL_TIMEx_OnePulseN_Stop_IT                       build/stm32f1xx_hal_tim_ex.o
HAL_TIMEx_PWMN_Start                              build/stm32f1xx_hal_tim_ex.o
HAL_TIMEx_PWMN_Start_DMA                          build/stm32f1xx_hal_tim_ex.o
HAL_TIMEx_PWMN_Start_IT                           build/stm32f1xx_hal_tim_ex.o
HAL_TIMEx_PWMN_Stop                               build/stm32f1xx_hal_tim_ex.o
HAL_TIMEx_PWMN_Stop_DMA                           build/stm32f1xx_hal_tim_ex.o
HAL_TIMEx_PWMN_Stop_IT                            build/stm32f1xx_hal_tim_ex.o
HAL_TIMEx_RemapConfig                             build/stm32f1xx_hal_tim_ex.o
HAL_TIM_Base_DeInit                               build/stm32f1xx_hal_tim.o
HAL_TIM_Base_GetState                             build/stm32f1xx_hal_tim.o
HAL_TIM_Base_Init                                 build/stm32f1xx_hal_tim.o
                                                  build/stm32f1xx_hal_timebase_tim.o
HAL_TIM_Base_MspDeInit                            build/stm32f1xx_hal_tim.o
HAL_TIM_Base_MspInit                              build/stm32f1xx_hal_tim.o
HAL_TIM_Base_Start                                build/stm32f1xx_hal_tim.o
HAL_TIM_Base_Start_DMA                            build/stm32f1xx_hal_tim.o
HAL_TIM_Base_Start_IT                             build/stm32f1xx_hal_tim.o
                                                  build/stm32f1xx_hal_timebase_tim.o
HAL_TIM_Base_Stop                                 build/stm32f1xx_hal_tim.o
HAL_TIM_Base_Stop_DMA                             build/stm32f1xx_hal_tim.o
HAL_TIM_Base_Stop_IT                              build/stm32f1xx_hal_tim.o
HAL_TIM_ConfigClockSource                         build/stm32f1xx_hal_tim.o
HAL_TIM_ConfigOCrefClear                          build/stm32f1xx_hal_tim.o
HAL_TIM_ConfigTI1Input                            build/stm32f1xx_hal_tim.o
HAL_TIM_DMABurstState                             build/stm32f1xx_hal_tim.o
HAL_TIM_DMABurst_MultiReadStart                   build/stm32f1xx_hal_tim.o
HAL_TIM_DMABurst_MultiWriteStart                  build/stm32f1xx_hal_tim.o
HAL_TIM_DMABurst_ReadStart                        build/stm32f1xx_hal_tim.o
HAL_TIM_DMABurst_ReadStop                         build/stm32f1xx_hal_tim.o
HAL_TIM_DMABurst_WriteStart                       build/stm32f1xx_hal_tim.o
HAL_TIM_DMABurst_WriteStop                        build/stm32f1xx_hal_tim.o
HAL_TIM_Encoder_DeInit                            build/stm32f1xx_hal_tim.o
HAL_TIM_Encoder_GetState                          build/stm32f1xx_hal_tim.o
HAL_TIM_Encoder_Init                              build/stm32f1xx_hal_tim.o
HAL_TIM_Encoder_MspDeInit                         build/stm32f1xx_hal_tim.o
HAL_TIM_Encoder_MspInit                           build/stm32f1xx_hal_tim.o
HAL_TIM_Encoder_Start                             build/stm32f1xx_hal_tim.o
HAL_TIM_Encoder_Start_DMA                         build/stm32f1xx_hal_tim.o
HAL_TIM_Encoder_Start_IT                          build/stm32f1xx_hal_tim.o
HAL_TIM_Encoder_Stop                              build/stm32f1xx_hal_tim.o
HAL_TIM_Encoder_Stop_DMA                          build/stm32f1xx_hal_tim.o
HAL_TIM_Encoder_Stop_IT                           build/stm32f1xx_hal_tim.o
HAL_TIM_ErrorCallback                             build/stm32f1xx_hal_tim.o
                                                  build/stm32f1xx_hal_tim_ex.o
HAL_TIM_GenerateEvent                             build/stm32f1xx_hal_tim.o
HAL_TIM_GetActiveChannel                          build/stm32f1xx_hal_tim.o
HAL_TIM_GetChannelState                           build/stm32f1xx_hal_tim.o
HAL_TIM_IC_CaptureCallback                        build/stm32f1xx_hal_tim.o
HAL_TIM_IC_CaptureHalfCpltCallback                build/stm32f1xx_hal_tim.o
HAL_TIM_IC_ConfigChannel                          build/stm32f1xx_hal_tim.o
                                                  build/tim.o
HAL_TIM_IC_DeInit                                 build/stm32f1xx_hal_tim.o
HAL_TIM_IC_GetState                               build/stm32f1xx_hal_tim.o
HAL_TIM_IC_Init                                   build/stm32f1xx_hal_tim.o
                                                  build/tim.o
HAL_TIM_IC_MspDeInit                              build/tim.o
HAL_TIM_IC_MspInit                                build/tim.o
HAL_TIM_IC_Start                                  build/stm32f1xx_hal_tim.o
HAL_TIM_IC_Start_DMA                              build/stm32f1xx_hal_tim.o
HAL_TIM_IC_Start_IT                               build/stm32f1xx_hal_tim.o
HAL_TIM_IC_Stop                                   build/stm32f1xx_hal_tim.o
HAL_TIM_IC_Stop_DMA                               build/stm32f1xx_hal_tim.o
HAL_TIM_IC_Stop_IT                                build/stm32f1xx_hal_tim.o
HAL_TIM_IRQHandler                                build/stm32f1xx_hal_tim.o
                                                  build/stm32f1xx_it.o
HAL_TIM_OC_ConfigChannel                          build/stm32f1xx_hal_tim.o
HAL_TIM_OC_DeInit                                 build/stm32f1xx_hal_tim.o
HAL_TIM_OC_DelayElapsedCallback                   build/stm32f1xx_hal_tim.o
HAL_TIM_OC_GetState                               build/stm32f1xx_hal_tim.o
HAL_TIM_OC_Init                                   build/stm32f1xx_hal_tim.o
HAL_TIM_OC_MspDeInit                              build/stm32f1xx_hal_tim.o
HAL_TIM_OC_MspInit                                build/stm32f1xx_hal_tim.o
HAL_TIM_OC_Start                                  build/stm32f1xx_hal_tim.o
HAL_TIM_OC_Start_DMA                              build/stm32f1xx_hal_tim.o
HAL_TIM_OC_Start_IT                               build/stm32f1xx_hal_tim.o
HAL_TIM_OC_Stop                                   build/stm32f1xx_hal_tim.o
HAL_TIM_OC_Stop_DMA                               build/stm32f1xx_hal_tim.o
HAL_TIM_OC_Stop_IT                                build/stm32f1xx_hal_tim.o
HAL_TIM_OnePulse_ConfigChannel                    build/stm32f1xx_hal_tim.o
HAL_TIM_OnePulse_DeInit                           build/stm32f1xx_hal_tim.o
HAL_TIM_OnePulse_GetState                         build/stm32f1xx_hal_tim.o
HAL_TIM_OnePulse_Init                             build/stm32f1xx_hal_tim.o
HAL_TIM_OnePulse_MspDeInit                        build/stm32f1xx_hal_tim.o
HAL_TIM_OnePulse_MspInit                          build/stm32f1xx_hal_tim.o
HAL_TIM_OnePulse_Start                            build/stm32f1xx_hal_tim.o
HAL_TIM_OnePulse_Start_IT                         build/stm32f1xx_hal_tim.o
HAL_TIM_OnePulse_Stop                             build/stm32f1xx_hal_tim.o
HAL_TIM_OnePulse_Stop_IT                          build/stm32f1xx_hal_tim.o
HAL_TIM_PWM_ConfigChannel                         build/stm32f1xx_hal_tim.o
HAL_TIM_PWM_DeInit                                build/stm32f1xx_hal_tim.o
HAL_TIM_PWM_GetState                              build/stm32f1xx_hal_tim.o
HAL_TIM_PWM_Init                                  build/stm32f1xx_hal_tim.o
HAL_TIM_PWM_MspDeInit                             build/stm32f1xx_hal_tim.o
HAL_TIM_PWM_MspInit                               build/stm32f1xx_hal_tim.o
HAL_TIM_PWM_PulseFinishedCallback                 build/stm32f1xx_hal_tim.o
                                                  build/stm32f1xx_hal_tim_ex.o
HAL_TIM_PWM_PulseFinishedHalfCpltCallback         build/stm32f1xx_hal_tim.o
HAL_TIM_PWM_Start                                 build/stm32f1xx_hal_tim.o
HAL_TIM_PWM_Start_DMA                             build/stm32f1xx_hal_tim.o
HAL_TIM_PWM_Start_IT                              build/stm32f1xx_hal_tim.o
HAL_TIM_PWM_Stop                                  build/stm32f1xx_hal_tim.o
HAL_TIM_PWM_Stop_DMA                              build/stm32f1xx_hal_tim.o
HAL_TIM_PWM_Stop_IT                               build/stm32f1xx_hal_tim.o
HAL_TIM_PeriodElapsedCallback                     build/main.o
HAL_TIM_PeriodElapsedHalfCpltCallback             build/stm32f1xx_hal_tim.o
HAL_TIM_ReadCapturedValue                         build/stm32f1xx_hal_tim.o
HAL_TIM_SlaveConfigSynchro                        build/stm32f1xx_hal_tim.o
HAL_TIM_SlaveConfigSynchro_IT                     build/stm32f1xx_hal_tim.o
HAL_TIM_TriggerCallback                           build/stm32f1xx_hal_tim.o
HAL_TIM_TriggerHalfCpltCallback                   build/stm32f1xx_hal_tim.o
HAL_UARTEx_ReceiveToIdle                          build/stm32f1xx_hal_uart.o
HAL_UARTEx_ReceiveToIdle_DMA                      build/stm32f1xx_hal_uart.o
HAL_UARTEx_ReceiveToIdle_IT                       build/stm32f1xx_hal_uart.o
HAL_UARTEx_RxEventCallback                        build/stm32f1xx_hal_uart.o
HAL_UART_Abort                                    build/stm32f1xx_hal_uart.o
HAL_UART_AbortCpltCallback                        build/stm32f1xx_hal_uart.o
HAL_UART_AbortReceive                             build/stm32f1xx_hal_uart.o
HAL_UART_AbortReceiveCpltCallback                 build/stm32f1xx_hal_uart.o
HAL_UART_AbortReceive_IT                          build/stm32f1xx_hal_uart.o
HAL_UART_AbortTransmit                            build/stm32f1xx_hal_uart.o
HAL_UART_AbortTransmitCpltCallback                build/stm32f1xx_hal_uart.o
HAL_UART_AbortTransmit_IT                         build/stm32f1xx_hal_uart.o
HAL_UART_Abort_IT                                 build/stm32f1xx_hal_uart.o
HAL_UART_DMAPause                                 build/stm32f1xx_hal_uart.o
HAL_UART_DMAResume                                build/stm32f1xx_hal_uart.o
HAL_UART_DMAStop                                  build/stm32f1xx_hal_uart.o
HAL_UART_DeInit                                   build/stm32f1xx_hal_uart.o
HAL_UART_ErrorCallback                            build/stm32f1xx_hal_uart.o
HAL_UART_GetError                                 build/stm32f1xx_hal_uart.o
HAL_UART_GetState                                 build/stm32f1xx_hal_uart.o
HAL_UART_IRQHandler                               build/stm32f1xx_hal_uart.o
                                                  build/stm32f1xx_it.o